== lake build Openmath.Proofs.ParabolaBarrier104 (leanprover/lean4:v4.33.1)
WITHOUT WARRANTIES OR CONDITIONS OF ANY KIND, either express or implied.
See the License for the specific language governing permissions and
limitations under the License.
-/

Note: This linter can be disabled with `set_option linter.style.copyright.formalConjectures false`
warning: Openmath/Proofs/ParabolaBarrier104.lean:1:0: The copyright header is incorrect. Please copy and paste the following one:
/-
Copyright 2026 The Formal Conjectures Authors.

Licensed under the Apache License, Version 2.0 (the "License");
you may not use this file except in compliance with the License.
You may obtain a copy of the License at

    https://www.apache.org/licenses/LICENSE-2.0

Unless required by applicable law or agreed to in writing, software
distributed under the License is distributed on an "AS IS" BASIS,
WITHOUT WARRANTIES OR CONDITIONS OF ANY KIND, either express or implied.
See the License for the specific language governing permissions and
limitations under the License.
-/

Note: This linter can be disabled with `set_option linter.style.copyright.formalConjectures false`
Build completed successfully (8955 jobs).
== sorry in Openmath/Proofs/ParabolaBarrier104.lean, comments ignored: 0
== axioms
'Erdos585.ParabolaBarrier104.arbitrary_polylog_barrier' depends on axioms: [propext, Classical.choice, Quot.sound]
RESULT: PASS build=ok sorry=0 axioms=[propext,Classical.choice,Quot.sound] disallowed=[]
