== copy the supplement's Lean files into Openmath/ 2026-10-06 16:21:34 EDT
copied 58 files; already present (not overwritten): 0 []
supplement declarations: 39; appendix-E declarations: 56; shared: 36
Erdos585.TwinCoreForcing.groupedGraph_hasPair_of_no_singletons	Openmath/Proofs/TwinCoreForcing.lean	RESULT: PASS build=ok sorry=0 axioms=[propext,Classical.choice,Quot.sound] disallowed=[]	exit 0	56 s
Erdos585.TwinNoSingleton.hasPair_of_no_singleton_twins	Openmath/Proofs/TwinNoSingleton.lean	RESULT: PASS build=ok sorry=0 axioms=[propext,Classical.choice,Quot.sound] disallowed=[]	exit 0	9 s
Erdos585.ParabolaBarrier104.arbitrary_polylog_barrier	Openmath/Proofs/ParabolaBarrier104.lean	RESULT: PASS build=ok sorry=0 axioms=[propext,Classical.choice,Quot.sound] disallowed=[]	exit 0	17 s
Erdos585.BipartiteEulerian.counterexample	Openmath/Proofs/BipartiteEulerian.lean	RESULT: PASS build=ok sorry=0 axioms=[propext,Classical.choice,Quot.sound] disallowed=[]	exit 0	11 s
Erdos585.BipartiteObstruction.missing_matching_three	Openmath/Proofs/BipartiteObstruction.lean	RESULT: PASS build=ok sorry=0 axioms=[propext,Classical.choice,Quot.sound] disallowed=[]	exit 0	6 s
Erdos585.BipartiteSeparation.counterexample	Openmath/Proofs/BipartiteSeparation.lean	RESULT: PASS build=ok sorry=0 axioms=[propext,Classical.choice,Quot.sound] disallowed=[]	exit 0	13 s
Erdos585.CoverTransfer.counterexample	Openmath/Proofs/CoverTransfer.lean	RESULT: PASS build=ok sorry=0 axioms=[propext,Classical.choice,Quot.sound] disallowed=[]	exit 0	27 s
Erdos585.Cubelike.card_le_three_of_avoiding	Openmath/Proofs/Cubelike.lean	RESULT: PASS build=ok sorry=0 axioms=[propext,Classical.choice,Quot.sound] disallowed=[]	exit 0	22 s
Erdos585.Cubelike.forest_certificate	Openmath/Proofs/Cubelike.lean	RESULT: PASS build=ok sorry=0 axioms=[propext,Classical.choice,Quot.sound] disallowed=[]	exit 0	6 s
Erdos585.Cubelike.hasPair_of_four	Openmath/Proofs/Cubelike.lean	RESULT: PASS build=ok sorry=0 axioms=[propext,Classical.choice,Quot.sound] disallowed=[]	exit 0	6 s
Erdos585.Cubelike.regular_gamma_cubelike	Openmath/Proofs/Cubelike.lean	RESULT: PASS build=ok sorry=0 axioms=[propext,Classical.choice,Quot.sound] disallowed=[]	exit 0	6 s
Erdos585.CubelikeForest.cycle_law_forest_of_certificate	Openmath/Proofs/CubelikeForest.lean	RESULT: PASS build=ok sorry=0 axioms=[propext,Classical.choice,Quot.sound] disallowed=[]	exit 0	3 s
Erdos585.CubelikeSplit.counterexample	Openmath/Proofs/CubelikeSplit.lean	RESULT: PASS build=ok sorry=0 axioms=[propext,Classical.choice,Quot.sound] disallowed=[]	exit 0	19 s
Erdos585.CubelikeWitness.hasPair_folded	Openmath/Proofs/CubelikeWitness.lean	RESULT: PASS build=ok sorry=0 axioms=[propext,Classical.choice,Quot.sound] disallowed=[]	exit 0	6 s
Erdos585.CubelikeWitness.hasPair_q4	Openmath/Proofs/CubelikeWitness.lean	RESULT: PASS build=ok sorry=0 axioms=[propext,Classical.choice,Quot.sound] disallowed=[]	exit 0	6 s
Erdos585.CycleLift.splitGraph_pairfree	Openmath/Proofs/CycleLift.lean	RESULT: PASS build=ok sorry=0 axioms=[propext,Classical.choice,Quot.sound] disallowed=[]	exit 0	10 s
Erdos585.DirectedState.counterexample	Openmath/Proofs/DirectedState.lean	RESULT: PASS build=ok sorry=0 axioms=[propext,Classical.choice,Quot.sound] disallowed=[]	exit 0	11 s
Erdos585.DirectedState.forced_of_two_six_cuts	Openmath/Proofs/DirectedState.lean	RESULT: PASS build=ok sorry=0 axioms=[propext,Classical.choice,Quot.sound] disallowed=[]	exit 0	6 s
Erdos585.FactorExchange.no_spanning_cycle	Openmath/Proofs/FactorExchange.lean	RESULT: PASS build=ok sorry=0 axioms=[propext,Classical.choice,Quot.sound] disallowed=[]	exit 0	10 s
Erdos585.Haar.rankThree_hasPair	Openmath/Proofs/Haar.lean	RESULT: PASS build=ok sorry=0 axioms=[propext,Classical.choice,Quot.sound] disallowed=[]	exit 0	6 s
Erdos585.HaarClassification.hasPair_of_four	Openmath/Proofs/HaarClassification.lean	RESULT: PASS build=ok sorry=0 axioms=[propext,Classical.choice,Quot.sound] disallowed=[]	exit 0	14 s
Erdos585.HaarComposite.hasTwoEdgeDisjointCyclesSameVertexSet	Openmath/Proofs/HaarComposite.lean	RESULT: PASS build=ok sorry=0 axioms=[propext,Classical.choice,Quot.sound] disallowed=[]	exit 0	6 s
Erdos585.HaarCompositeEven.hasTwoEdgeDisjointCyclesSameVertexSet_all	Openmath/Proofs/HaarCompositeEven.lean	RESULT: PASS build=ok sorry=0 axioms=[propext,Classical.choice,Quot.sound] disallowed=[]	exit 0	6 s
Erdos585.HaarCycle.cycle_of_two_matchings	Openmath/Proofs/HaarCycle.lean	RESULT: PASS build=ok sorry=0 axioms=[propext,Classical.choice,Quot.sound] disallowed=[]	exit 0	2 s
Erdos585.HaarCycle.splice_isCycleOn	Openmath/Proofs/HaarCycle.lean	RESULT: PASS build=ok sorry=0 axioms=[propext,Classical.choice,Quot.sound] disallowed=[]	exit 0	2 s
Erdos585.HaarDegree.four_le_card_of_pair	Openmath/Proofs/HaarDegree.lean	RESULT: PASS build=ok sorry=0 axioms=[propext,Classical.choice,Quot.sound] disallowed=[]	exit 0	6 s
Erdos585.HaarExtraction.family_boundary	Openmath/Proofs/HaarExtraction.lean	RESULT: PASS build=ok sorry=0 axioms=[propext,Classical.choice,Quot.sound] disallowed=[]	exit 0	12 s
Erdos585.HaarGamma.hasPair_iff	Openmath/Proofs/HaarGamma.lean	RESULT: PASS build=ok sorry=0 axioms=[propext,Classical.choice,Quot.sound] disallowed=[]	exit 0	9 s
Erdos585.HaarGamma.regular_gamma_haar	Openmath/Proofs/HaarGamma.lean	RESULT: PASS build=ok sorry=0 axioms=[propext,Classical.choice,Quot.sound] disallowed=[]	exit 0	6 s
Erdos585.HaarPair.hasPair_of_matching_permutations	Openmath/Proofs/HaarPair.lean	RESULT: PASS build=ok sorry=0 axioms=[propext,Classical.choice,Quot.sound] disallowed=[]	exit 0	6 s
Erdos585.HaarRankOne.hasPair_of_four_distinct	Openmath/Proofs/HaarRankOne.lean	RESULT: PASS build=ok sorry=0 axioms=[propext,Classical.choice,Quot.sound] disallowed=[]	exit 0	6 s
Erdos585.HaarRankTwo.hasPair	Openmath/Proofs/HaarRankTwo.lean	RESULT: PASS build=ok sorry=0 axioms=[propext,Classical.choice,Quot.sound] disallowed=[]	exit 0	6 s
Erdos585.HaarSixCycle.exists_six_cycle	Openmath/Proofs/HaarSixCycle.lean	RESULT: PASS build=ok sorry=0 axioms=[propext,Classical.choice,Quot.sound] disallowed=[]	exit 0	6 s
Erdos585.IncidenceExpansion.three_hamilton_cycles	Openmath/Proofs/IncidenceExpansion.lean	RESULT: PASS build=ok sorry=0 axioms=[propext,Classical.choice,Quot.sound] disallowed=[]	exit 0	23 s
Erdos585.LocalMatchingProbe.probe_unmatched_bounds	Openmath/Proofs/LocalMatchingProbe.lean	RESULT: PASS build=ok sorry=0 axioms=[propext,Classical.choice,Quot.sound] disallowed=[]	exit 0	4 s
Erdos585.MatchingJoin.matching_join_raising_counterexample	Openmath/Proofs/MatchingJoinCore.lean	RESULT: PASS build=ok sorry=0 axioms=[propext,Classical.choice,Quot.sound] disallowed=[]	exit 0	41 s
Erdos585.PortCompletion.exists_good_pairing	Openmath/Proofs/PortCompletion.lean	RESULT: PASS build=ok sorry=0 axioms=[propext,Classical.choice,Quot.sound] disallowed=[]	exit 0	9 s
Erdos585.SignedPrismCore.signed_prism_raising_counterexample	Openmath/Proofs/SignedPrismCore.lean	RESULT: PASS build=ok sorry=0 axioms=[propext,Classical.choice,Quot.sound] disallowed=[]	exit 0	120 s
Erdos585.Wenger.no_six_cycle	Openmath/Proofs/Wenger.lean	RESULT: PASS build=ok sorry=0 axioms=[propext,Classical.choice,Quot.sound] disallowed=[]	exit 0	3 s
Erdos585.AdjacentHubs.thirty_six_le	Openmath/Proofs/AdjacentHubs.lean	RESULT: PASS build=ok sorry=0 axioms=[propext,Classical.choice,Quot.sound] disallowed=[]	exit 0	6 s
Erdos585.BipartiteBalance.at_most_one_exceptional	Openmath/Proofs/BipartiteBalance.lean	RESULT: PASS build=ok sorry=0 axioms=[propext,Classical.choice,Quot.sound] disallowed=[]	exit 0	6 s
Erdos585.DensityCore.regular_six_core	Openmath/Proofs/DensityCore.lean	RESULT: PASS build=ok sorry=0 axioms=[propext,Classical.choice,Quot.sound] disallowed=[]	exit 0	6 s
Erdos585.LatinIncidence.five_mul_sq_le	Openmath/Proofs/LatinIncidence.lean	RESULT: PASS build=ok sorry=0 axioms=[propext,Classical.choice,Quot.sound] disallowed=[]	exit 0	6 s
Erdos585.LatinIncidence.five_mul_sub_sqrt_le	Openmath/Proofs/LatinIncidence.lean	RESULT: PASS build=ok sorry=0 axioms=[propext,Classical.choice,Quot.sound] disallowed=[]	exit 0	6 s
Erdos585.MatchingSubdivision.complete_even_lower_bound	Openmath/Proofs/MatchingSubdivision.lean	RESULT: PASS build=ok sorry=0 axioms=[propext,Classical.choice,Quot.sound] disallowed=[]	exit 0	6 s
Erdos585.MatchingSubdivision.lower_bound	Openmath/Proofs/MatchingSubdivision.lean	RESULT: PASS build=ok sorry=0 axioms=[propext,Classical.choice,Quot.sound] disallowed=[]	exit 0	6 s
Erdos585.MatchingSubdivision.no_four_regular	Openmath/Proofs/MatchingSubdivision.lean	RESULT: PASS build=ok sorry=0 axioms=[propext,Classical.choice,Quot.sound] disallowed=[]	exit 0	6 s
Erdos585.MatchingSubdivision.ofBase_edge_count	Openmath/Proofs/MatchingSubdivision.lean	RESULT: PASS build=ok sorry=0 axioms=[propext,Classical.choice,Quot.sound] disallowed=[]	exit 0	6 s
Erdos585.MatchingSubdivision.ofBase_not_hasPair	Openmath/Proofs/MatchingSubdivision.lean	RESULT: PASS build=ok sorry=0 axioms=[propext,Classical.choice,Quot.sound] disallowed=[]	exit 0	6 s
Erdos585.MatchingSubdivision.ofBase_vertex_count	Openmath/Proofs/MatchingSubdivision.lean	RESULT: PASS build=ok sorry=0 axioms=[propext,Classical.choice,Quot.sound] disallowed=[]	exit 0	6 s
Erdos585.RegularFive.graph_edge_count	Openmath/Proofs/RegularFive.lean	RESULT: PASS build=ok sorry=0 axioms=[propext,Classical.choice,Quot.sound] disallowed=[]	exit 0	6 s
Erdos585.RimDensity.four_bounds	Openmath/Proofs/RimDensity.lean	RESULT: PASS build=ok sorry=0 axioms=[propext,Classical.choice,Quot.sound] disallowed=[]	exit 0	6 s
Erdos585.TwoHub.thirty_one_le	Openmath/Proofs/TwoHub.lean	RESULT: PASS build=ok sorry=0 axioms=[propext,Classical.choice,Quot.sound] disallowed=[]	exit 0	6 s
Erdos585.TwoHubFamily.four_mul_sub_thirteen_le	Openmath/Proofs/TwoHubFamily.lean	RESULT: PASS build=ok sorry=0 axioms=[propext,Classical.choice,Quot.sound] disallowed=[]	exit 0	6 s
Erdos585.card_edges_delete_vertex	Openmath/Proofs/SmallExact.lean	RESULT: PASS build=ok sorry=0 axioms=[propext,Classical.choice,Quot.sound] disallowed=[]	exit 0	6 s
Erdos585.delete_vertex_bound	Openmath/Proofs/SmallExact.lean	RESULT: PASS build=ok sorry=0 axioms=[propext,Classical.choice,Quot.sound] disallowed=[]	exit 0	6 s
Erdos585.hasPair_six_of_thirteen	Openmath/Proofs/SmallExact.lean	RESULT: PASS build=ok sorry=0 axioms=[propext,Classical.choice,Quot.sound] disallowed=[]	exit 0	6 s
Erdos585.not_hasPairF_induce	Openmath/Proofs/SmallExact.lean	RESULT: PASS build=ok sorry=0 axioms=[propext,Classical.choice,Quot.sound] disallowed=[]	exit 0	6 s
Erdos585.not_hasPairF_of_small_cut	Openmath/Proofs/CutGluing.lean	RESULT: PASS build=ok sorry=0 axioms=[propext,Classical.choice,Quot.sound] disallowed=[]	exit 0	6 s
check.sh: 59/59 PASS (unique declarations) 2026-10-06 16:32:29 EDT
== leanchecker, every copied module 2026-10-06 16:32:29 EDT
leanchecker: 58/58 2026-10-06 16:39:59 EDT
