0 complete
1 complete
2 complete
3 complete
4 complete
5 complete
6 complete
7 complete
8 complete
9 complete
10 complete
11 complete
12 pending
13 pending
14 pending
15 pending
16 pending
17 pending
18 pending
19 pending
20 pending
21 pending
22 pending
23 pending
24 pending
25 pending
26 pending
27 pending
28 pending
29 pending
30 pending
31 pending
0 complete
1 complete
2 complete
3 complete
4 complete
5 complete
6 complete
7 complete
8 complete
9 complete
10 complete
11 complete
12 complete
13 complete
14 complete
15 complete
16 complete
17 complete
18 complete
19 complete
20 complete
21 pending
22 pending
23 pending
24 pending
25 pending
26 pending
27 pending
28 pending
29 pending
30 pending
31 pending
0 complete
1 complete
2 complete
3 complete
4 complete
5 complete
6 complete
7 complete
8 complete
9 complete
10 complete
11 complete
12 complete
13 complete
14 complete
15 complete
16 complete
17 complete
18 complete
19 complete
20 complete
21 complete
22 complete
23 complete
24 complete
25 complete
26 complete
27 complete
28 complete
29 complete
30 complete
31 pending
0 complete
1 complete
2 complete
3 complete
4 complete
5 complete
6 complete
7 complete
8 complete
9 complete
10 complete
11 complete
12 complete
13 complete
14 complete
15 complete
16 complete
17 complete
18 complete
19 complete
20 complete
21 complete
22 complete
23 complete
24 complete
25 complete
26 complete
27 complete
28 complete
29 complete
30 complete
31 complete
