{
 "seed": 1,
 "built": 17,
 "sparse": 16,
 "fails": 0,
 "first_fails": [],
 "seconds": 161.2
}
{'c': 4, 't': 7, 'eps': 0, 's': 11, 'n': 23, 'min_g': 10, 'bad_ports': 2, 'bad_def': 2, 'P_size': 1, 'ports': 6, 'incomparable_pairs': 0, 'petals_per_bad_port': {19: 1, 22: 1}}
{'c': 4, 't': 7, 'eps': 0, 's': 11, 'n': 23, 'min_g': 10, 'bad_ports': 1, 'bad_def': 2, 'P_size': 2, 'ports': 6, 'incomparable_pairs': 0, 'petals_per_bad_port': {17: 1}}
{'c': 4, 't': 7, 'eps': 0, 's': 11, 'n': 23, 'min_g': 10, 'bad_ports': 2, 'bad_def': 2, 'P_size': 1, 'ports': 6, 'incomparable_pairs': 0, 'petals_per_bad_port': {18: 1, 20: 1}}
{'c': 5, 't': 6, 'eps': 1, 's': 11, 'n': 23, 'min_g': 10, 'bad_ports': 1, 'bad_def': 1, 'P_size': 1, 'ports': 5, 'incomparable_pairs': 0, 'petals_per_bad_port': {19: 1}}
{'c': 4, 't': 7, 'eps': 0, 's': 11, 'n': 23, 'min_g': 10, 'bad_ports': 1, 'bad_def': 2, 'P_size': 1, 'ports': 5, 'incomparable_pairs': 0, 'petals_per_bad_port': {22: 1}}
{'c': 4, 't': 7, 'eps': 0, 's': 11, 'n': 23, 'min_g': 10, 'bad_ports': 2, 'bad_def': 2, 'P_size': 1, 'ports': 6, 'incomparable_pairs': 0, 'petals_per_bad_port': {17: 1, 21: 1}}
{'c': 5, 't': 6, 'eps': 1, 's': 11, 'n': 23, 'min_g': 8}
{'c': 4, 't': 7, 'eps': 0, 's': 11, 'n': 23, 'min_g': 10, 'bad_ports': 2, 'bad_def': 2, 'P_size': 1, 'ports': 6, 'incomparable_pairs': 0, 'petals_per_bad_port': {18: 1, 22: 1}}
{'c': 4, 't': 7, 'eps': 0, 's': 11, 'n': 23, 'min_g': 10, 'bad_ports': 1, 'bad_def': 2, 'P_size': 1, 'ports': 5, 'incomparable_pairs': 0, 'petals_per_bad_port': {18: 1}}
{'c': 4, 't': 7, 'eps': 1, 's': 11, 'n': 23, 'min_g': 10, 'bad_ports': 1, 'bad_def': 1, 'P_size': 1, 'ports': 5, 'incomparable_pairs': 0, 'petals_per_bad_port': {18: 1}}
{'c': 4, 't': 7, 'eps': 0, 's': 11, 'n': 23, 'min_g': 10, 'bad_ports': 2, 'bad_def': 2, 'P_size': 1, 'ports': 7, 'incomparable_pairs': 0, 'petals_per_bad_port': {18: 1, 19: 1}}
{'c': 4, 't': 7, 'eps': 0, 's': 11, 'n': 23, 'min_g': 10, 'bad_ports': 2, 'bad_def': 2, 'P_size': 1, 'ports': 6, 'incomparable_pairs': 0, 'petals_per_bad_port': {21: 1, 22: 1}}
{'c': 5, 't': 6, 'eps': 0, 's': 11, 'n': 23, 'min_g': 10, 'bad_ports': 2, 'bad_def': 2, 'P_size': 1, 'ports': 6, 'incomparable_pairs': 0, 'petals_per_bad_port': {18: 1, 19: 1}}
{'c': 5, 't': 6, 'eps': 0, 's': 11, 'n': 23, 'min_g': 10, 'bad_ports': 2, 'bad_def': 2, 'P_size': 1, 'ports': 6, 'incomparable_pairs': 0, 'petals_per_bad_port': {18: 1, 22: 1}}
{'c': 4, 't': 6, 'eps': 0, 's': 10, 'n': 21, 'min_g': 10, 'bad_ports': 1, 'bad_def': 2, 'P_size': 1, 'ports': 5, 'incomparable_pairs': 0, 'petals_per_bad_port': {16: 1}}
{'c': 4, 't': 7, 'eps': 1, 's': 11, 'n': 23, 'min_g': 10, 'bad_ports': 1, 'bad_def': 1, 'P_size': 1, 'ports': 6, 'incomparable_pairs': 0, 'petals_per_bad_port': {17: 1}}
{'c': 4, 't': 7, 'eps': 0, 's': 11, 'n': 23, 'min_g': 10, 'bad_ports': 2, 'bad_def': 2, 'P_size': 1, 'ports': 6, 'incomparable_pairs': 0, 'petals_per_bad_port': {19: 1, 20: 1}}
RESULT: PASS
