=== drive start 2026-10-05 23:54:22 EDT pid 34369 workers 3
0002c6f85abdcd4f43d7129bfbe07f6d9f04ef4be396bb2178aebf1aea86615c  [local path]
83d15c0e59c6ee8d5936cf59612c4978230f754be50061ef27fbb68d4cb22f3d  [local path]
2026-10-05 23:55:18 w2 n18_99_e47 0/40 rc=0 out=0 user=47.70
2026-10-05 23:55:19 w0 n18_99_e47 2/40 rc=0 out=0 user=48.39
2026-10-05 23:55:21 w1 n18_99_e47 1/40 rc=0 out=0 user=50.59
2026-10-05 23:56:25 w0 n18_99_e47 4/40 rc=0 out=0 user=51.00
2026-10-05 23:56:28 w2 n18_99_e47 3/40 rc=0 out=0 user=53.72
2026-10-05 23:56:29 w1 n18_99_e47 5/40 rc=0 out=0 user=51.27
2026-10-05 23:57:34 w0 n18_99_e47 6/40 rc=0 out=0 user=51.01
2026-10-05 23:57:36 w2 n18_99_e47 7/40 rc=0 out=0 user=50.91
2026-10-05 23:57:40 w1 n18_99_e47 8/40 rc=0 out=0 user=52.38
2026-10-05 23:58:45 w0 n18_99_e47 9/40 rc=0 out=0 user=51.36
2026-10-05 23:58:47 w2 n18_99_e47 10/40 rc=0 out=0 user=50.57
2026-10-05 23:58:51 w1 n18_99_e47 11/40 rc=0 out=0 user=50.99
2026-10-06 00:00:04 w0 n18_99_e47 12/40 rc=0 out=0 user=48.80
2026-10-06 00:00:14 w2 n18_99_e47 13/40 rc=0 out=0 user=52.66
2026-10-06 00:00:23 w1 n18_99_e47 14/40 rc=0 out=0 user=53.28
2026-10-06 00:01:56 w0 n18_99_e47 15/40 rc=0 out=0 user=48.32
2026-10-06 00:02:08 w2 n18_99_e47 16/40 rc=0 out=0 user=51.17
2026-10-06 00:02:18 w1 n18_99_e47 17/40 rc=0 out=0 user=51.73
2026-10-06 00:03:36 w2 n18_99_e47 19/40 rc=0 out=0 user=50.42
2026-10-06 00:03:47 w1 n18_99_e47 20/40 rc=0 out=0 user=51.14
2026-10-06 00:04:56 w2 n18_99_e47 21/40 rc=0 out=0 user=50.11
2026-10-06 00:04:58 w0 n18_99_e47 18/40 rc=0 out=0 user=50.88
2026-10-06 00:06:34 w2 n18_99_e47 23/40 rc=0 out=0 user=51.23
2026-10-06 00:06:42 w0 n18_99_e47 24/40 rc=0 out=0 user=54.83
2026-10-06 00:07:04 w1 n18_99_e47 22/40 rc=0 out=0 user=46.88
2026-10-06 00:08:09 w0 n18_99_e47 26/40 rc=0 out=0 user=53.13
2026-10-06 00:08:40 w1 n18_99_e47 27/40 rc=0 out=0 user=55.00
2026-10-06 00:09:35 w0 n18_99_e47 28/40 rc=0 out=0 user=52.40
2026-10-06 00:09:46 w2 n18_99_e47 25/40 rc=0 out=0 user=48.03
2026-10-06 00:10:03 w1 n18_99_e47 29/40 rc=0 out=0 user=54.99
2026-10-06 00:11:04 w0 n18_99_e47 30/40 rc=0 out=0 user=52.96
2026-10-06 00:11:16 w2 n18_99_e47 31/40 rc=0 out=0 user=55.04
2026-10-06 00:11:29 w1 n18_99_e47 32/40 rc=0 out=0 user=51.80
2026-10-06 00:12:22 w0 n18_99_e47 33/40 rc=0 out=0 user=51.80
2026-10-06 00:12:35 w2 n18_99_e47 34/40 rc=0 out=0 user=53.10
2026-10-06 00:12:50 w1 n18_99_e47 35/40 rc=0 out=0 user=55.07
2026-10-06 00:13:30 w0 n18_99_e47 36/40 rc=0 out=0 user=49.20
2026-10-06 00:13:45 w2 n18_99_e47 37/40 rc=0 out=0 user=51.93
2026-10-06 00:14:01 w1 n18_99_e47 38/40 rc=0 out=0 user=52.33
2026-10-06 00:14:37 w0 n18_99_e47 39/40 rc=0 out=0 user=49.22
2026-10-06 00:17:02 w2 n19_910_e50 0/200 rc=0 out=0 user=140.13
2026-10-06 00:17:23 w1 n19_910_e50 1/200 rc=0 out=0 user=139.36
2026-10-06 00:18:08 w0 n19_910_e50 2/200 rc=0 out=0 user=142.10
2026-10-06 00:20:26 w2 n19_910_e50 3/200 rc=0 out=0 user=141.91
2026-10-06 00:20:51 w1 n19_910_e50 4/200 rc=0 out=0 user=143.53
2026-10-06 00:21:28 w0 n19_910_e50 5/200 rc=0 out=0 user=143.03
2026-10-06 00:23:35 w2 n19_910_e50 6/200 rc=0 out=0 user=140.03
2026-10-06 00:23:46 w1 n19_910_e50 7/200 rc=0 out=0 user=134.43
2026-10-06 00:24:18 w0 n19_910_e50 8/200 rc=0 out=0 user=131.78
2026-10-06 00:26:20 w2 n19_910_e50 9/200 rc=0 out=0 user=130.85
2026-10-06 00:26:31 w1 n19_910_e50 10/200 rc=0 out=0 user=131.33
2026-10-06 00:27:04 w0 n19_910_e50 11/200 rc=0 out=0 user=132.38
2026-10-06 00:29:06 w1 n19_910_e50 13/200 rc=0 out=0 user=125.19
2026-10-06 00:29:06 w2 n19_910_e50 12/200 rc=0 out=0 user=134.00
2026-10-06 00:29:41 w0 n19_910_e50 14/200 rc=0 out=0 user=127.89
2026-10-06 00:31:42 w1 n19_910_e50 15/200 rc=0 out=0 user=126.27
2026-10-06 00:31:44 w2 n19_910_e50 16/200 rc=0 out=0 user=127.68
2026-10-06 00:32:12 w0 n19_910_e50 17/200 rc=0 out=0 user=124.38
2026-10-06 00:34:11 w2 n19_910_e50 19/200 rc=0 out=0 user=124.66
2026-10-06 00:34:14 w1 n19_910_e50 18/200 rc=0 out=0 user=128.86
2026-10-06 00:34:42 w0 n19_910_e50 20/200 rc=0 out=0 user=127.10
2026-10-06 00:36:51 w1 n19_910_e50 22/200 rc=0 out=0 user=123.83
2026-10-06 00:36:52 w2 n19_910_e50 21/200 rc=0 out=0 user=127.24
2026-10-06 00:37:25 w0 n19_910_e50 23/200 rc=0 out=0 user=126.05
2026-10-06 00:39:41 w2 n19_910_e50 25/200 rc=0 out=0 user=128.10
2026-10-06 00:39:43 w1 n19_910_e50 24/200 rc=0 out=0 user=129.98
2026-10-06 00:40:31 w0 n19_910_e50 26/200 rc=0 out=0 user=128.83
2026-10-06 00:43:37 w1 n19_910_e50 28/200 rc=0 out=0 user=131.67
2026-10-06 00:43:38 w2 n19_910_e50 27/200 rc=0 out=0 user=133.88
2026-10-06 00:44:19 w0 n19_910_e50 29/200 rc=0 out=0 user=131.43
2026-10-06 00:46:57 w2 n19_910_e50 31/200 rc=0 out=0 user=127.92
2026-10-06 00:46:59 w1 n19_910_e50 30/200 rc=0 out=0 user=131.10
2026-10-06 00:47:34 w0 n19_910_e50 32/200 rc=0 out=0 user=128.47
2026-10-06 00:49:56 w2 n19_910_e50 33/200 rc=0 out=0 user=126.90
2026-10-06 00:49:57 w1 n19_910_e50 34/200 rc=0 out=0 user=126.73
2026-10-06 00:50:24 w0 n19_910_e50 35/200 rc=0 out=0 user=123.00
2026-10-06 00:53:07 w2 n19_910_e50 36/200 rc=0 out=0 user=128.88
2026-10-06 00:53:08 w1 n19_910_e50 37/200 rc=0 out=0 user=127.93
2026-10-06 00:54:06 w0 n19_910_e50 38/200 rc=0 out=0 user=129.35
2026-10-06 00:57:04 w2 n19_910_e50 39/200 rc=0 out=0 user=129.02
2026-10-06 00:57:08 w1 n19_910_e50 40/200 rc=0 out=0 user=129.68
2026-10-06 00:57:39 w0 n19_910_e50 41/200 rc=0 out=0 user=130.63
2026-10-06 00:59:55 w1 n19_910_e50 43/200 rc=0 out=0 user=126.49
2026-10-06 01:00:01 w2 n19_910_e50 42/200 rc=0 out=0 user=132.96
2026-10-06 01:00:28 w0 n19_910_e50 44/200 rc=0 out=0 user=128.34
2026-10-06 01:02:34 w1 n19_910_e50 45/200 rc=0 out=0 user=126.41
2026-10-06 01:02:45 w2 n19_910_e50 46/200 rc=0 out=0 user=130.57
2026-10-06 01:03:03 w0 n19_910_e50 47/200 rc=0 out=0 user=127.74
2026-10-06 01:04:45 w1 n19_910_e50 48/200 rc=0 out=0 user=121.08
2026-10-06 01:04:53 w2 n19_910_e50 49/200 rc=0 out=0 user=120.01
2026-10-06 01:05:13 w0 n19_910_e50 50/200 rc=0 out=0 user=120.16
2026-10-06 01:06:50 w1 n19_910_e50 51/200 rc=0 out=0 user=118.13
2026-10-06 01:07:00 w2 n19_910_e50 52/200 rc=0 out=0 user=120.34
2026-10-06 01:07:14 w0 n19_910_e50 53/200 rc=0 out=0 user=115.70
2026-10-06 01:08:57 w1 n19_910_e50 54/200 rc=0 out=0 user=120.14
2026-10-06 01:09:06 w2 n19_910_e50 55/200 rc=0 out=0 user=118.47
2026-10-06 01:09:18 w0 n19_910_e50 56/200 rc=0 out=0 user=116.94
2026-10-06 01:11:02 w1 n19_910_e50 57/200 rc=0 out=0 user=119.85
2026-10-06 01:11:11 w2 n19_910_e50 58/200 rc=0 out=0 user=119.20
2026-10-06 01:11:22 w0 n19_910_e50 59/200 rc=0 out=0 user=118.37
2026-10-06 01:13:15 w1 n19_910_e50 60/200 rc=0 out=0 user=121.55
2026-10-06 01:13:26 w2 n19_910_e50 61/200 rc=0 out=0 user=122.72
2026-10-06 01:13:34 w0 n19_910_e50 62/200 rc=0 out=0 user=119.76
2026-10-06 01:15:30 w1 n19_910_e50 63/200 rc=0 out=0 user=122.65
2026-10-06 01:15:44 w2 n19_910_e50 64/200 rc=0 out=0 user=124.21
2026-10-06 01:15:51 w0 n19_910_e50 65/200 rc=0 out=0 user=124.11
2026-10-06 01:17:53 w1 n19_910_e50 66/200 rc=0 out=0 user=123.59
2026-10-06 01:18:05 w2 n19_910_e50 67/200 rc=0 out=0 user=123.48
2026-10-06 01:18:12 w0 n19_910_e50 68/200 rc=0 out=0 user=123.05
2026-10-06 01:20:09 w1 n19_910_e50 69/200 rc=0 out=0 user=123.83
2026-10-06 01:20:16 w2 n19_910_e50 70/200 rc=0 out=0 user=119.47
2026-10-06 01:20:27 w0 n19_910_e50 71/200 rc=0 out=0 user=122.18
2026-10-06 01:22:25 w1 n19_910_e50 72/200 rc=0 out=0 user=120.98
2026-10-06 01:22:32 w2 n19_910_e50 73/200 rc=0 out=0 user=121.44
2026-10-06 01:22:41 w0 n19_910_e50 74/200 rc=0 out=0 user=120.85
2026-10-06 01:24:31 w1 n19_910_e50 75/200 rc=0 out=0 user=119.45
2026-10-06 01:24:38 w2 n19_910_e50 76/200 rc=0 out=0 user=119.14
2026-10-06 01:24:52 w0 n19_910_e50 77/200 rc=0 out=0 user=124.50
2026-10-06 01:26:37 w1 n19_910_e50 78/200 rc=0 out=0 user=120.11
2026-10-06 01:26:44 w2 n19_910_e50 79/200 rc=0 out=0 user=120.69
2026-10-06 01:27:00 w0 n19_910_e50 80/200 rc=0 out=0 user=122.11
2026-10-06 01:28:43 w1 n19_910_e50 81/200 rc=0 out=0 user=121.50
2026-10-06 01:28:46 w2 n19_910_e50 82/200 rc=0 out=0 user=118.04
2026-10-06 01:29:03 w0 n19_910_e50 83/200 rc=0 out=0 user=119.18
2026-10-06 01:30:48 w2 n19_910_e50 85/200 rc=0 out=0 user=118.45
2026-10-06 01:30:49 w1 n19_910_e50 84/200 rc=0 out=0 user=122.97
2026-10-06 01:31:08 w0 n19_910_e50 86/200 rc=0 out=0 user=121.60
2026-10-06 01:32:53 w1 n19_910_e50 88/200 rc=0 out=0 user=119.64
2026-10-06 01:32:56 w2 n19_910_e50 87/200 rc=0 out=0 user=123.70
2026-10-06 01:33:12 w0 n19_910_e50 89/200 rc=0 out=0 user=120.38
2026-10-06 01:34:55 w1 n19_910_e50 90/200 rc=0 out=0 user=118.65
2026-10-06 01:34:57 w2 n19_910_e50 91/200 rc=0 out=0 user=117.76
2026-10-06 01:35:14 w0 n19_910_e50 92/200 rc=0 out=0 user=118.56
2026-10-06 01:36:54 w1 n19_910_e50 93/200 rc=0 out=0 user=115.98
2026-10-06 01:36:59 w2 n19_910_e50 94/200 rc=0 out=0 user=118.27
2026-10-06 01:37:13 w0 n19_910_e50 95/200 rc=0 out=0 user=115.68
2026-10-06 01:39:00 w1 n19_910_e50 96/200 rc=0 out=0 user=120.30
2026-10-06 01:39:03 w2 n19_910_e50 97/200 rc=0 out=0 user=118.93
2026-10-06 01:39:23 w0 n19_910_e50 98/200 rc=0 out=0 user=124.23
2026-10-06 01:41:03 w1 n19_910_e50 99/200 rc=0 out=0 user=116.58
2026-10-06 01:41:06 w2 n19_910_e50 100/200 rc=0 out=0 user=117.18
2026-10-06 01:41:28 w0 n19_910_e50 101/200 rc=0 out=0 user=117.71
2026-10-06 01:43:23 w1 n19_910_e50 102/200 rc=0 out=0 user=121.92
2026-10-06 01:43:28 w2 n19_910_e50 103/200 rc=0 out=0 user=122.53
2026-10-06 01:43:46 w0 n19_910_e50 104/200 rc=0 out=0 user=116.11
2026-10-06 01:45:46 w1 n19_910_e50 105/200 rc=0 out=0 user=116.07
2026-10-06 01:46:01 w2 n19_910_e50 106/200 rc=0 out=0 user=124.70
2026-10-06 01:46:12 w0 n19_910_e50 107/200 rc=0 out=0 user=119.49
2026-10-06 01:48:12 w1 n19_910_e50 108/200 rc=0 out=0 user=118.68
2026-10-06 01:48:32 w2 n19_910_e50 109/200 rc=0 out=0 user=122.77
2026-10-06 01:48:36 w0 n19_910_e50 110/200 rc=0 out=0 user=118.05
2026-10-06 01:50:30 w1 n19_910_e50 111/200 rc=0 out=0 user=120.74
2026-10-06 01:50:48 w2 n19_910_e50 112/200 rc=0 out=0 user=119.02
2026-10-06 01:50:54 w0 n19_910_e50 113/200 rc=0 out=0 user=120.35
2026-10-06 01:52:45 w1 n19_910_e50 114/200 rc=0 out=0 user=118.47
2026-10-06 01:53:08 w2 n19_910_e50 115/200 rc=0 out=0 user=123.18
2026-10-06 01:53:09 w0 n19_910_e50 116/200 rc=0 out=0 user=119.48
2026-10-06 01:55:01 w1 n19_910_e50 117/200 rc=0 out=0 user=118.17
2026-10-06 01:55:26 w0 n19_910_e50 119/200 rc=0 out=0 user=119.09
2026-10-06 01:55:29 w2 n19_910_e50 118/200 rc=0 out=0 user=124.02
2026-10-06 01:57:18 w1 n19_910_e50 120/200 rc=0 out=0 user=121.12
2026-10-06 01:57:43 w0 n19_910_e50 121/200 rc=0 out=0 user=118.77
2026-10-06 01:57:48 w2 n19_910_e50 122/200 rc=0 out=0 user=120.14
2026-10-06 01:59:38 w1 n19_910_e50 123/200 rc=0 out=0 user=117.00
2026-10-06 02:00:05 w0 n19_910_e50 124/200 rc=0 out=0 user=119.39
2026-10-06 02:00:08 w2 n19_910_e50 125/200 rc=0 out=0 user=118.06
2026-10-06 02:01:58 w1 n19_910_e50 126/200 rc=0 out=0 user=118.04
2026-10-06 02:02:24 w0 n19_910_e50 127/200 rc=0 out=0 user=116.64
2026-10-06 02:02:30 w2 n19_910_e50 128/200 rc=0 out=0 user=119.22
2026-10-06 02:04:26 w1 n19_910_e50 129/200 rc=0 out=0 user=123.18
2026-10-06 02:04:45 w0 n19_910_e50 130/200 rc=0 out=0 user=118.76
2026-10-06 02:04:55 w2 n19_910_e50 131/200 rc=0 out=0 user=121.96
2026-10-06 02:06:42 w1 n19_910_e50 132/200 rc=0 out=0 user=117.33
2026-10-06 02:07:01 w0 n19_910_e50 133/200 rc=0 out=0 user=117.43
2026-10-06 02:07:13 w2 n19_910_e50 134/200 rc=0 out=0 user=119.85
2026-10-06 02:08:55 w1 n19_910_e50 135/200 rc=0 out=0 user=119.18
2026-10-06 02:09:15 w0 n19_910_e50 136/200 rc=0 out=0 user=120.58
2026-10-06 02:09:29 w2 n19_910_e50 137/200 rc=0 out=0 user=123.85
2026-10-06 02:11:12 w1 n19_910_e50 138/200 rc=0 out=0 user=125.14
2026-10-06 02:11:31 w0 n19_910_e50 139/200 rc=0 out=0 user=125.65
2026-10-06 02:11:44 w2 n19_910_e50 140/200 rc=0 out=0 user=123.61
2026-10-06 02:13:27 w1 n19_910_e50 141/200 rc=0 out=0 user=124.05
2026-10-06 02:13:46 w0 n19_910_e50 142/200 rc=0 out=0 user=123.66
2026-10-06 02:13:56 w2 n19_910_e50 143/200 rc=0 out=0 user=120.94
2026-10-06 02:15:40 w1 n19_910_e50 144/200 rc=0 out=0 user=122.23
2026-10-06 02:15:58 w0 n19_910_e50 145/200 rc=0 out=0 user=121.89
2026-10-06 02:16:05 w2 n19_910_e50 146/200 rc=0 out=0 user=119.59
2026-10-06 02:17:53 w1 n19_910_e50 147/200 rc=0 out=0 user=119.35
2026-10-06 02:18:14 w0 n19_910_e50 148/200 rc=0 out=0 user=120.06
2026-10-06 02:18:29 w2 n19_910_e50 149/200 rc=0 out=0 user=125.15
2026-10-06 02:20:17 w1 n19_910_e50 150/200 rc=0 out=0 user=120.91
2026-10-06 02:20:36 w0 n19_910_e50 151/200 rc=0 out=0 user=119.10
2026-10-06 02:20:51 w2 n19_910_e50 152/200 rc=0 out=0 user=119.00
2026-10-06 02:22:33 w1 n19_910_e50 153/200 rc=0 out=0 user=115.59
2026-10-06 02:22:54 w0 n19_910_e50 154/200 rc=0 out=0 user=118.95
2026-10-06 02:23:10 w2 n19_910_e50 155/200 rc=0 out=0 user=121.80
2026-10-06 02:24:42 w1 n19_910_e50 156/200 rc=0 out=0 user=117.67
2026-10-06 02:25:06 w0 n19_910_e50 157/200 rc=0 out=0 user=119.23
2026-10-06 02:25:24 w2 n19_910_e50 158/200 rc=0 out=0 user=120.49
2026-10-06 02:27:01 w1 n19_910_e50 159/200 rc=0 out=0 user=122.31
2026-10-06 02:27:28 w0 n19_910_e50 160/200 rc=0 out=0 user=123.62
2026-10-06 02:27:45 w2 n19_910_e50 161/200 rc=0 out=0 user=122.80
2026-10-06 02:29:17 w1 n19_910_e50 162/200 rc=0 out=0 user=119.66
2026-10-06 02:29:46 w0 n19_910_e50 163/200 rc=0 out=0 user=122.01
2026-10-06 02:30:07 w2 n19_910_e50 164/200 rc=0 out=0 user=123.51
2026-10-06 02:31:32 w1 n19_910_e50 165/200 rc=0 out=0 user=118.89
2026-10-06 02:31:59 w0 n19_910_e50 166/200 rc=0 out=0 user=117.96
2026-10-06 02:32:21 w2 n19_910_e50 167/200 rc=0 out=0 user=120.84
2026-10-06 02:33:44 w1 n19_910_e50 168/200 rc=0 out=0 user=120.92
2026-10-06 02:34:11 w0 n19_910_e50 169/200 rc=0 out=0 user=120.32
2026-10-06 02:34:33 w2 n19_910_e50 170/200 rc=0 out=0 user=120.45
2026-10-06 02:35:59 w1 n19_910_e50 171/200 rc=0 out=0 user=122.01
2026-10-06 02:36:25 w0 n19_910_e50 172/200 rc=0 out=0 user=121.83
2026-10-06 02:36:44 w2 n19_910_e50 173/200 rc=0 out=0 user=120.07
2026-10-06 02:38:07 w1 n19_910_e50 174/200 rc=0 out=0 user=121.02
2026-10-06 02:38:30 w0 n19_910_e50 175/200 rc=0 out=0 user=119.01
2026-10-06 02:38:49 w2 n19_910_e50 176/200 rc=0 out=0 user=118.46
2026-10-06 02:40:10 w1 n19_910_e50 177/200 rc=0 out=0 user=119.23
2026-10-06 02:40:30 w0 n19_910_e50 178/200 rc=0 out=0 user=116.67
2026-10-06 02:40:52 w2 n19_910_e50 179/200 rc=0 out=0 user=120.07
2026-10-06 02:42:08 w1 n19_910_e50 180/200 rc=0 out=0 user=115.72
2026-10-06 02:42:26 w0 n19_910_e50 181/200 rc=0 out=0 user=114.24
2026-10-06 02:42:47 w2 n19_910_e50 182/200 rc=0 out=0 user=113.17
2026-10-06 02:44:05 w1 n19_910_e50 183/200 rc=0 out=0 user=114.96
2026-10-06 02:44:26 w0 n19_910_e50 184/200 rc=0 out=0 user=117.24
2026-10-06 02:44:44 w2 n19_910_e50 185/200 rc=0 out=0 user=114.74
2026-10-06 02:46:00 w1 n19_910_e50 186/200 rc=0 out=0 user=112.58
2026-10-06 02:46:24 w0 n19_910_e50 187/200 rc=0 out=0 user=116.00
2026-10-06 02:46:40 w2 n19_910_e50 188/200 rc=0 out=0 user=114.43
2026-10-06 02:48:03 w1 n19_910_e50 189/200 rc=0 out=0 user=118.43
2026-10-06 02:48:25 w0 n19_910_e50 190/200 rc=0 out=0 user=116.21
2026-10-06 02:48:44 w2 n19_910_e50 191/200 rc=0 out=0 user=117.52
2026-10-06 02:50:04 w1 n19_910_e50 192/200 rc=0 out=0 user=115.81
2026-10-06 02:50:27 w0 n19_910_e50 193/200 rc=0 out=0 user=117.50
2026-10-06 02:50:48 w2 n19_910_e50 194/200 rc=0 out=0 user=119.71
2026-10-06 02:52:10 w1 n19_910_e50 195/200 rc=0 out=0 user=119.38
2026-10-06 02:52:33 w0 n19_910_e50 196/200 rc=0 out=0 user=117.88
2026-10-06 02:52:56 w2 n19_910_e50 197/200 rc=0 out=0 user=119.23
2026-10-06 02:53:30 w2 n20_1010_e54_d5 0/200 rc=0 out=0 user=30.15
2026-10-06 02:54:06 w2 n20_1010_e54_d5 1/200 rc=0 out=0 user=31.77
2026-10-06 02:54:23 w1 n19_910_e50 198/200 rc=0 out=0 user=119.18
2026-10-06 02:54:35 w2 n20_1010_e54_d5 2/200 rc=0 out=0 user=26.62
2026-10-06 02:54:46 w0 n19_910_e50 199/200 rc=0 out=0 user=119.24
2026-10-06 02:54:53 w1 n20_1010_e54_d5 3/200 rc=0 out=0 user=26.80
2026-10-06 02:55:12 w2 n20_1010_e54_d5 4/200 rc=0 out=0 user=33.22
2026-10-06 02:55:20 w0 n20_1010_e54_d5 5/200 rc=0 out=0 user=30.26
2026-10-06 02:55:26 w1 n20_1010_e54_d5 6/200 rc=0 out=0 user=29.69
2026-10-06 02:55:49 w2 n20_1010_e54_d5 7/200 rc=0 out=0 user=32.58
2026-10-06 02:55:56 w0 n20_1010_e54_d5 8/200 rc=0 out=0 user=31.23
2026-10-06 02:56:01 w1 n20_1010_e54_d5 9/200 rc=0 out=0 user=30.58
2026-10-06 02:56:22 w2 n20_1010_e54_d5 10/200 rc=0 out=0 user=29.30
2026-10-06 02:56:31 w0 n20_1010_e54_d5 11/200 rc=0 out=0 user=30.91
2026-10-06 02:56:35 w1 n20_1010_e54_d5 12/200 rc=0 out=0 user=29.92
2026-10-06 02:56:54 w2 n20_1010_e54_d5 13/200 rc=0 out=0 user=27.73
2026-10-06 02:57:04 w0 n20_1010_e54_d5 14/200 rc=0 out=0 user=29.28
2026-10-06 02:57:13 w1 n20_1010_e54_d5 15/200 rc=0 out=0 user=33.42
2026-10-06 02:57:29 w2 n20_1010_e54_d5 16/200 rc=0 out=0 user=31.28
2026-10-06 02:57:35 w0 n20_1010_e54_d5 17/200 rc=0 out=0 user=27.45
2026-10-06 02:57:47 w1 n20_1010_e54_d5 18/200 rc=0 out=0 user=29.98
2026-10-06 02:58:03 w2 n20_1010_e54_d5 19/200 rc=0 out=0 user=30.72
2026-10-06 02:58:07 w0 n20_1010_e54_d5 20/200 rc=0 out=0 user=27.95
2026-10-06 02:58:19 w1 n20_1010_e54_d5 21/200 rc=0 out=0 user=28.97
2026-10-06 02:58:35 w2 n20_1010_e54_d5 22/200 rc=0 out=0 user=28.51
2026-10-06 02:58:39 w0 n20_1010_e54_d5 23/200 rc=0 out=0 user=28.82
2026-10-06 02:58:49 w1 n20_1010_e54_d5 24/200 rc=0 out=0 user=26.87
2026-10-06 02:59:07 w2 n20_1010_e54_d5 25/200 rc=0 out=0 user=28.43
2026-10-06 02:59:17 w0 n20_1010_e54_d5 26/200 rc=0 out=0 user=34.27
2026-10-06 02:59:22 w1 n20_1010_e54_d5 27/200 rc=0 out=0 user=29.61
2026-10-06 02:59:39 w2 n20_1010_e54_d5 28/200 rc=0 out=0 user=29.57
2026-10-06 02:59:47 w0 n20_1010_e54_d5 29/200 rc=0 out=0 user=28.34
2026-10-06 02:59:53 w1 n20_1010_e54_d5 30/200 rc=0 out=0 user=29.27
2026-10-06 03:00:11 w2 n20_1010_e54_d5 31/200 rc=0 out=0 user=29.14
2026-10-06 03:00:20 w0 n20_1010_e54_d5 32/200 rc=0 out=0 user=29.94
2026-10-06 03:00:27 w1 n20_1010_e54_d5 33/200 rc=0 out=0 user=31.16
2026-10-06 03:00:44 w2 n20_1010_e54_d5 34/200 rc=0 out=0 user=30.44
2026-10-06 03:00:53 w0 n20_1010_e54_d5 35/200 rc=0 out=0 user=30.71
2026-10-06 03:01:02 w1 n20_1010_e54_d5 36/200 rc=0 out=0 user=32.02
2026-10-06 03:01:17 w2 n20_1010_e54_d5 37/200 rc=0 out=0 user=29.63
2026-10-06 03:01:26 w0 n20_1010_e54_d5 38/200 rc=0 out=0 user=29.86
2026-10-06 03:01:34 w1 n20_1010_e54_d5 39/200 rc=0 out=0 user=28.92
2026-10-06 03:01:51 w2 n20_1010_e54_d5 40/200 rc=0 out=0 user=30.70
2026-10-06 03:01:58 w0 n20_1010_e54_d5 41/200 rc=0 out=0 user=29.16
2026-10-06 03:02:07 w1 n20_1010_e54_d5 42/200 rc=0 out=0 user=30.04
2026-10-06 03:02:21 w2 n20_1010_e54_d5 43/200 rc=0 out=0 user=27.85
2026-10-06 03:02:30 w0 n20_1010_e54_d5 44/200 rc=0 out=0 user=29.32
2026-10-06 03:02:40 w1 n20_1010_e54_d5 45/200 rc=0 out=0 user=30.61
2026-10-06 03:02:55 w2 n20_1010_e54_d5 46/200 rc=0 out=0 user=30.25
2026-10-06 03:03:02 w0 n20_1010_e54_d5 47/200 rc=0 out=0 user=28.43
2026-10-06 03:03:14 w1 n20_1010_e54_d5 48/200 rc=0 out=0 user=30.33
2026-10-06 03:03:25 w2 n20_1010_e54_d5 49/200 rc=0 out=0 user=26.89
2026-10-06 03:03:35 w0 n20_1010_e54_d5 50/200 rc=0 out=0 user=30.08
2026-10-06 03:03:48 w1 n20_1010_e54_d5 51/200 rc=0 out=0 user=30.52
2026-10-06 03:03:58 w2 n20_1010_e54_d5 52/200 rc=0 out=0 user=29.96
2026-10-06 03:04:07 w0 n20_1010_e54_d5 53/200 rc=0 out=0 user=28.86
2026-10-06 03:04:22 w1 n20_1010_e54_d5 54/200 rc=0 out=0 user=30.10
2026-10-06 03:04:28 w2 n20_1010_e54_d5 55/200 rc=0 out=0 user=26.61
2026-10-06 03:04:40 w0 n20_1010_e54_d5 56/200 rc=0 out=0 user=29.04
2026-10-06 03:04:54 w1 n20_1010_e54_d5 57/200 rc=0 out=0 user=27.30
2026-10-06 03:05:05 w2 n20_1010_e54_d5 58/200 rc=0 out=0 user=31.46
2026-10-06 03:05:14 w0 n20_1010_e54_d5 59/200 rc=0 out=0 user=28.71
2026-10-06 03:05:30 w1 n20_1010_e54_d5 60/200 rc=0 out=0 user=30.83
2026-10-06 03:05:39 w2 n20_1010_e54_d5 61/200 rc=0 out=0 user=29.39
2026-10-06 03:05:51 w0 n20_1010_e54_d5 62/200 rc=0 out=0 user=32.18
2026-10-06 03:06:04 w1 n20_1010_e54_d5 63/200 rc=0 out=0 user=29.46
2026-10-06 03:06:14 w2 n20_1010_e54_d5 64/200 rc=0 out=0 user=29.30
2026-10-06 03:06:25 w0 n20_1010_e54_d5 65/200 rc=0 out=0 user=29.24
2026-10-06 03:06:37 w1 n20_1010_e54_d5 66/200 rc=0 out=0 user=29.84
2026-10-06 03:06:45 w2 n20_1010_e54_d5 67/200 rc=0 out=0 user=27.97
2026-10-06 03:06:58 w0 n20_1010_e54_d5 68/200 rc=0 out=0 user=29.47
2026-10-06 03:07:13 w1 n20_1010_e54_d5 69/200 rc=0 out=0 user=30.96
2026-10-06 03:07:18 w2 n20_1010_e54_d5 70/200 rc=0 out=0 user=29.29
2026-10-06 03:07:31 w0 n20_1010_e54_d5 71/200 rc=0 out=0 user=28.31
2026-10-06 03:07:49 w1 n20_1010_e54_d5 72/200 rc=0 out=0 user=30.99
2026-10-06 03:07:51 w2 n20_1010_e54_d5 73/200 rc=0 out=0 user=28.95
2026-10-06 03:08:04 w0 n20_1010_e54_d5 74/200 rc=0 out=0 user=28.79
2026-10-06 03:08:28 w1 n20_1010_e54_d5 75/200 rc=0 out=0 user=34.09
2026-10-06 03:08:28 w2 n20_1010_e54_d5 76/200 rc=0 out=0 user=32.03
2026-10-06 03:08:38 w0 n20_1010_e54_d5 77/200 rc=0 out=0 user=29.69
2026-10-06 03:09:02 w1 n20_1010_e54_d5 78/200 rc=0 out=0 user=29.65
2026-10-06 03:09:03 w2 n20_1010_e54_d5 79/200 rc=0 out=0 user=30.20
2026-10-06 03:09:13 w0 n20_1010_e54_d5 80/200 rc=0 out=0 user=29.63
2026-10-06 03:09:32 w1 n20_1010_e54_d5 81/200 rc=0 out=0 user=26.73
2026-10-06 03:09:35 w2 n20_1010_e54_d5 82/200 rc=0 out=0 user=27.92
2026-10-06 03:09:44 w0 n20_1010_e54_d5 83/200 rc=0 out=0 user=27.69
2026-10-06 03:10:04 w1 n20_1010_e54_d5 84/200 rc=0 out=0 user=28.35
2026-10-06 03:10:11 w2 n20_1010_e54_d5 85/200 rc=0 out=0 user=32.43
2026-10-06 03:10:17 w0 n20_1010_e54_d5 86/200 rc=0 out=0 user=28.69
2026-10-06 03:10:42 w1 n20_1010_e54_d5 87/200 rc=0 out=0 user=32.72
2026-10-06 03:10:45 w2 n20_1010_e54_d5 88/200 rc=0 out=0 user=28.63
2026-10-06 03:10:49 w0 n20_1010_e54_d5 89/200 rc=0 out=0 user=27.88
2026-10-06 03:11:15 w1 n20_1010_e54_d5 90/200 rc=0 out=0 user=28.70
2026-10-06 03:11:19 w2 n20_1010_e54_d5 91/200 rc=0 out=0 user=29.95
2026-10-06 03:11:23 w0 n20_1010_e54_d5 92/200 rc=0 out=0 user=29.71
2026-10-06 03:11:50 w1 n20_1010_e54_d5 93/200 rc=0 out=0 user=30.70
2026-10-06 03:11:51 w2 n20_1010_e54_d5 94/200 rc=0 out=0 user=27.71
2026-10-06 03:11:54 w0 n20_1010_e54_d5 95/200 rc=0 out=0 user=27.07
2026-10-06 03:12:23 w2 n20_1010_e54_d5 97/200 rc=0 out=0 user=27.90
2026-10-06 03:12:26 w1 n20_1010_e54_d5 96/200 rc=0 out=0 user=30.61
2026-10-06 03:12:28 w0 n20_1010_e54_d5 98/200 rc=0 out=0 user=29.74
2026-10-06 03:12:57 w2 n20_1010_e54_d5 99/200 rc=0 out=0 user=29.42
2026-10-06 03:13:00 w1 n20_1010_e54_d5 100/200 rc=0 out=0 user=29.79
2026-10-06 03:13:05 w0 n20_1010_e54_d5 101/200 rc=0 out=0 user=31.89
2026-10-06 03:13:31 w2 n20_1010_e54_d5 102/200 rc=0 out=0 user=29.70
2026-10-06 03:13:34 w1 n20_1010_e54_d5 103/200 rc=0 out=0 user=29.75
2026-10-06 03:13:41 w0 n20_1010_e54_d5 104/200 rc=0 out=0 user=31.36
2026-10-06 03:14:07 w2 n20_1010_e54_d5 105/200 rc=0 out=0 user=31.30
2026-10-06 03:14:09 w1 n20_1010_e54_d5 106/200 rc=0 out=0 user=29.64
2026-10-06 03:14:14 w0 n20_1010_e54_d5 107/200 rc=0 out=0 user=28.67
2026-10-06 03:14:39 w2 n20_1010_e54_d5 108/200 rc=0 out=0 user=28.45
2026-10-06 03:14:41 w1 n20_1010_e54_d5 109/200 rc=0 out=0 user=29.33
2026-10-06 03:14:47 w0 n20_1010_e54_d5 110/200 rc=0 out=0 user=29.81
2026-10-06 03:15:12 w2 n20_1010_e54_d5 111/200 rc=0 out=0 user=29.92
2026-10-06 03:15:15 w1 n20_1010_e54_d5 112/200 rc=0 out=0 user=30.93
2026-10-06 03:15:18 w0 n20_1010_e54_d5 113/200 rc=0 out=0 user=27.60
2026-10-06 03:15:44 w2 n20_1010_e54_d5 114/200 rc=0 out=0 user=28.61
2026-10-06 03:15:51 w1 n20_1010_e54_d5 115/200 rc=0 out=0 user=31.49
2026-10-06 03:15:52 w0 n20_1010_e54_d5 116/200 rc=0 out=0 user=30.54
2026-10-06 03:16:16 w2 n20_1010_e54_d5 117/200 rc=0 out=0 user=28.35
2026-10-06 03:16:24 w0 n20_1010_e54_d5 119/200 rc=0 out=0 user=27.25
2026-10-06 03:16:25 w1 n20_1010_e54_d5 118/200 rc=0 out=0 user=29.40
2026-10-06 03:16:46 w2 n20_1010_e54_d5 120/200 rc=0 out=0 user=25.98
2026-10-06 03:16:55 w0 n20_1010_e54_d5 121/200 rc=0 out=0 user=27.37
2026-10-06 03:16:59 w1 n20_1010_e54_d5 122/200 rc=0 out=0 user=28.82
2026-10-06 03:17:19 w2 n20_1010_e54_d5 123/200 rc=0 out=0 user=28.10
2026-10-06 03:17:30 w0 n20_1010_e54_d5 124/200 rc=0 out=0 user=29.94
2026-10-06 03:17:33 w1 n20_1010_e54_d5 125/200 rc=0 out=0 user=29.48
2026-10-06 03:17:53 w2 n20_1010_e54_d5 126/200 rc=0 out=0 user=29.12
2026-10-06 03:18:05 w0 n20_1010_e54_d5 127/200 rc=0 out=0 user=30.64
2026-10-06 03:18:10 w1 n20_1010_e54_d5 128/200 rc=0 out=0 user=31.96
2026-10-06 03:18:29 w2 n20_1010_e54_d5 129/200 rc=0 out=0 user=31.13
2026-10-06 03:18:41 w0 n20_1010_e54_d5 130/200 rc=0 out=0 user=31.05
2026-10-06 03:18:47 w1 n20_1010_e54_d5 131/200 rc=0 out=0 user=32.01
2026-10-06 03:19:02 w2 n20_1010_e54_d5 132/200 rc=0 out=0 user=29.34
2026-10-06 03:19:15 w0 n20_1010_e54_d5 133/200 rc=0 out=0 user=30.11
2026-10-06 03:19:22 w1 n20_1010_e54_d5 134/200 rc=0 out=0 user=30.67
2026-10-06 03:19:39 w2 n20_1010_e54_d5 135/200 rc=0 out=0 user=32.20
2026-10-06 03:19:52 w0 n20_1010_e54_d5 136/200 rc=0 out=0 user=32.19
2026-10-06 03:19:58 w1 n20_1010_e54_d5 137/200 rc=0 out=0 user=32.29
2026-10-06 03:20:10 w2 n20_1010_e54_d5 138/200 rc=0 out=0 user=28.74
2026-10-06 03:20:21 w0 n20_1010_e54_d5 139/200 rc=0 out=0 user=28.22
2026-10-06 03:20:27 w1 n20_1010_e54_d5 140/200 rc=0 out=0 user=28.63
2026-10-06 03:20:35 w2 n20_1010_e54_d5 141/200 rc=0 out=0 user=24.44
2026-10-06 03:20:45 w0 n20_1010_e54_d5 142/200 rc=0 out=0 user=23.55
2026-10-06 03:20:51 w1 n20_1010_e54_d5 143/200 rc=0 out=0 user=23.51
2026-10-06 03:20:56 w2 n20_1010_e54_d5 144/200 rc=0 out=0 user=21.38
2026-10-06 03:21:06 w0 n20_1010_e54_d5 145/200 rc=0 out=0 user=20.57
2026-10-06 03:21:12 w1 n20_1010_e54_d5 146/200 rc=0 out=0 user=21.21
2026-10-06 03:21:18 w2 n20_1010_e54_d5 147/200 rc=0 out=0 user=21.18
2026-10-06 03:21:33 w0 n20_1010_e54_d5 148/200 rc=0 out=0 user=27.07
2026-10-06 03:21:43 w1 n20_1010_e54_d5 149/200 rc=0 out=0 user=30.53
2026-10-06 03:21:45 w2 n20_1010_e54_d5 150/200 rc=0 out=0 user=26.98
2026-10-06 03:22:05 w0 n20_1010_e54_d5 151/200 rc=0 out=0 user=31.58
2026-10-06 03:22:11 w1 n20_1010_e54_d5 152/200 rc=0 out=0 user=27.81
2026-10-06 03:22:14 w2 n20_1010_e54_d5 153/200 rc=0 out=0 user=29.19
2026-10-06 03:22:35 w0 n20_1010_e54_d5 154/200 rc=0 out=0 user=30.43
2026-10-06 03:22:43 w1 n20_1010_e54_d5 155/200 rc=0 out=0 user=31.91
2026-10-06 03:22:44 w2 n20_1010_e54_d5 156/200 rc=0 out=0 user=29.40
2026-10-06 03:23:01 w0 n20_1010_e54_d5 157/200 rc=0 out=0 user=25.91
2026-10-06 03:23:10 w1 n20_1010_e54_d5 158/200 rc=0 out=0 user=26.42
2026-10-06 03:23:10 w2 n20_1010_e54_d5 159/200 rc=0 out=0 user=25.84
2026-10-06 03:23:26 w0 n20_1010_e54_d5 160/200 rc=0 out=0 user=24.92
2026-10-06 03:23:32 w1 n20_1010_e54_d5 161/200 rc=0 out=0 user=22.62
2026-10-06 03:23:36 w2 n20_1010_e54_d5 162/200 rc=0 out=0 user=25.73
2026-10-06 03:23:50 w0 n20_1010_e54_d5 163/200 rc=0 out=0 user=23.31
2026-10-06 03:23:58 w1 n20_1010_e54_d5 164/200 rc=0 out=0 user=25.38
2026-10-06 03:24:00 w2 n20_1010_e54_d5 165/200 rc=0 out=0 user=24.07
2026-10-06 03:24:12 w0 n20_1010_e54_d5 166/200 rc=0 out=0 user=22.54
2026-10-06 03:24:21 w1 n20_1010_e54_d5 167/200 rc=0 out=0 user=23.09
2026-10-06 03:24:23 w2 n20_1010_e54_d5 168/200 rc=0 out=0 user=22.93
2026-10-06 03:24:32 w0 n20_1010_e54_d5 169/200 rc=0 out=0 user=19.42
2026-10-06 03:24:43 w1 n20_1010_e54_d5 170/200 rc=0 out=0 user=21.99
2026-10-06 03:24:47 w2 n20_1010_e54_d5 171/200 rc=0 out=0 user=23.95
2026-10-06 03:24:56 w0 n20_1010_e54_d5 172/200 rc=0 out=0 user=23.57
2026-10-06 03:25:05 w1 n20_1010_e54_d5 173/200 rc=0 out=0 user=21.90
2026-10-06 03:25:08 w2 n20_1010_e54_d5 174/200 rc=0 out=0 user=21.16
2026-10-06 03:25:18 w0 n20_1010_e54_d5 175/200 rc=0 out=0 user=22.39
2026-10-06 03:25:28 w1 n20_1010_e54_d5 176/200 rc=0 out=0 user=23.22
2026-10-06 03:25:32 w2 n20_1010_e54_d5 177/200 rc=0 out=0 user=24.19
2026-10-06 03:25:40 w0 n20_1010_e54_d5 178/200 rc=0 out=0 user=21.67
2026-10-06 03:25:50 w1 n20_1010_e54_d5 179/200 rc=0 out=0 user=21.75
2026-10-06 03:25:53 w2 n20_1010_e54_d5 180/200 rc=0 out=0 user=20.32
2026-10-06 03:26:01 w0 n20_1010_e54_d5 181/200 rc=0 out=0 user=20.82
2026-10-06 03:26:11 w1 n20_1010_e54_d5 182/200 rc=0 out=0 user=20.41
2026-10-06 03:26:15 w2 n20_1010_e54_d5 183/200 rc=0 out=0 user=22.22
2026-10-06 03:26:20 w0 n20_1010_e54_d5 184/200 rc=0 out=0 user=19.05
2026-10-06 03:26:31 w1 n20_1010_e54_d5 185/200 rc=0 out=0 user=20.26
2026-10-06 03:26:37 w2 n20_1010_e54_d5 186/200 rc=0 out=0 user=21.88
2026-10-06 03:26:42 w0 n20_1010_e54_d5 187/200 rc=0 out=0 user=21.82
2026-10-06 03:26:52 w1 n20_1010_e54_d5 188/200 rc=0 out=0 user=20.69
2026-10-06 03:26:58 w2 n20_1010_e54_d5 189/200 rc=0 out=0 user=20.78
2026-10-06 03:27:06 w0 n20_1010_e54_d5 190/200 rc=0 out=0 user=24.36
2026-10-06 03:27:17 w1 n20_1010_e54_d5 191/200 rc=0 out=0 user=24.66
2026-10-06 03:27:21 w2 n20_1010_e54_d5 192/200 rc=0 out=0 user=22.83
2026-10-06 03:27:31 w0 n20_1010_e54_d5 193/200 rc=0 out=0 user=24.13
2026-10-06 03:27:41 w1 n20_1010_e54_d5 194/200 rc=0 out=0 user=24.06
2026-10-06 03:27:43 w2 n20_1010_e54_d5 195/200 rc=0 out=0 user=21.65
2026-10-06 03:27:52 w0 n20_1010_e54_d5 196/200 rc=0 out=0 user=21.32
2026-10-06 03:28:01 w2 n20_1010_e54_d5 198/200 rc=0 out=0 user=18.66
2026-10-06 03:28:01 w2 end of queue at line 441
2026-10-06 03:28:02 w1 n20_1010_e54_d5 197/200 rc=0 out=0 user=20.86
2026-10-06 03:28:02 w1 end of queue at line 441
2026-10-06 03:28:11 w0 n20_1010_e54_d5 199/200 rc=0 out=0 user=19.20
2026-10-06 03:28:11 w0 end of queue at line 441
=== workers done 2026-10-06 03:28:11 EDT
Written 2026-10-06 03:28:11 EDT by `code/collect.py` from the shard files; rules in section 3.

| n | ex(n) | Basis |
|---|---|---|
| 17 | **43** | complete. e = 44 (sides 8 + 9): 0 graphs in both class orders; e ≥ 45: census F1(17); lower bound `data/witness_n17.g6` |
| 18 | **46** | complete. e = 47: sides 8 + 10, 0 graphs in both orders; sides 9 + 9 (job A), 0 graphs; e ≥ 48: census F1(18); lower bound `data/witness_n18.g6` |
| 19 | **49** | complete. e = 50 (job B, sides 9 + 10): 0 graphs; e = 51 forces δ ≥ 5 (Lemma B): 0 graphs in both orders; e ≥ 52: impossible (Lemma B; also QB(5)); lower bound `data/witness_n19.g6` |
| 20 | **52 or 53** | e ≥ 55 impossible (Lemma B); e = 54 forces δ ≥ 5 and job C (10 + 10) gave 0; e = 53 not run (over budget, section 5); lower bound `data/witness_n20.g6` |

So QB(7) (e ≥ 3n − 7 forces a nonempty 4-regular subgraph) holds for 4 ≤ n ≤ 19, and QB(6) holds for 4 ≤ n ≤ 20.

Detached jobs (`code/jobs.tsv`):

| Job | Class | Shards done | Output graphs (no 4-regular subgraph) | user CPU s | Status | Re-check of output |
|---|---|---|---|---|---|---|
| n18_99_e47 | n=18 e=47=3n-7 sides 9+9 delta>=4 | 40/40 | 0 | 2,057 | COMPLETE | - |
| n19_910_e50 | n=19 e=50=3n-7 sides 9+10 delta>=4 | 200/200 | 0 | 24,486 | COMPLETE | - |
| n20_1010_e54_d5 | n=20 e=54=3n-6 sides 10+10 delta>=5 | 200/200 | 0 | 5,575 | COMPLETE | - |

=== drive end 2026-10-06 03:28:11 EDT
