n=23 A=5+5 alpha H[] B=6+6 deg y=4 level=y star=True qfree=False: UNSAT [11.1s]
n=23 A=5+5 alpha H[] B=6+6 deg y=5 level=y star=True qfree=False: UNSAT [19.1s]
n=23 A=5+5 alpha H[(0, 0)] B=6+6 deg y=5 level=y star=True qfree=False: UNSAT [19.6s]
n=23 A=5+5 alpha H[(0, 1)] B=6+6 deg y=4 level=y star=True qfree=False: UNSAT [20.2s]
n=23 A=5+5 alpha H[(0, 0)] B=6+6 deg y=4 level=y star=True qfree=False: UNSAT [20.3s]
n=23 A=5+5 alpha H[(0, 1)] B=6+6 deg y=5 level=y star=True qfree=False: UNSAT [22.7s]
n=23 A=5+5 alpha H[(1, 0)] B=6+6 deg y=4 level=y star=True qfree=False: UNSAT [14.1s]
n=23 A=5+5 alpha H[(3, 3)] B=6+6 deg y=4 level=y star=True qfree=False: UNSAT [13.1s]
n=23 A=5+5 alpha H[(1, 0)] B=6+6 deg y=5 level=y star=True qfree=False: UNSAT [19.6s]
n=23 A=5+5 alpha H[(2, 2)] B=6+6 deg y=4 level=y star=True qfree=False: UNSAT [20.2s]
n=23 A=5+5 alpha H[(4, 4)] B=6+6 deg y=4 level=y star=True qfree=False: UNSAT [15.1s]
n=23 A=5+5 alpha H[(3, 3)] B=6+6 deg y=5 level=y star=True qfree=False: UNSAT [18.7s]
n=23 A=5+5 alpha H[(2, 2)] B=6+6 deg y=5 level=y star=True qfree=False: UNSAT [30.0s]
n=23 A=5+5 alpha H[(0, 0), (1, 0)] B=6+6 deg y=4 level=y star=True qfree=False: UNSAT [12.3s]
n=23 A=5+5 alpha H[(0, 0), (0, 1)] B=6+6 deg y=4 level=y star=True qfree=False: UNSAT [14.8s]
n=23 A=5+5 alpha H[(4, 4)] B=6+6 deg y=5 level=y star=True qfree=False: UNSAT [21.6s]
n=23 A=5+5 alpha H[(0, 0), (0, 1)] B=6+6 deg y=5 level=y star=True qfree=False: UNSAT [19.6s]
n=23 A=5+5 alpha H[(0, 0), (2, 2)] B=6+6 deg y=4 level=y star=True qfree=False: UNSAT [14.8s]
n=23 A=5+5 alpha H[(0, 0), (3, 3)] B=6+6 deg y=4 level=y star=True qfree=False: UNSAT [12.8s]
n=23 A=5+5 alpha H[(0, 0), (1, 0)] B=6+6 deg y=5 level=y star=True qfree=False: UNSAT [26.0s]
n=23 A=5+5 alpha H[(0, 0), (2, 2)] B=6+6 deg y=5 level=y star=True qfree=False: UNSAT [21.6s]
n=23 A=5+5 alpha H[(0, 0), (3, 3)] B=6+6 deg y=5 level=y star=True qfree=False: UNSAT [19.8s]
n=23 A=5+5 alpha H[(0, 0), (4, 4)] B=6+6 deg y=4 level=y star=True qfree=False: UNSAT [20.7s]
n=23 A=5+5 alpha H[(0, 0), (4, 4)] B=6+6 deg y=5 level=y star=True qfree=False: UNSAT [22.4s]
n=23 A=5+5 alpha H[(0, 1), (2, 2)] B=6+6 deg y=4 level=y star=True qfree=False: UNSAT [15.2s]
n=23 A=5+5 alpha H[(0, 1), (1, 0)] B=6+6 deg y=4 level=y star=True qfree=False: UNSAT [23.4s]
n=23 A=5+5 alpha H[(0, 1), (1, 0)] B=6+6 deg y=5 level=y star=True qfree=False: UNSAT [22.5s]
n=23 A=5+5 alpha H[(0, 1), (2, 2)] B=6+6 deg y=5 level=y star=True qfree=False: UNSAT [19.6s]
n=23 A=5+5 alpha H[(0, 1), (3, 3)] B=6+6 deg y=4 level=y star=True qfree=False: UNSAT [25.0s]
n=23 A=5+5 alpha H[(0, 1), (4, 4)] B=6+6 deg y=4 level=y star=True qfree=False: UNSAT [17.1s]
n=23 A=5+5 alpha H[(1, 0), (2, 2)] B=6+6 deg y=4 level=y star=True qfree=False: UNSAT [17.7s]
n=23 A=5+5 alpha H[(0, 1), (3, 3)] B=6+6 deg y=5 level=y star=True qfree=False: UNSAT [22.1s]
n=23 A=5+5 alpha H[(0, 1), (4, 4)] B=6+6 deg y=5 level=y star=True qfree=False: UNSAT [20.5s]
n=23 A=5+5 alpha H[(1, 0), (2, 2)] B=6+6 deg y=5 level=y star=True qfree=False: UNSAT [22.2s]
n=23 A=5+5 alpha H[(1, 0), (4, 4)] B=6+6 deg y=4 level=y star=True qfree=False: UNSAT [12.6s]
n=23 A=5+5 alpha H[(1, 0), (3, 3)] B=6+6 deg y=4 level=y star=True qfree=False: UNSAT [17.1s]
n=23 A=5+5 alpha H[(1, 0), (3, 3)] B=6+6 deg y=5 level=y star=True qfree=False: UNSAT [18.9s]
n=23 A=5+5 alpha H[(1, 0), (4, 4)] B=6+6 deg y=5 level=y star=True qfree=False: UNSAT [24.4s]
n=23 A=5+5 alpha H[(2, 2), (3, 3)] B=6+6 deg y=5 level=y star=True qfree=False: UNSAT [17.7s]
n=23 A=5+5 alpha H[(2, 2), (3, 3)] B=6+6 deg y=4 level=y star=True qfree=False: UNSAT [25.8s]
n=23 A=5+5 alpha H[(3, 3), (4, 4)] B=6+6 deg y=4 level=y star=True qfree=False: UNSAT [17.2s]
n=23 A=5+5 alpha H[(2, 2), (4, 4)] B=6+6 deg y=5 level=y star=True qfree=False: UNSAT [21.3s]
n=23 A=5+5 beta H[] B=6+6 deg y=4 level=y star=True qfree=False: UNSAT [15.2s]
n=23 A=5+5 alpha H[(2, 2), (4, 4)] B=6+6 deg y=4 level=y star=True qfree=False: UNSAT [29.8s]
n=23 A=5+5 alpha H[(3, 3), (4, 4)] B=6+6 deg y=5 level=y star=True qfree=False: UNSAT [21.5s]
n=23 A=5+5 beta H[] B=6+6 deg y=5 level=y star=True qfree=False: UNSAT [22.6s]
n=23 A=5+5 beta H[(0, 1)] B=6+6 deg y=4 level=y star=True qfree=False: UNSAT [17.4s]
n=23 A=5+5 beta H[(0, 1)] B=6+6 deg y=5 level=y star=True qfree=False: UNSAT [20.7s]
n=23 A=5+5 beta H[(0, 2)] B=6+6 deg y=5 level=y star=True qfree=False: UNSAT [21.6s]
n=23 A=5+5 beta H[(2, 0)] B=6+6 deg y=4 level=y star=True qfree=False: UNSAT [16.8s]
n=23 A=5+5 beta H[(0, 2)] B=6+6 deg y=4 level=y star=True qfree=False: UNSAT [27.5s]
n=23 A=5+5 beta H[(1, 0)] B=6+6 deg y=4 level=y star=True qfree=False: UNSAT [22.1s]
n=23 A=5+5 beta H[(1, 0)] B=6+6 deg y=5 level=y star=True qfree=False: UNSAT [24.2s]
n=23 A=5+5 beta H[(2, 0)] B=6+6 deg y=5 level=y star=True qfree=False: UNSAT [20.4s]
n=23 A=5+5 beta H[(3, 3)] B=6+6 deg y=4 level=y star=True qfree=False: UNSAT [14.5s]
n=23 A=5+5 beta H[(4, 4)] B=6+6 deg y=4 level=y star=True qfree=False: UNSAT [16.0s]
n=23 A=5+5 beta H[(3, 3)] B=6+6 deg y=5 level=y star=True qfree=False: UNSAT [20.2s]
n=23 A=5+5 beta H[(4, 4)] B=6+6 deg y=5 level=y star=True qfree=False: UNSAT [23.1s]
n=23 A=5+5 beta H[(0, 1), (1, 0)] B=6+6 deg y=4 level=y star=True qfree=False: UNSAT [17.9s]
n=23 A=5+5 beta H[(0, 1), (0, 2)] B=6+6 deg y=5 level=y star=True qfree=False: UNSAT [22.5s]
n=23 A=5+5 beta H[(0, 1), (0, 2)] B=6+6 deg y=4 level=y star=True qfree=False: UNSAT [24.6s]
n=23 A=5+5 beta H[(0, 1), (2, 0)] B=6+6 deg y=4 level=y star=True qfree=False: UNSAT [15.9s]
n=23 A=5+5 beta H[(0, 1), (1, 0)] B=6+6 deg y=5 level=y star=True qfree=False: UNSAT [20.7s]
n=23 A=5+5 beta H[(0, 1), (2, 0)] B=6+6 deg y=5 level=y star=True qfree=False: UNSAT [21.2s]
n=23 A=5+5 beta H[(0, 1), (4, 4)] B=6+6 deg y=4 level=y star=True qfree=False: UNSAT [18.7s]
n=23 A=5+5 beta H[(0, 1), (3, 3)] B=6+6 deg y=5 level=y star=True qfree=False: UNSAT [23.9s]
n=23 A=5+5 beta H[(0, 1), (3, 3)] B=6+6 deg y=4 level=y star=True qfree=False: UNSAT [27.1s]
n=23 A=5+5 beta H[(0, 2), (1, 0)] B=6+6 deg y=4 level=y star=True qfree=False: UNSAT [20.5s]
n=23 A=5+5 beta H[(0, 1), (4, 4)] B=6+6 deg y=5 level=y star=True qfree=False: UNSAT [22.4s]
n=23 A=5+5 beta H[(0, 2), (2, 0)] B=6+6 deg y=4 level=y star=True qfree=False: UNSAT [15.3s]
n=23 A=5+5 beta H[(0, 2), (1, 0)] B=6+6 deg y=5 level=y star=True qfree=False: UNSAT [22.2s]
n=23 A=5+5 beta H[(0, 2), (2, 0)] B=6+6 deg y=5 level=y star=True qfree=False: UNSAT [22.3s]
n=23 A=5+5 beta H[(0, 2), (4, 4)] B=6+6 deg y=4 level=y star=True qfree=False: UNSAT [19.0s]
n=23 A=5+5 beta H[(0, 2), (3, 3)] B=6+6 deg y=4 level=y star=True qfree=False: UNSAT [24.5s]
n=23 A=5+5 beta H[(0, 2), (3, 3)] B=6+6 deg y=5 level=y star=True qfree=False: UNSAT [22.1s]
n=23 A=5+5 beta H[(1, 0), (2, 0)] B=6+6 deg y=4 level=y star=True qfree=False: UNSAT [16.3s]
n=23 A=5+5 beta H[(0, 2), (4, 4)] B=6+6 deg y=5 level=y star=True qfree=False: UNSAT [24.7s]
n=23 A=5+5 beta H[(1, 0), (4, 4)] B=6+6 deg y=4 level=y star=True qfree=False: UNSAT [13.1s]
n=23 A=5+5 beta H[(1, 0), (3, 3)] B=6+6 deg y=4 level=y star=True qfree=False: UNSAT [17.8s]
n=23 A=5+5 beta H[(1, 0), (2, 0)] B=6+6 deg y=5 level=y star=True qfree=False: UNSAT [21.4s]
n=23 A=5+5 beta H[(1, 0), (3, 3)] B=6+6 deg y=5 level=y star=True qfree=False: UNSAT [19.5s]
n=23 A=5+5 beta H[(2, 0), (3, 3)] B=6+6 deg y=4 level=y star=True qfree=False: UNSAT [15.0s]
n=23 A=5+5 beta H[(1, 0), (4, 4)] B=6+6 deg y=5 level=y star=True qfree=False: UNSAT [23.6s]
n=23 A=5+5 beta H[(2, 0), (4, 4)] B=6+6 deg y=4 level=y star=True qfree=False: UNSAT [15.7s]
n=23 A=5+5 beta H[(3, 3), (4, 4)] B=6+6 deg y=4 level=y star=True qfree=False: UNSAT [15.0s]
n=23 A=5+5 beta H[(2, 0), (3, 3)] B=6+6 deg y=5 level=y star=True qfree=False: UNSAT [21.3s]
n=23 A=5+5 beta H[(2, 0), (4, 4)] B=6+6 deg y=5 level=y star=True qfree=False: UNSAT [19.0s]
n=23 A=5+5 beta H[(3, 3), (4, 4)] B=6+6 deg y=5 level=y star=True qfree=False: UNSAT [16.5s]
DONE
