n=21 A=5+5 alpha H[] B=5+5 deg y=4 level=y star=False qfree=False: SAT [0.0s]
n=21 A=5+5 alpha H[(0, 1)] B=5+5 deg y=4 level=y star=False qfree=False: SAT [0.0s]
n=21 A=5+5 alpha H[] B=5+5 deg y=5 level=y star=False qfree=False: SAT [0.0s]
n=21 A=5+5 alpha H[(0, 1)] B=5+5 deg y=5 level=y star=False qfree=False: SAT [0.0s]
n=21 A=K44-e B=6+6 deg y=4 level=y star=False qfree=False: SAT [0.0s]
n=21 A=K44-e B=6+6 deg y=5 level=y star=False qfree=False: SAT [0.0s]
n=21 A=5+5 alpha H[(1, 0)] B=5+5 deg y=4 level=y star=False qfree=False: SAT [0.0s]
n=21 A=5+5 alpha H[(1, 0)] B=5+5 deg y=5 level=y star=False qfree=False: SAT [0.0s]
n=21 A=5+5 alpha H[(2, 2)] B=5+5 deg y=4 level=y star=False qfree=False: SAT [0.0s]
n=21 A=5+5 alpha H[(3, 3)] B=5+5 deg y=4 level=y star=False qfree=False: SAT [0.0s]
n=21 A=5+5 alpha H[(2, 2)] B=5+5 deg y=5 level=y star=False qfree=False: SAT [0.0s]
n=21 A=5+5 alpha H[(3, 3)] B=5+5 deg y=5 level=y star=False qfree=False: SAT [0.0s]
n=21 A=5+5 alpha H[(0, 1), (2, 2)] B=5+5 deg y=4 level=y star=False qfree=False: SAT [0.0s]
n=21 A=5+5 alpha H[(4, 4)] B=5+5 deg y=4 level=y star=False qfree=False: SAT [0.0s]
n=21 A=5+5 alpha H[(0, 1), (3, 3)] B=5+5 deg y=4 level=y star=False qfree=False: SAT [0.0s]
n=21 A=5+5 alpha H[(0, 1), (2, 2)] B=5+5 deg y=5 level=y star=False qfree=False: SAT [0.0s]
n=21 A=5+5 alpha H[(4, 4)] B=5+5 deg y=5 level=y star=False qfree=False: SAT [0.0s]
n=21 A=5+5 alpha H[(0, 1), (3, 3)] B=5+5 deg y=5 level=y star=False qfree=False: SAT [0.0s]
n=21 A=5+5 alpha H[(0, 1), (4, 4)] B=5+5 deg y=4 level=y star=False qfree=False: SAT [0.0s]
n=21 A=5+5 alpha H[(1, 0), (2, 2)] B=5+5 deg y=5 level=y star=False qfree=False: SAT [0.0s]
n=21 A=5+5 alpha H[(1, 0), (2, 2)] B=5+5 deg y=4 level=y star=False qfree=False: SAT [0.0s]
n=21 A=5+5 alpha H[(0, 1), (4, 4)] B=5+5 deg y=5 level=y star=False qfree=False: SAT [0.0s]
n=21 A=5+5 alpha H[(1, 0), (3, 3)] B=5+5 deg y=4 level=y star=False qfree=False: SAT [0.0s]
n=21 A=5+5 alpha H[(1, 0), (3, 3)] B=5+5 deg y=5 level=y star=False qfree=False: SAT [0.0s]
n=21 A=5+5 alpha H[(1, 0), (4, 4)] B=5+5 deg y=5 level=y star=False qfree=False: SAT [0.0s]
n=21 A=5+5 alpha H[(2, 2), (3, 3)] B=5+5 deg y=4 level=y star=False qfree=False: SAT [0.0s]
n=21 A=5+5 alpha H[(2, 2), (4, 4)] B=5+5 deg y=4 level=y star=False qfree=False: SAT [0.0s]
n=21 A=5+5 alpha H[(1, 0), (4, 4)] B=5+5 deg y=4 level=y star=False qfree=False: SAT [0.0s]
n=21 A=5+5 alpha H[(2, 2), (3, 3)] B=5+5 deg y=5 level=y star=False qfree=False: SAT [0.0s]
n=21 A=5+5 alpha H[(2, 2), (4, 4)] B=5+5 deg y=5 level=y star=False qfree=False: SAT [0.0s]
n=21 A=5+5 beta H[] B=5+5 deg y=5 level=y star=False qfree=False: SAT [0.0s]
n=21 A=5+5 beta H[(0, 1)] B=5+5 deg y=4 level=y star=False qfree=False: SAT [0.0s]
n=21 A=5+5 beta H[] B=5+5 deg y=4 level=y star=False qfree=False: SAT [0.0s]
n=21 A=5+5 alpha H[(3, 3), (4, 4)] B=5+5 deg y=5 level=y star=False qfree=False: SAT [0.0s]
n=21 A=5+5 alpha H[(3, 3), (4, 4)] B=5+5 deg y=4 level=y star=False qfree=False: SAT [0.0s]
n=21 A=5+5 beta H[(0, 1)] B=5+5 deg y=5 level=y star=False qfree=False: SAT [0.0s]
n=21 A=5+5 beta H[(0, 2)] B=5+5 deg y=5 level=y star=False qfree=False: SAT [0.0s]
n=21 A=5+5 beta H[(1, 0)] B=5+5 deg y=4 level=y star=False qfree=False: SAT [0.0s]
n=21 A=5+5 beta H[(0, 2)] B=5+5 deg y=4 level=y star=False qfree=False: SAT [0.0s]
n=21 A=5+5 beta H[(1, 0)] B=5+5 deg y=5 level=y star=False qfree=False: SAT [0.0s]
n=21 A=5+5 beta H[(2, 0)] B=5+5 deg y=4 level=y star=False qfree=False: SAT [0.0s]
n=21 A=5+5 beta H[(2, 0)] B=5+5 deg y=5 level=y star=False qfree=False: SAT [0.0s]
n=21 A=5+5 beta H[(3, 3)] B=5+5 deg y=4 level=y star=False qfree=False: SAT [0.0s]
n=21 A=5+5 beta H[(3, 3)] B=5+5 deg y=5 level=y star=False qfree=False: SAT [0.0s]
n=21 A=5+5 beta H[(4, 4)] B=5+5 deg y=4 level=y star=False qfree=False: SAT [0.0s]
n=21 A=5+5 beta H[(0, 1), (0, 2)] B=5+5 deg y=4 level=y star=False qfree=False: SAT [0.0s]
n=21 A=5+5 beta H[(4, 4)] B=5+5 deg y=5 level=y star=False qfree=False: SAT [0.0s]
n=21 A=5+5 beta H[(0, 1), (0, 2)] B=5+5 deg y=5 level=y star=False qfree=False: SAT [0.0s]
n=21 A=5+5 beta H[(0, 1), (4, 4)] B=5+5 deg y=4 level=y star=False qfree=False: SAT [0.0s]
n=21 A=5+5 beta H[(0, 1), (3, 3)] B=5+5 deg y=5 level=y star=False qfree=False: SAT [0.0s]
n=21 A=5+5 beta H[(0, 1), (3, 3)] B=5+5 deg y=4 level=y star=False qfree=False: SAT [0.0s]
n=21 A=5+5 beta H[(0, 1), (4, 4)] B=5+5 deg y=5 level=y star=False qfree=False: SAT [0.0s]
n=21 A=5+5 beta H[(0, 2), (3, 3)] B=5+5 deg y=4 level=y star=False qfree=False: SAT [0.0s]
n=21 A=5+5 beta H[(0, 2), (3, 3)] B=5+5 deg y=5 level=y star=False qfree=False: SAT [0.0s]
n=21 A=5+5 beta H[(0, 2), (4, 4)] B=5+5 deg y=4 level=y star=False qfree=False: SAT [0.0s]
n=21 A=5+5 beta H[(1, 0), (2, 0)] B=5+5 deg y=5 level=y star=False qfree=False: SAT [0.0s]
n=21 A=5+5 beta H[(0, 2), (4, 4)] B=5+5 deg y=5 level=y star=False qfree=False: SAT [0.0s]
n=21 A=5+5 beta H[(1, 0), (2, 0)] B=5+5 deg y=4 level=y star=False qfree=False: SAT [0.0s]
n=21 A=5+5 beta H[(1, 0), (3, 3)] B=5+5 deg y=4 level=y star=False qfree=False: SAT [0.0s]
n=21 A=5+5 beta H[(1, 0), (3, 3)] B=5+5 deg y=5 level=y star=False qfree=False: SAT [0.0s]
n=21 A=5+5 beta H[(2, 0), (3, 3)] B=5+5 deg y=5 level=y star=False qfree=False: SAT [0.0s]
n=21 A=5+5 beta H[(2, 0), (3, 3)] B=5+5 deg y=4 level=y star=False qfree=False: SAT [0.0s]
n=21 A=5+5 beta H[(1, 0), (4, 4)] B=5+5 deg y=5 level=y star=False qfree=False: SAT [0.0s]
n=21 A=5+5 beta H[(1, 0), (4, 4)] B=5+5 deg y=4 level=y star=False qfree=False: SAT [0.0s]
n=21 A=5+5 beta H[(2, 0), (4, 4)] B=5+5 deg y=4 level=y star=False qfree=False: SAT [0.0s]
n=21 A=5+5 beta H[(2, 0), (4, 4)] B=5+5 deg y=5 level=y star=False qfree=False: SAT [0.0s]
DONE
