n=21 A=5+5 alpha H[(0, 1)] B=5+5 deg y=5 level=y star=True: UNSAT [0.0s, 2348 clauses]
n=21 A=5+5 alpha H[(0, 1)] B=5+5 deg y=4 level=y star=True: UNSAT [0.0s, 2344 clauses]
n=21 A=5+5 alpha H[] B=5+5 deg y=4 level=y star=True: UNSAT [0.0s, 2291 clauses]
n=21 A=5+5 alpha H[] B=5+5 deg y=5 level=y star=True: UNSAT [0.0s, 2295 clauses]
n=21 A=5+5 alpha H[(1, 0)] B=5+5 deg y=5 level=y star=True: UNSAT [0.0s, 2351 clauses]
n=21 A=5+5 alpha H[(2, 2)] B=5+5 deg y=4 level=y star=True: UNSAT [0.0s, 2373 clauses]
n=21 A=5+5 alpha H[(1, 0)] B=5+5 deg y=4 level=y star=True: UNSAT [0.0s, 2347 clauses]
n=21 A=5+5 alpha H[(2, 2)] B=5+5 deg y=5 level=y star=True: UNSAT [0.0s, 2377 clauses]
n=21 A=5+5 alpha H[(3, 3)] B=5+5 deg y=4 level=y star=True: UNSAT [0.0s, 2373 clauses]
n=21 A=5+5 alpha H[(3, 3)] B=5+5 deg y=5 level=y star=True: UNSAT [0.0s, 2377 clauses]
n=21 A=5+5 alpha H[(4, 4)] B=5+5 deg y=4 level=y star=True: UNSAT [0.0s, 2373 clauses]
n=21 A=5+5 alpha H[(4, 4)] B=5+5 deg y=5 level=y star=True: UNSAT [0.0s, 2377 clauses]
n=21 A=5+5 alpha H[(0, 1), (3, 3)] B=5+5 deg y=4 level=y star=True: UNSAT [0.0s, 2376 clauses]
n=21 A=5+5 alpha H[(0, 1), (2, 2)] B=5+5 deg y=4 level=y star=True: UNSAT [0.0s, 2376 clauses]
n=21 A=5+5 alpha H[(0, 1), (2, 2)] B=5+5 deg y=5 level=y star=True: UNSAT [0.0s, 2380 clauses]
n=21 A=5+5 alpha H[(0, 1), (3, 3)] B=5+5 deg y=5 level=y star=True: UNSAT [0.0s, 2380 clauses]
n=21 A=5+5 alpha H[(0, 1), (4, 4)] B=5+5 deg y=5 level=y star=True: UNSAT [0.0s, 2380 clauses]
n=21 A=5+5 alpha H[(1, 0), (2, 2)] B=5+5 deg y=4 level=y star=True: UNSAT [0.0s, 2379 clauses]
n=21 A=5+5 alpha H[(0, 1), (4, 4)] B=5+5 deg y=4 level=y star=True: UNSAT [0.0s, 2376 clauses]
n=21 A=5+5 alpha H[(1, 0), (2, 2)] B=5+5 deg y=5 level=y star=True: UNSAT [0.0s, 2383 clauses]
n=21 A=5+5 alpha H[(1, 0), (3, 3)] B=5+5 deg y=5 level=y star=True: UNSAT [0.0s, 2383 clauses]
n=21 A=5+5 alpha H[(1, 0), (4, 4)] B=5+5 deg y=4 level=y star=True: UNSAT [0.0s, 2379 clauses]
n=21 A=5+5 alpha H[(1, 0), (4, 4)] B=5+5 deg y=5 level=y star=True: UNSAT [0.0s, 2383 clauses]
n=21 A=5+5 alpha H[(1, 0), (3, 3)] B=5+5 deg y=4 level=y star=True: UNSAT [0.0s, 2379 clauses]
n=21 A=5+5 alpha H[(2, 2), (3, 3)] B=5+5 deg y=4 level=y star=True: UNSAT [0.0s, 2374 clauses]
n=21 A=5+5 alpha H[(2, 2), (3, 3)] B=5+5 deg y=5 level=y star=True: UNSAT [0.0s, 2378 clauses]
n=21 A=5+5 alpha H[(2, 2), (4, 4)] B=5+5 deg y=4 level=y star=True: UNSAT [0.0s, 2374 clauses]
n=21 A=5+5 alpha H[(2, 2), (4, 4)] B=5+5 deg y=5 level=y star=True: UNSAT [0.0s, 2378 clauses]
n=21 A=5+5 alpha H[(3, 3), (4, 4)] B=5+5 deg y=4 level=y star=True: UNSAT [0.0s, 2374 clauses]
n=21 A=5+5 alpha H[(3, 3), (4, 4)] B=5+5 deg y=5 level=y star=True: UNSAT [0.0s, 2378 clauses]
n=21 A=5+5 beta H[] B=5+5 deg y=4 level=y star=True: UNSAT [0.0s, 2292 clauses]
n=21 A=5+5 beta H[] B=5+5 deg y=5 level=y star=True: UNSAT [0.0s, 2296 clauses]
n=21 A=5+5 beta H[(0, 1)] B=5+5 deg y=5 level=y star=True: UNSAT [0.0s, 2364 clauses]
n=21 A=5+5 beta H[(0, 2)] B=5+5 deg y=4 level=y star=True: UNSAT [0.0s, 2360 clauses]
n=21 A=5+5 beta H[(0, 1)] B=5+5 deg y=4 level=y star=True: UNSAT [0.0s, 2360 clauses]
n=21 A=5+5 beta H[(0, 2)] B=5+5 deg y=5 level=y star=True: UNSAT [0.0s, 2364 clauses]
n=21 A=5+5 beta H[(1, 0)] B=5+5 deg y=5 level=y star=True: UNSAT [0.0s, 2367 clauses]
n=21 A=5+5 beta H[(1, 0)] B=5+5 deg y=4 level=y star=True: UNSAT [0.0s, 2363 clauses]
n=21 A=5+5 beta H[(2, 0)] B=5+5 deg y=4 level=y star=True: UNSAT [0.0s, 2363 clauses]
n=21 A=5+5 beta H[(2, 0)] B=5+5 deg y=5 level=y star=True: UNSAT [0.0s, 2367 clauses]
n=21 A=5+5 beta H[(3, 3)] B=5+5 deg y=4 level=y star=True: UNSAT [0.0s, 2373 clauses]
n=21 A=5+5 beta H[(3, 3)] B=5+5 deg y=5 level=y star=True: UNSAT [0.0s, 2377 clauses]
n=21 A=5+5 beta H[(4, 4)] B=5+5 deg y=5 level=y star=True: UNSAT [0.0s, 2377 clauses]
n=21 A=5+5 beta H[(4, 4)] B=5+5 deg y=4 level=y star=True: UNSAT [0.0s, 2373 clauses]
n=21 A=5+5 beta H[(0, 1), (3, 3)] B=5+5 deg y=4 level=y star=True: UNSAT [0.0s, 2376 clauses]
n=21 A=5+5 beta H[(0, 1), (0, 2)] B=5+5 deg y=5 level=y star=True: UNSAT [0.0s, 2338 clauses]
n=21 A=5+5 beta H[(0, 1), (3, 3)] B=5+5 deg y=5 level=y star=True: UNSAT [0.0s, 2380 clauses]
n=21 A=5+5 beta H[(0, 1), (0, 2)] B=5+5 deg y=4 level=y star=True: UNSAT [0.0s, 2334 clauses]
n=21 A=5+5 beta H[(0, 1), (4, 4)] B=5+5 deg y=5 level=y star=True: UNSAT [0.0s, 2380 clauses]
n=21 A=5+5 beta H[(0, 1), (4, 4)] B=5+5 deg y=4 level=y star=True: UNSAT [0.0s, 2376 clauses]
n=21 A=5+5 beta H[(0, 2), (3, 3)] B=5+5 deg y=5 level=y star=True: UNSAT [0.0s, 2380 clauses]
n=21 A=5+5 beta H[(0, 2), (3, 3)] B=5+5 deg y=4 level=y star=True: UNSAT [0.0s, 2376 clauses]
n=21 A=5+5 beta H[(0, 2), (4, 4)] B=5+5 deg y=5 level=y star=True: UNSAT [0.0s, 2380 clauses]
n=21 A=5+5 beta H[(0, 2), (4, 4)] B=5+5 deg y=4 level=y star=True: UNSAT [0.0s, 2376 clauses]
n=21 A=5+5 beta H[(1, 0), (2, 0)] B=5+5 deg y=5 level=y star=True: UNSAT [0.0s, 2356 clauses]
n=21 A=5+5 beta H[(1, 0), (2, 0)] B=5+5 deg y=4 level=y star=True: UNSAT [0.0s, 2352 clauses]
n=21 A=5+5 beta H[(1, 0), (3, 3)] B=5+5 deg y=5 level=y star=True: UNSAT [0.0s, 2383 clauses]
n=21 A=5+5 beta H[(1, 0), (4, 4)] B=5+5 deg y=4 level=y star=True: UNSAT [0.0s, 2379 clauses]
n=21 A=5+5 beta H[(1, 0), (4, 4)] B=5+5 deg y=5 level=y star=True: UNSAT [0.0s, 2383 clauses]
n=21 A=5+5 beta H[(1, 0), (3, 3)] B=5+5 deg y=4 level=y star=True: UNSAT [0.0s, 2379 clauses]
n=21 A=5+5 beta H[(2, 0), (3, 3)] B=5+5 deg y=4 level=y star=True: UNSAT [0.0s, 2379 clauses]
n=21 A=5+5 beta H[(2, 0), (3, 3)] B=5+5 deg y=5 level=y star=True: UNSAT [0.0s, 2383 clauses]
n=21 A=5+5 beta H[(2, 0), (4, 4)] B=5+5 deg y=5 level=y star=True: UNSAT [0.0s, 2383 clauses]
n=21 A=5+5 beta H[(2, 0), (4, 4)] B=5+5 deg y=4 level=y star=True: UNSAT [0.0s, 2379 clauses]
n=21 A=K44-e B=6+6 deg y=4 level=y star=True: UNSAT [11.4s, 16479 clauses]
n=21 A=K44-e B=6+6 deg y=5 level=y star=True: UNSAT [13.9s, 16483 clauses]
DONE
