n=23 A=5+5 alpha H[] B=6+6 deg y=4 level=y star=True qfree=False: UNSAT [8.3s]
n=23 A=5+5 alpha H[] B=6+6 deg y=5 level=y star=True qfree=False: UNSAT [17.1s]
n=23 A=5+5 alpha H[(0, 1)] B=6+6 deg y=4 level=y star=True qfree=False: UNSAT [18.4s]
n=23 A=5+5 alpha H[(0, 1)] B=6+6 deg y=5 level=y star=True qfree=False: UNSAT [21.4s]
n=23 A=5+5 alpha H[(1, 0)] B=6+6 deg y=4 level=y star=True qfree=False: UNSAT [15.7s]
n=23 A=5+5 alpha H[(3, 3)] B=6+6 deg y=4 level=y star=True qfree=False: UNSAT [18.4s]
n=23 A=5+5 alpha H[(1, 0)] B=6+6 deg y=5 level=y star=True qfree=False: UNSAT [26.4s]
n=23 A=5+5 alpha H[(2, 2)] B=6+6 deg y=4 level=y star=True qfree=False: UNSAT [27.0s]
n=23 A=5+5 alpha H[(2, 2)] B=6+6 deg y=5 level=y star=True qfree=False: UNSAT [36.2s]
n=23 A=5+5 alpha H[(4, 4)] B=6+6 deg y=4 level=y star=True qfree=False: UNSAT [15.0s]
n=23 A=5+5 alpha H[(3, 3)] B=6+6 deg y=5 level=y star=True qfree=False: UNSAT [18.8s]
n=23 A=5+5 alpha H[(4, 4)] B=6+6 deg y=5 level=y star=True qfree=False: UNSAT [20.7s]
n=23 A=5+5 alpha H[(0, 1), (2, 2)] B=6+6 deg y=4 level=y star=True qfree=False: UNSAT [14.5s]
n=23 A=5+5 alpha H[(0, 1), (2, 2)] B=6+6 deg y=5 level=y star=True qfree=False: UNSAT [18.8s]
n=23 A=5+5 alpha H[(0, 1), (3, 3)] B=6+6 deg y=4 level=y star=True qfree=False: UNSAT [24.2s]
n=23 A=5+5 alpha H[(0, 1), (3, 3)] B=6+6 deg y=5 level=y star=True qfree=False: UNSAT [22.0s]
n=23 A=5+5 alpha H[(0, 1), (4, 4)] B=6+6 deg y=4 level=y star=True qfree=False: UNSAT [17.0s]
n=23 A=5+5 alpha H[(0, 1), (4, 4)] B=6+6 deg y=5 level=y star=True qfree=False: UNSAT [20.3s]
n=23 A=5+5 alpha H[(1, 0), (2, 2)] B=6+6 deg y=4 level=y star=True qfree=False: UNSAT [17.9s]
n=23 A=5+5 alpha H[(1, 0), (3, 3)] B=6+6 deg y=4 level=y star=True qfree=False: UNSAT [17.3s]
n=23 A=5+5 alpha H[(1, 0), (2, 2)] B=6+6 deg y=5 level=y star=True qfree=False: UNSAT [23.3s]
n=23 A=5+5 alpha H[(1, 0), (4, 4)] B=6+6 deg y=4 level=y star=True qfree=False: UNSAT [14.7s]
n=23 A=5+5 alpha H[(1, 0), (3, 3)] B=6+6 deg y=5 level=y star=True qfree=False: UNSAT [20.9s]
n=23 A=5+5 alpha H[(1, 0), (4, 4)] B=6+6 deg y=5 level=y star=True qfree=False: UNSAT [26.4s]
n=23 A=5+5 alpha H[(2, 2), (3, 3)] B=6+6 deg y=5 level=y star=True qfree=False: UNSAT [18.3s]
n=23 A=5+5 alpha H[(2, 2), (3, 3)] B=6+6 deg y=4 level=y star=True qfree=False: UNSAT [27.9s]
n=23 A=5+5 alpha H[(2, 2), (4, 4)] B=6+6 deg y=4 level=y star=True qfree=False: UNSAT [30.4s]
n=23 A=5+5 alpha H[(3, 3), (4, 4)] B=6+6 deg y=4 level=y star=True qfree=False: UNSAT [16.8s]
n=23 A=5+5 alpha H[(2, 2), (4, 4)] B=6+6 deg y=5 level=y star=True qfree=False: UNSAT [21.0s]
n=23 A=5+5 alpha H[(3, 3), (4, 4)] B=6+6 deg y=5 level=y star=True qfree=False: UNSAT [21.4s]
n=23 A=5+5 beta H[] B=6+6 deg y=4 level=y star=True qfree=False: UNSAT [15.5s]
n=23 A=5+5 beta H[(0, 1)] B=6+6 deg y=4 level=y star=True qfree=False: UNSAT [17.8s]
n=23 A=5+5 beta H[] B=6+6 deg y=5 level=y star=True qfree=False: UNSAT [23.1s]
n=23 A=5+5 beta H[(0, 1)] B=6+6 deg y=5 level=y star=True qfree=False: UNSAT [21.5s]
n=23 A=5+5 beta H[(0, 2)] B=6+6 deg y=4 level=y star=True qfree=False: UNSAT [28.2s]
n=23 A=5+5 beta H[(0, 2)] B=6+6 deg y=5 level=y star=True qfree=False: UNSAT [22.4s]
n=23 A=5+5 beta H[(1, 0)] B=6+6 deg y=4 level=y star=True qfree=False: UNSAT [23.6s]
n=23 A=5+5 beta H[(1, 0)] B=6+6 deg y=5 level=y star=True qfree=False: UNSAT [26.6s]
n=23 A=5+5 beta H[(2, 0)] B=6+6 deg y=4 level=y star=True qfree=False: UNSAT [18.8s]
n=23 A=5+5 beta H[(3, 3)] B=6+6 deg y=4 level=y star=True qfree=False: UNSAT [15.5s]
n=23 A=5+5 beta H[(2, 0)] B=6+6 deg y=5 level=y star=True qfree=False: UNSAT [22.6s]
n=23 A=5+5 beta H[(4, 4)] B=6+6 deg y=4 level=y star=True qfree=False: UNSAT [14.7s]
n=23 A=5+5 beta H[(3, 3)] B=6+6 deg y=5 level=y star=True qfree=False: UNSAT [18.7s]
n=23 A=5+5 beta H[(4, 4)] B=6+6 deg y=5 level=y star=True qfree=False: UNSAT [19.9s]
n=23 A=5+5 beta H[(0, 1), (0, 2)] B=6+6 deg y=4 level=y star=True qfree=False: UNSAT [20.8s]
n=23 A=5+5 beta H[(0, 1), (0, 2)] B=6+6 deg y=5 level=y star=True qfree=False: UNSAT [18.8s]
n=23 A=5+5 beta H[(0, 1), (3, 3)] B=6+6 deg y=4 level=y star=True qfree=False: UNSAT [22.6s]
n=23 A=5+5 beta H[(0, 1), (4, 4)] B=6+6 deg y=4 level=y star=True qfree=False: UNSAT [15.4s]
n=23 A=5+5 beta H[(0, 1), (3, 3)] B=6+6 deg y=5 level=y star=True qfree=False: UNSAT [20.0s]
n=23 A=5+5 beta H[(0, 1), (4, 4)] B=6+6 deg y=5 level=y star=True qfree=False: UNSAT [18.5s]
n=23 A=5+5 beta H[(0, 2), (3, 3)] B=6+6 deg y=4 level=y star=True qfree=False: UNSAT [21.3s]
n=23 A=5+5 beta H[(0, 2), (4, 4)] B=6+6 deg y=4 level=y star=True qfree=False: UNSAT [16.7s]
n=23 A=5+5 beta H[(0, 2), (3, 3)] B=6+6 deg y=5 level=y star=True qfree=False: UNSAT [19.3s]
n=23 A=5+5 beta H[(0, 2), (4, 4)] B=6+6 deg y=5 level=y star=True qfree=False: UNSAT [21.6s]
n=23 A=5+5 beta H[(1, 0), (2, 0)] B=6+6 deg y=4 level=y star=True qfree=False: UNSAT [14.2s]
n=23 A=5+5 beta H[(1, 0), (3, 3)] B=6+6 deg y=4 level=y star=True qfree=False: UNSAT [15.4s]
n=23 A=5+5 beta H[(1, 0), (2, 0)] B=6+6 deg y=5 level=y star=True qfree=False: UNSAT [18.5s]
n=23 A=5+5 beta H[(1, 0), (4, 4)] B=6+6 deg y=4 level=y star=True qfree=False: UNSAT [11.3s]
n=23 A=5+5 beta H[(1, 0), (3, 3)] B=6+6 deg y=5 level=y star=True qfree=False: UNSAT [17.0s]
n=23 A=5+5 beta H[(2, 0), (3, 3)] B=6+6 deg y=4 level=y star=True qfree=False: UNSAT [13.2s]
n=23 A=5+5 beta H[(1, 0), (4, 4)] B=6+6 deg y=5 level=y star=True qfree=False: UNSAT [20.7s]
n=23 A=5+5 beta H[(2, 0), (3, 3)] B=6+6 deg y=5 level=y star=True qfree=False: UNSAT [18.4s]
n=23 A=5+5 beta H[(2, 0), (4, 4)] B=6+6 deg y=4 level=y star=True qfree=False: UNSAT [13.3s]
n=23 A=5+5 beta H[(2, 0), (4, 4)] B=6+6 deg y=5 level=y star=True qfree=False: UNSAT [16.0s]
case 0 deg 4 TIMEOUT/ERR
case 0 deg 5 TIMEOUT/ERR
DONE
