>A code/geng_pre2 -X0x1000000d5D5 n=16 e=40 class=0/20000
>P n=14 precalls=6714740 prerej=72547
>P n=15 precalls=18856910 prerej=18854526
>S outputs=0 cpu=24.95 sets=19064721 matchsets=19064721
>L n=1 calls=1 rej_pair=0 rej_count=0
>L n=2 calls=1 rej_pair=0 rej_count=0
>L n=3 calls=1 rej_pair=0 rej_count=0
>L n=4 calls=2 rej_pair=0 rej_count=0
>L n=5 calls=3 rej_pair=0 rej_count=0
>L n=6 calls=8 rej_pair=0 rej_count=0
>L n=7 calls=25 rej_pair=0 rej_count=0
>L n=8 calls=150 rej_pair=0 rej_count=0
>L n=9 calls=1386 rej_pair=0 rej_count=0
>L n=10 calls=29226 rej_pair=10 rej_count=0
>L n=11 calls=694749 rej_pair=217 rej_count=0
>L n=12 calls=1805 rej_pair=2 rej_count=0
>L n=13 calls=78560 rej_pair=35 rej_count=0
>L n=14 calls=1030393 rej_pair=0 rej_count=0
>L n=15 calls=183 rej_pair=0 rej_count=0
>L n=16 calls=10 rej_pair=10 rej_count=0
>Z 0 graphs generated in 24.95 sec
real 25.34
user 24.93
sys 0.01
