>A code/geng_pre1 -X0x1000000d5D5 n=16 e=40 class=0/20000
>P n=15 precalls=18856910 prerej=18854526
>S outputs=0 cpu=23.76 sets=18958398 matchsets=18958398
>L n=1 calls=1 rej_pair=0 rej_count=0
>L n=2 calls=1 rej_pair=0 rej_count=0
>L n=3 calls=1 rej_pair=0 rej_count=0
>L n=4 calls=2 rej_pair=0 rej_count=0
>L n=5 calls=3 rej_pair=0 rej_count=0
>L n=6 calls=8 rej_pair=0 rej_count=0
>L n=7 calls=25 rej_pair=0 rej_count=0
>L n=8 calls=150 rej_pair=0 rej_count=0
>L n=9 calls=1386 rej_pair=0 rej_count=0
>L n=10 calls=29226 rej_pair=10 rej_count=0
>L n=11 calls=694749 rej_pair=217 rej_count=0
>L n=12 calls=1805 rej_pair=2 rej_count=0
>L n=13 calls=78560 rej_pair=35 rej_count=0
>L n=14 calls=1043678 rej_pair=13285 rej_count=0
>L n=15 calls=183 rej_pair=0 rej_count=0
>L n=16 calls=10 rej_pair=10 rej_count=0
>Z 0 graphs generated in 23.76 sec
real 24.00
user 23.74
sys 0.01
