>A code/geng_pp -X0x1000000d5D5 n=16 e=40 class=0/20000
>S outputs=0 cpu=10.81 sets=2120987 matchsets=2120987
>L n=1 calls=1 rej_pair=0 rej_count=0
>L n=2 calls=1 rej_pair=0 rej_count=0
>L n=3 calls=1 rej_pair=0 rej_count=0
>L n=4 calls=2 rej_pair=0 rej_count=0
>L n=5 calls=3 rej_pair=0 rej_count=0
>L n=6 calls=8 rej_pair=0 rej_count=0
>L n=7 calls=25 rej_pair=0 rej_count=0
>L n=8 calls=150 rej_pair=0 rej_count=0
>L n=9 calls=1386 rej_pair=0 rej_count=0
>L n=10 calls=29226 rej_pair=10 rej_count=0
>L n=11 calls=694749 rej_pair=217 rej_count=0
>L n=12 calls=1805 rej_pair=2 rej_count=0
>L n=13 calls=78560 rej_pair=35 rej_count=0
>L n=14 calls=1043678 rej_pair=13285 rej_count=0
>L n=15 calls=2086118 rej_pair=2085935 rej_count=0
>L n=16 calls=10 rej_pair=10 rej_count=0
>Z 0 graphs generated in 10.81 sec
real 10.82
user 10.80
sys 0.00
