>A code/geng_cp_b48 -X0x1000000d5D5 n=16 e=40 class=14253/20000
>S outputs=0 cpu=15.82 sets=5323576 matchsets=5323576
>L n=1 calls=1 rej_pair=0 rej_count=0
>L n=2 calls=1 rej_pair=0 rej_count=0
>L n=3 calls=1 rej_pair=0 rej_count=0
>L n=4 calls=2 rej_pair=0 rej_count=0
>L n=5 calls=3 rej_pair=0 rej_count=0
>L n=6 calls=8 rej_pair=0 rej_count=0
>L n=7 calls=25 rej_pair=0 rej_count=0
>L n=8 calls=150 rej_pair=0 rej_count=0
>L n=9 calls=1386 rej_pair=0 rej_count=0
>L n=10 calls=29226 rej_pair=10 rej_count=0
>L n=11 calls=694749 rej_pair=217 rej_count=0
>L n=12 calls=1773 rej_pair=0 rej_count=0
>L n=13 calls=74694 rej_pair=25 rej_count=0
>L n=14 calls=1010348 rej_pair=13754 rej_count=0
>K n=14 rej_completion=996594
>K comp_calls=996594 comp_tests=5274273 comp_cachehits=4300714 comp_full=176 comp_found=0
>T2 bad=5272901 bad_s=13.498 good=1372 good_s=0.017
>Z 0 graphs generated in 15.82 sec
