>A code/geng_pp -X0x1000000d5D5 n=16 e=40 class=9999/20000
>S outputs=0 cpu=12.28 sets=1975414 matchsets=1975414
>L n=1 calls=1 rej_pair=0 rej_count=0
>L n=2 calls=1 rej_pair=0 rej_count=0
>L n=3 calls=1 rej_pair=0 rej_count=0
>L n=4 calls=2 rej_pair=0 rej_count=0
>L n=5 calls=3 rej_pair=0 rej_count=0
>L n=6 calls=8 rej_pair=0 rej_count=0
>L n=7 calls=25 rej_pair=0 rej_count=0
>L n=8 calls=150 rej_pair=0 rej_count=0
>L n=9 calls=1386 rej_pair=0 rej_count=0
>L n=10 calls=29226 rej_pair=10 rej_count=0
>L n=11 calls=694749 rej_pair=217 rej_count=0
>L n=12 calls=1714 rej_pair=0 rej_count=0
>L n=13 calls=74118 rej_pair=43 rej_count=0
>L n=14 calls=978108 rej_pair=13509 rej_count=0
>L n=15 calls=1940365 rej_pair=1940155 rej_count=0
>L n=16 calls=22 rej_pair=22 rej_count=0
>Z 0 graphs generated in 12.28 sec
real 12.32
user 12.26
sys 0.01
