>A code/geng_pp -X0x1000000d5D5 n=16 e=40 class=16665/20000
>S outputs=0 cpu=12.98 sets=2073568 matchsets=2073568
>L n=1 calls=1 rej_pair=0 rej_count=0
>L n=2 calls=1 rej_pair=0 rej_count=0
>L n=3 calls=1 rej_pair=0 rej_count=0
>L n=4 calls=2 rej_pair=0 rej_count=0
>L n=5 calls=3 rej_pair=0 rej_count=0
>L n=6 calls=8 rej_pair=0 rej_count=0
>L n=7 calls=25 rej_pair=0 rej_count=0
>L n=8 calls=150 rej_pair=0 rej_count=0
>L n=9 calls=1386 rej_pair=0 rej_count=0
>L n=10 calls=29226 rej_pair=10 rej_count=0
>L n=11 calls=694749 rej_pair=217 rej_count=0
>L n=12 calls=1733 rej_pair=0 rej_count=0
>L n=13 calls=78302 rej_pair=35 rej_count=0
>L n=14 calls=1029260 rej_pair=12989 rej_count=0
>L n=15 calls=2039562 rej_pair=2039346 rej_count=0
>L n=16 calls=33 rej_pair=33 rej_count=0
>Z 0 graphs generated in 12.98 sec
real 13.01
user 12.96
sys 0.02
