>A code/geng_pp -X0x1000000d5D5 n=16 e=40 class=13332/20000
>S outputs=0 cpu=12.90 sets=2123763 matchsets=2123763
>L n=1 calls=1 rej_pair=0 rej_count=0
>L n=2 calls=1 rej_pair=0 rej_count=0
>L n=3 calls=1 rej_pair=0 rej_count=0
>L n=4 calls=2 rej_pair=0 rej_count=0
>L n=5 calls=3 rej_pair=0 rej_count=0
>L n=6 calls=8 rej_pair=0 rej_count=0
>L n=7 calls=25 rej_pair=0 rej_count=0
>L n=8 calls=150 rej_pair=0 rej_count=0
>L n=9 calls=1386 rej_pair=0 rej_count=0
>L n=10 calls=29226 rej_pair=10 rej_count=0
>L n=11 calls=694749 rej_pair=217 rej_count=0
>L n=12 calls=1744 rej_pair=1 rej_count=0
>L n=13 calls=76913 rej_pair=43 rej_count=0
>L n=14 calls=1030414 rej_pair=13312 rej_count=0
>L n=15 calls=2087231 rej_pair=2086957 rej_count=0
>L n=16 calls=27 rej_pair=27 rej_count=0
>Z 0 graphs generated in 12.90 sec
real 12.94
user 12.88
sys 0.02
