>A code/geng_pp -X0x1000000d5D5 n=16 e=40 class=6666/20000
>S outputs=0 cpu=13.64 sets=2247568 matchsets=2247568
>L n=1 calls=1 rej_pair=0 rej_count=0
>L n=2 calls=1 rej_pair=0 rej_count=0
>L n=3 calls=1 rej_pair=0 rej_count=0
>L n=4 calls=2 rej_pair=0 rej_count=0
>L n=5 calls=3 rej_pair=0 rej_count=0
>L n=6 calls=8 rej_pair=0 rej_count=0
>L n=7 calls=25 rej_pair=0 rej_count=0
>L n=8 calls=150 rej_pair=0 rej_count=0
>L n=9 calls=1386 rej_pair=0 rej_count=0
>L n=10 calls=29226 rej_pair=10 rej_count=0
>L n=11 calls=694749 rej_pair=217 rej_count=0
>L n=12 calls=1723 rej_pair=4 rej_count=0
>L n=13 calls=78829 rej_pair=30 rej_count=0
>L n=14 calls=1092043 rej_pair=13490 rej_count=0
>L n=15 calls=2211403 rej_pair=2211183 rej_count=0
>L n=16 calls=14 rej_pair=14 rej_count=0
>Z 0 graphs generated in 13.64 sec
real 13.67
user 13.62
sys 0.01
