>A [local path] -bd4D6 n=12 e=24-36
>Z 143 graphs generated in 0.01 sec
real 0.01
user 0.00
sys 0.00
>T total 143 with_H 139 without_H 4 nonbip 0 nodes 549
>S e=28 sides=5+7 mindeg=4 maxdeg=6 conn=1 count=2 without_H=0
>S e=29 sides=5+7 mindeg=4 maxdeg=6 conn=1 count=1 without_H=0
>S e=30 sides=5+7 mindeg=4 maxdeg=6 conn=1 count=1 without_H=0
>S e=29 sides=6+6 mindeg=4 maxdeg=6 conn=1 count=17 without_H=0
>S e=30 sides=6+6 mindeg=4 maxdeg=6 conn=1 count=16 without_H=0
>S e=28 sides=6+6 mindeg=4 maxdeg=5 conn=1 count=6 without_H=0
>S e=31 sides=6+6 mindeg=4 maxdeg=6 conn=1 count=8 without_H=0
>S e=32 sides=6+6 mindeg=4 maxdeg=6 conn=1 count=6 without_H=0
>S e=27 sides=6+6 mindeg=4 maxdeg=5 conn=1 count=10 without_H=0
>S e=28 sides=6+6 mindeg=4 maxdeg=6 conn=1 count=22 without_H=0
>S e=33 sides=6+6 mindeg=4 maxdeg=6 conn=1 count=2 without_H=0
>S e=24 sides=6+6 mindeg=4 maxdeg=4 conn=1 count=4 without_H=0
>S e=25 sides=6+6 mindeg=4 maxdeg=5 conn=1 count=7 without_H=2
>S e=26 sides=6+6 mindeg=4 maxdeg=6 conn=1 count=7 without_H=2
>S e=26 sides=6+6 mindeg=4 maxdeg=5 conn=1 count=12 without_H=0
>S e=27 sides=6+6 mindeg=4 maxdeg=6 conn=1 count=12 without_H=0
>S e=29 sides=6+6 mindeg=4 maxdeg=5 conn=1 count=2 without_H=0
>S e=34 sides=6+6 mindeg=4 maxdeg=6 conn=1 count=1 without_H=0
>S e=30 sides=6+6 mindeg=5 maxdeg=5 conn=1 count=1 without_H=0
>S e=31 sides=6+6 mindeg=5 maxdeg=6 conn=1 count=1 without_H=0
>S e=32 sides=6+6 mindeg=5 maxdeg=6 conn=1 count=1 without_H=0
>S e=33 sides=6+6 mindeg=5 maxdeg=6 conn=1 count=1 without_H=0
>S e=34 sides=6+6 mindeg=5 maxdeg=6 conn=1 count=1 without_H=0
>S e=35 sides=6+6 mindeg=5 maxdeg=6 conn=1 count=1 without_H=0
>S e=36 sides=6+6 mindeg=6 maxdeg=6 conn=1 count=1 without_H=0
