Sun Oct  4 02:16:58 EDT 2026
block 0 vertices 0..12: 30 internal + 5 boundary edges, 923041 local colourings, 31 boundary colourings, 237 signatures, 227.0s
block 0 exit=0
block 1 vertices 13..25: 30 internal + 5 boundary edges, 923041 local colourings, 31 boundary colourings, 237 signatures, 207.7s
block 1 exit=0
block 2 vertices 26..38: 30 internal + 5 boundary edges, 923041 local colourings, 31 boundary colourings, 237 signatures, 224.9s
block 2 exit=0
block 3 vertices 39..51: 30 internal + 5 boundary edges, 923041 local colourings, 31 boundary colourings, 237 signatures, 154.8s
block 3 exit=0
block 4 vertices 52..64: 30 internal + 5 boundary edges, 923041 local colourings, 31 boundary colourings, 237 signatures, 101.7s
block 4 exit=0
block 5 vertices 65..77: 30 internal + 5 boundary edges, 923041 local colourings, 31 boundary colourings, 237 signatures, 106.0s
block 5 exit=0
block 6 vertices 78..90: 30 internal + 5 boundary edges, 923041 local colourings, 31 boundary colourings, 237 signatures, 122.9s
block 6 exit=0
block 7 vertices 91..103: 30 internal + 5 boundary edges, 923041 local colourings, 31 boundary colourings, 237 signatures, 144.0s
block 7 exit=0
block 0: 13 vertices, 30 internal + 5 boundary edges, 923041 local colourings, 21 boundary colourings, 21 signatures
block 1: 13 vertices, 30 internal + 5 boundary edges, 923041 local colourings, 21 boundary colourings, 21 signatures
block 2: 13 vertices, 30 internal + 5 boundary edges, 923041 local colourings, 21 boundary colourings, 21 signatures
block 3: 13 vertices, 30 internal + 5 boundary edges, 923041 local colourings, 21 boundary colourings, 21 signatures
block 4: 13 vertices, 30 internal + 5 boundary edges, 923041 local colourings, 21 boundary colourings, 21 signatures
block 5: 13 vertices, 30 internal + 5 boundary edges, 923041 local colourings, 21 boundary colourings, 21 signatures
block 6: 13 vertices, 30 internal + 5 boundary edges, 923041 local colourings, 21 boundary colourings, 21 signatures
block 7: 13 vertices, 30 internal + 5 boundary edges, 923041 local colourings, 21 boundary colourings, 21 signatures
graph bip5-lean-104.edges, 8 blocks of 13
local colourings per block: [923041, 923041, 923041, 923041, 923041, 923041, 923041, 923041]
boundary colourings per block: [21, 21, 21, 21, 21, 21, 21, 21]
signatures per block before the sound filter: [237, 237, 237, 237, 237, 237, 237, 237]
signatures per block after the sound filter: [21, 21, 21, 21, 21, 21, 21, 21]
boundary-consistent assignments reached: 1179
signature combinations checked: 1179
combine time 0.1s
RESULT: NO PAIR (exhaustive)
combine exit=0
Sun Oct  4 02:38:29 EDT 2026
