n=28 m=79 3n-5=79 |P|=14 |Q|=14 Delta=6 delta=4
D(P) = 5  D(Q) = 5
G has a 4-factor: False (max flow 55 of 56)
stated decomposition has Theorem 6.1 structure: True
cut: [(0, 27), (1, 26), (2, 24), (3, 26), (4, 25), (7, 25), (8, 27)]
in-block degrees A: [5, 5, 5, 5, 5, 4, 5, 5, 4, 5]  D: [4, 4, 4, 4, 4, 4]
cut degrees A: [1, 1, 1, 1, 1, 0, 0, 1, 1, 0]  D: [0, 0, 1, 2, 2, 2]
L_A = []  L_D = []
  N(10) = [0, 1, 2, 3, 4, 6]
  N(11) = [0, 1, 2, 3, 7, 8]
  N(12) = [0, 1, 2, 3, 4, 6]
  N(13) = [0, 1, 2, 3, 5, 9]
  N(14) = [0, 1, 2, 3, 7, 9]
  N(15) = [4, 5, 6, 7, 8, 9]
  N(16) = [4, 5, 6, 7, 8, 9]
  N(17) = [4, 5, 6, 7, 8, 9]
  N(18) = [22, 23, 24, 25, 26, 27]
  N(19) = [22, 23, 24, 25, 26, 27]
  N(20) = [22, 23, 24, 25, 26, 27]
  N(21) = [22, 23, 24, 25, 26, 27]
C' = [10, 11, 12, 13, 14]  C'' = [15, 16, 17]  T u C' complete: True  C'' adjacent to all of A1: True  Y complete K_{4,6}: True
kappa = t - |C'| = -1  k = dem_X(A1) = 2  c(T - 0) = 3
number of violations (A subset P) = 1 [([0, 1, 2, 3, 4, 5, 6, 7, 8, 9], [10, 11, 12, 13, 14, 15, 16, 17], -1)]
E - E(0) - E(25) = [(1, 26), (2, 24), (3, 26), (8, 27)]  covers L' = (L_A-0)|(L_D-25) = []
G - 0 - 25 has a 4-factor: False (max flow 51 of 52)
witness: dem_X(A1) = 2  dem_Y(D - 25) = 4  e(A1, D1) = 1  p-relevance dem + c({1,2,3}) = 5
good pairs: 56  all in A x D: True
(0,22) good: True  (4,22) good: True  (0,25) good: False
Theorem 2.2 criterion vs flow mismatches on A x D: 0
covering rule vs flow mismatches: [(0, 25, True, False), (1, 25, True, False), (2, 25, True, False), (3, 25, True, False)]
non-generic in A: {0: [([4, 5, 6, 7, 8, 9], 2)], 1: [([4, 5, 6, 7, 8, 9], 2)], 2: [([4, 5, 6, 7, 8, 9], 2)], 3: [([4, 5, 6, 7, 8, 9], 2)]}
non-generic in D: {}
timeout 240 /usr/bin/python3 cert_check.py cert_n28.g6  0.52s user 0.01s system 99% cpu 0.540 total
