Q{eW????gF_]?|OYKWJG?M?C[?W NOPAIR witness_ok=True rounds=None 0.02s
Q{ew??@?_A_V?n?}G[BA@F?Dw?G NOPAIR witness_ok=True rounds=None 0.02s
Q{ew??@?GC_V?v?}G[BA@F?Dw?G NOPAIR witness_ok=True rounds=None 0.02s
Q{eW??@?gE_Z?}OHG[J?AN?C{?O NOPAIR witness_ok=True rounds=None 0.01s
Q{eW??B?_B_N?vGcC[IW?[?T[?O NOPAIR witness_ok=True rounds=None 0.02s
Q{eW??B?GE_Z?vOKG[J?AN?C{?O NOPAIR witness_ok=True rounds=None 0.02s
Q{eW??B?OB_V?vOcG[J?AN?C{?O NOPAIR witness_ok=True rounds=None 0.02s
Q{ew?C???@_V?]?]_]ae?Y_D{?? NOPAIR witness_ok=True rounds=None 0.02s
Q{ew?C???B_N?]?l?UZE?U_D{?? NOPAIR witness_ok=True rounds=None 0.04s
Q{ew?C??G@_E?n?z?Zae?YOD{?? NOPAIR witness_ok=True rounds=None 0.02s
Q{ew?C??G@_P?^?^?]ae?Y_D{?? NOPAIR witness_ok=True rounds=None 0.02s
Q{ew?C??G@_T?f?]_]ae?YOD{?? NOPAIR witness_ok=True rounds=None 0.03s
Q{ew?C??G@_T?V?]_]ae?Y_D{?? NOPAIR witness_ok=True rounds=None 0.02s
Q{ew?C??G@_T?V?m_]ae?YOD{?? NOPAIR witness_ok=True rounds=None 0.03s
Q{eW?C??WB_V?}OhKWJG?M?C[?W NOPAIR witness_ok=True rounds=None 0.04s
Q{eW?C??WD_V?}OXKWJG?M?C[?W NOPAIR witness_ok=True rounds=None 0.02s
Q{eW?C@?_B_N?nOkKWJG?M?C[?W NOPAIR witness_ok=True rounds=None 0.01s
Q{eW?CA?_B_N?^OkKWJG?M?C[?W NOPAIR witness_ok=True rounds=None 0.02s
Q{uo?C??G@_J?m?n?[rE?FOD{?? NOPAIR witness_ok=True rounds=None 0.02s
Q{uo?C??G@_R?]?n?[rE?FOD{?? NOPAIR witness_ok=True rounds=None 0.02s
Q}mw?C???B_N?]?l?UWU?P_Do?W NOPAIR witness_ok=True rounds=None 0.03s
Q}mw?C??G@_J?m?n?[oU?PODo?W NOPAIR witness_ok=True rounds=None 0.01s
Q}mw?C??G@_R?]?n?[oU?PODo?W NOPAIR witness_ok=True rounds=None 0.02s
Q}mw?C??G@_T?V?]_]aE?P_Cw?W NOPAIR witness_ok=True rounds=None 0.02s
Q}mw?C??G@_T?V?m_]aE?POCw?W NOPAIR witness_ok=True rounds=None 0.03s
Q|uw?C???@_V?]?]_]_M?Q_Do?W NOPAIR witness_ok=True rounds=None 0.02s
Q|uw?C???@_V?]?]_]_U?P_Do?W NOPAIR witness_ok=True rounds=None 0.02s
Q|uw?C???@_V?]?]_]aE?B_Do?W NOPAIR witness_ok=True rounds=None 0.01s
Q|uw?C??G@_P?^?^?]_M?Q_Do?W NOPAIR witness_ok=True rounds=None 0.02s
Q|uw?C??G@_P?^?^?]_U?P_Do?W NOPAIR witness_ok=True rounds=None 0.01s
Q|uw?C??G@_P?^?^?]aE?B_Do?W NOPAIR witness_ok=True rounds=None 0.02s
Q|uw?C??G@_T?f?]_]_M?QODo?W NOPAIR witness_ok=True rounds=None 0.03s
Q|uw?C??G@_T?f?]_]_U?PODo?W NOPAIR witness_ok=True rounds=None 0.03s
Q|uw?C??G@_T?f?]_]aE?BODo?W NOPAIR witness_ok=True rounds=None 0.02s
Q|uw?C??G@_T?V?]_]aE?B_Do?W NOPAIR witness_ok=True rounds=None 0.02s
Q|uw?C??G@_T?V?m_]_U?PODo?W NOPAIR witness_ok=True rounds=None 0.02s
Q|uw?C??G@_T?V?m_]aE?BODo?W NOPAIR witness_ok=True rounds=None 0.02s
Qs~o?C??wF?V?]?wA?w_BY?Dc?W NOPAIR witness_ok=True rounds=None 0.04s
Qs~o?CA?wF?J?N?wA?w_BY?Dc?W NOPAIR witness_ok=True rounds=None 0.02s
QsaW??B?wF`BAxW?@wb_A[?Ts@? NOPAIR witness_ok=True rounds=None 0.03s
QsaW??B?wF`WANW?@wb_A[?Ts@? NOPAIR witness_ok=True rounds=None 0.02s
QsaW?C??wF@VA]W?@{B_A[?Ts@? NOPAIR witness_ok=True rounds=None 0.04s
QsaW?C@?WF`UAmW?@wb_A[?Ts@? NOPAIR witness_ok=True rounds=None 0.02s
QsaW?CA?wF@JANW?@{B_A[?Ts@? NOPAIR witness_ok=True rounds=None 0.05s
QsaW?CA?wF`KANW?@wb_A[?Ts@? NOPAIR witness_ok=True rounds=None 0.04s
Qsfg??B?wFcBGxHpB?A_@S?LG?w NOPAIR witness_ok=True rounds=None 0.04s
Qsfg??B?wFCJGmHpB?A_@S?LG?w NOPAIR witness_ok=True rounds=None 0.04s
Qsfg?CA?wFCJGNHwB?A_@S?LG?w NOPAIR witness_ok=True rounds=None 0.03s
Qsfg?CB?oGA]OAGAbU?r_WAp_J? NOPAIR witness_ok=True rounds=None 0.03s
Qsfg?CB?wBARC]P?BP`OAW?T_@W NOPAIR witness_ok=True rounds=None 0.02s
Qsfg?CB?wFCJGMH`b?A_@S?LG?w NOPAIR witness_ok=True rounds=None 0.02s
Qsfg?CB@A?cBAGCwa[R?wWF?ZA? NOPAIR witness_ok=True rounds=None 0.02s
Qsfg?CB@A?cBCGCw`[R?wWF?ZA? NOPAIR witness_ok=True rounds=None 0.02s
QsiW??@?wFc[GmS?H?HUGT?XS@_ NOPAIR witness_ok=True rounds=None 0.02s
QsiW??B?oFcMGmS?H?HUGT?XS@_ NOPAIR witness_ok=True rounds=None 0.02s
QsiW??B?wFcHGlS?I?HUGT?XK@_ NOPAIR witness_ok=True rounds=None 0.03s
QsiW?@?AGM?wCqCpaXb@_WKDgo? NOPAIR witness_ok=True rounds=None 0.03s
QsiW?@?AGM?xCoCqaWr@_WKDgo? NOPAIR witness_ok=True rounds=None 0.04s
QsiW?@?GGM?wCqCpaXaP_WKDgo? NOPAIR witness_ok=True rounds=None 0.04s
QsiW?@?GGM?xCoCqaWqP_WKDgo? NOPAIR witness_ok=True rounds=None 0.03s
QsiW?@?OGM?wCqCpaXb@_IKDgo? NOPAIR witness_ok=True rounds=None 0.03s
QsiW?@?OGM?xCoCqaWr@_IKDgo? NOPAIR witness_ok=True rounds=None 0.02s
QsiW?C??wFCVG]S?I?HV?T?XK@_ NOPAIR witness_ok=True rounds=None 0.04s
QsiW?C@?WFcUGmS?G_HUGU?XS@_ NOPAIR witness_ok=True rounds=None 0.02s
QsiW?CBO?O_wCXCwasb?oWEDgW? NOPAIR witness_ok=True rounds=None 0.02s
QsiW?CBO@?_{CWCwaoqOoWEDgW? NOPAIR witness_ok=True rounds=None 0.03s
QsiW?CBO@?_wCxCwAciOoWEDgW? NOPAIR witness_ok=True rounds=None 0.02s
QsiW?CBOA?_{CWCwaor?oIEDgW? NOPAIR witness_ok=True rounds=None 0.02s
QsiW?CBOA?_wCxCwAcj?oIEDgW? NOPAIR witness_ok=True rounds=None 0.01s
QsiW?CBOA?_wCXCwasb?oIEDgW? NOPAIR witness_ok=True rounds=None 0.02s
QsjW?C@?OB_V?nOkGwJ_?M?Cw?W NOPAIR witness_ok=True rounds=None 0.02s
Qsmw????gB_^?}OoG[J?A[?C[?W NOPAIR witness_ok=True rounds=None 0.02s
Qsmw??@?gD_Z?}OPG[J?AT?Cw?W NOPAIR witness_ok=True rounds=None 0.01s
Qsmw??@?gD_Z?^OoG[J?AT?Cw?W NOPAIR witness_ok=True rounds=None 0.01s
Qsmw??@?oD?^?}OEG[IOA[?Cs?W NOPAIR witness_ok=True rounds=None 0.03s
Qsmw??B?_A_^?}OEG[J?AT?Cw?W NOPAIR witness_ok=True rounds=None 0.03s
Qsmw??B?_B_N?vOcG[J?AT?Cw?W NOPAIR witness_ok=True rounds=None 0.02s
Qsmw??B?GD_Z?vOSG[J?AT?Cw?W NOPAIR witness_ok=True rounds=None 0.02s
Qsmw??B?OD_Z?vOKG[J?AT?Cw?W NOPAIR witness_ok=True rounds=None 0.02s
Qsmw?C??wF?V?]?wG?y?B]?Ds?O NOPAIR witness_ok=True rounds=None 0.02s
Qsmw?CA?wF?J?N?wG?y?B]?Ds?O NOPAIR witness_ok=True rounds=None 0.03s
QsnO????gB_^?}AwBWJG?X?Do?W NOPAIR witness_ok=True rounds=None 0.03s
QsnO????gB_^?}CwBWJG?X?Dg?W NOPAIR witness_ok=True rounds=None 0.01s
Qsno????gB_^?}OoG[IGAM?Cw?W NOPAIR witness_ok=True rounds=None 0.03s
Qsno????oF_]?|OIG[IGAM?Cw?W NOPAIR witness_ok=True rounds=None 0.03s
Qsno??@?_A_V?n?}G[AI@M?Dw?G NOPAIR witness_ok=True rounds=None 0.02s
Qsno??@?_B_^?}OcG[IGAM?Cw?W NOPAIR witness_ok=True rounds=None 0.02s
Qsno??@?gD_Z?}OPG[IGAM?Cw?W NOPAIR witness_ok=True rounds=None 0.02s
Qsno??@?gD_Z?^OoG[IGAM?Cw?W NOPAIR witness_ok=True rounds=None 0.03s
Qsno??@?oD?^?}OEG[IGAM?Cw?W NOPAIR witness_ok=True rounds=None 0.02s
Qsno??B?_B_N?vOcG[IGAM?Cw?W NOPAIR witness_ok=True rounds=None 0.02s
Qsno??B?GD_Z?vOSG[IGAM?Cw?W NOPAIR witness_ok=True rounds=None 0.04s
Qsno??B?GE_Z?vOKG[IGAM?Cw?W NOPAIR witness_ok=True rounds=None 0.02s
Qsno??B?OD_Z?vOKG[IGAM?Cw?W NOPAIR witness_ok=True rounds=None 0.03s
QsnO?CB?wFCJGMD?I?IGBQ?[iE? NOPAIR witness_ok=True rounds=None 0.04s
QsnO?CBC?VGAODGWC[GgkIaPCU? NOPAIR witness_ok=True rounds=None 0.04s
Qsqw????gB_^?}Aw@wJ_?[?Do?W NOPAIR witness_ok=True rounds=None 0.03s
Qsqw??@?_B_^?}Ak@wJ_?[?Do?W NOPAIR witness_ok=True rounds=None 0.02s
Qsqw??A?WB_^?uAg`wJ_?[?Do?W NOPAIR witness_ok=True rounds=None 0.02s
Qsqw??A?WE?^?}AM@wJ_?[?Do?W NOPAIR witness_ok=True rounds=None 0.05s
Qsqw?C??gB?^?}AM@wJ_?[?Do?W NOPAIR witness_ok=True rounds=None 0.04s
Qsqw?C??WB_V?}Ah@wJ_?[?Do?W NOPAIR witness_ok=True rounds=None 0.02s
Qsqw?C@?_B_N?nAk@wJ_?[?Do?W NOPAIR witness_ok=True rounds=None 0.02s
Qsuo??OAGM?xOKGqCW`EBSK`Gq? NOPAIR witness_ok=True rounds=None 0.03s
Qsuo?CBC?G`[GEOwG[@_sHE`GD_ NOPAIR witness_ok=True rounds=None 0.02s
Qsuo?CBC?G`[GEOWG[H_sHE`ID? NOPAIR witness_ok=True rounds=None 0.03s
Qsuo?CBC?G`KGEOwG[`_sHE`ID? NOPAIR witness_ok=True rounds=None 0.03s
Qt~o?C??G@_F?m?r_]aE?POCw?W NOPAIR witness_ok=True rounds=None 0.02s
Qt~o?C??G@_N?]?m?WwU?P_Do?W NOPAIR witness_ok=True rounds=None 0.03s
Qt~o?C??G@_R?]?n?[oU?PODo?W NOPAIR witness_ok=True rounds=None 0.03s
QtbG??B?GD_Z?vAw@iJ_?]?Ds?O NOPAIR witness_ok=True rounds=None 0.02s
QtfG?CA?gA_J?Z?^ASRc@Z?@k?G NOPAIR witness_ok=True rounds=None 0.02s
QtiW??@?gB_Z?}O`G[Gw?X?Tw?O NOPAIR witness_ok=True rounds=None 0.03s
QtiW??@?gD_Z?^OoG[Gw?X?Tw?O NOPAIR witness_ok=True rounds=None 0.02s
QtiW??B?_B_N?vOcG[Gw?X?Tw?O NOPAIR witness_ok=True rounds=None 0.03s
Qtvw?C??G@_P?^?^?]aE?I_Do?W NOPAIR witness_ok=True rounds=None 0.02s
Queg??A?WB_^?uOgiWJ_?J?Ck?W NOPAIR witness_ok=True rounds=None 0.02s
Queg??A?WD_^?uOWiWJ_?J?Ck?W NOPAIR witness_ok=True rounds=None 0.02s
Queg??A?WE?^?}OMIWHo?X?Ck?W NOPAIR witness_ok=True rounds=None 0.03s
Qun_?C???B_N?[?m_UrE?F_D{?? NOPAIR witness_ok=True rounds=None 0.04s
SUMMARY file=data/glue18/glue18-classes.g6 graphs=120 {'NOPAIR': 120} decompose=False seconds_cap=200
