# shape=n21_55 mode=free star=True f2=True levels=('eHB2',) solver=cadical195 jobs=88
n21_55 1 alpha H=[(0, 0)] None 4 False 1 0 0.0 None
n21_55 1 alpha H=[(0, 0)] None 5 False 1 0 0.0 None
n21_55 3 alpha H=[(1, 0)] None 4 False 1 0 0.0 None
n21_55 2 alpha H=[(0, 1)] None 5 False 1 0 0.0 None
n21_55 2 alpha H=[(0, 1)] None 4 False 1 0 0.01 None
n21_55 0 alpha H=[] None 4 False 1 0 0.01 None
n21_55 0 alpha H=[] None 5 False 1 0 0.02 None
n21_55 3 alpha H=[(1, 0)] None 5 False 1 0 0.01 None
n21_55 4 alpha H=[(2, 2)] None 5 False 1 0 0.01 None
n21_55 4 alpha H=[(2, 2)] None 4 False 1 0 0.01 None
n21_55 5 alpha H=[(3, 3)] None 4 False 1 0 0.01 None
n21_55 5 alpha H=[(3, 3)] None 5 False 1 0 0.01 None
n21_55 6 alpha H=[(4, 4)] None 4 False 1 0 0.01 None
n21_55 6 alpha H=[(4, 4)] None 5 False 1 0 0.01 None
n21_55 7 alpha H=[(0, 0), (0, 1)] None 4 False 1 0 0.0 None
n21_55 7 alpha H=[(0, 0), (0, 1)] None 5 False 1 0 0.01 None
n21_55 8 alpha H=[(0, 0), (1, 0)] None 4 False 1 0 0.0 None
n21_55 9 alpha H=[(0, 0), (2, 2)] None 5 False 1 0 0.0 None
n21_55 8 alpha H=[(0, 0), (1, 0)] None 5 False 1 0 0.01 None
n21_55 9 alpha H=[(0, 0), (2, 2)] None 4 False 1 0 0.01 None
n21_55 10 alpha H=[(0, 0), (3, 3)] None 5 False 1 0 0.0 None
n21_55 10 alpha H=[(0, 0), (3, 3)] None 4 False 1 0 0.01 None
n21_55 12 alpha H=[(0, 1), (1, 0)] None 4 False 1 0 0.0 None
n21_55 11 alpha H=[(0, 0), (4, 4)] None 5 False 1 0 0.01 None
n21_55 13 alpha H=[(0, 1), (2, 2)] None 4 False 1 0 0.0 None
n21_55 11 alpha H=[(0, 0), (4, 4)] None 4 False 1 0 0.01 None
n21_55 13 alpha H=[(0, 1), (2, 2)] None 5 False 1 0 0.0 None
n21_55 12 alpha H=[(0, 1), (1, 0)] None 5 False 1 0 0.01 None
n21_55 14 alpha H=[(0, 1), (3, 3)] None 5 False 1 0 0.0 None
n21_55 14 alpha H=[(0, 1), (3, 3)] None 4 False 1 0 0.01 None
n21_55 16 alpha H=[(1, 0), (2, 2)] None 4 False 1 0 0.01 None
n21_55 16 alpha H=[(1, 0), (2, 2)] None 5 False 1 0 0.01 None
n21_55 15 alpha H=[(0, 1), (4, 4)] None 4 False 1 0 0.01 None
n21_55 15 alpha H=[(0, 1), (4, 4)] None 5 False 1 0 0.01 None
n21_55 17 alpha H=[(1, 0), (3, 3)] None 4 False 1 0 0.01 None
n21_55 17 alpha H=[(1, 0), (3, 3)] None 5 False 1 0 0.0 None
n21_55 19 alpha H=[(2, 2), (3, 3)] None 5 False 1 0 0.0 None
n21_55 18 alpha H=[(1, 0), (4, 4)] None 4 False 1 0 0.01 None
n21_55 18 alpha H=[(1, 0), (4, 4)] None 5 False 1 0 0.01 None
n21_55 19 alpha H=[(2, 2), (3, 3)] None 4 False 1 0 0.01 None
n21_55 20 alpha H=[(2, 2), (4, 4)] None 4 False 1 0 0.01 None
n21_55 20 alpha H=[(2, 2), (4, 4)] None 5 False 1 0 0.01 None
n21_55 21 alpha H=[(3, 3), (4, 4)] None 4 False 1 0 0.01 None
n21_55 22 beta H=[] None 4 False 1 0 0.01 None
n21_55 21 alpha H=[(3, 3), (4, 4)] None 5 False 1 0 0.01 None
n21_55 24 beta H=[(0, 2)] None 4 False 1 0 0.0 None
n21_55 23 beta H=[(0, 1)] None 5 False 1 0 0.01 None
n21_55 23 beta H=[(0, 1)] None 4 False 1 0 0.01 None
n21_55 22 beta H=[] None 5 False 1 0 0.01 None
n21_55 24 beta H=[(0, 2)] None 5 False 1 0 0.01 None
n21_55 25 beta H=[(1, 0)] None 4 False 1 0 0.01 None
n21_55 26 beta H=[(2, 0)] None 4 False 1 0 0.01 None
n21_55 26 beta H=[(2, 0)] None 5 False 1 0 0.01 None
n21_55 25 beta H=[(1, 0)] None 5 False 1 0 0.01 None
n21_55 27 beta H=[(3, 3)] None 5 False 1 0 0.0 None
n21_55 27 beta H=[(3, 3)] None 4 False 1 0 0.01 None
n21_55 28 beta H=[(4, 4)] None 4 False 1 0 0.01 None
n21_55 29 beta H=[(0, 1), (0, 2)] None 4 False 1 0 0.0 None
n21_55 28 beta H=[(4, 4)] None 5 False 1 0 0.01 None
n21_55 29 beta H=[(0, 1), (0, 2)] None 5 False 1 0 0.01 None
n21_55 30 beta H=[(0, 1), (1, 0)] None 4 False 1 0 0.01 None
n21_55 30 beta H=[(0, 1), (1, 0)] None 5 False 1 0 0.01 None
n21_55 31 beta H=[(0, 1), (2, 0)] None 4 False 1 0 0.01 None
n21_55 32 beta H=[(0, 1), (3, 3)] None 5 False 1 0 0.0 None
n21_55 32 beta H=[(0, 1), (3, 3)] None 4 False 1 0 0.01 None
n21_55 31 beta H=[(0, 1), (2, 0)] None 5 False 1 0 0.01 None
n21_55 33 beta H=[(0, 1), (4, 4)] None 4 False 1 0 0.01 None
n21_55 34 beta H=[(0, 2), (1, 0)] None 4 False 1 0 0.01 None
n21_55 35 beta H=[(0, 2), (2, 0)] None 4 False 1 0 0.0 None
n21_55 34 beta H=[(0, 2), (1, 0)] None 5 False 1 0 0.01 None
n21_55 33 beta H=[(0, 1), (4, 4)] None 5 False 1 0 0.01 None
n21_55 35 beta H=[(0, 2), (2, 0)] None 5 False 1 0 0.01 None
n21_55 36 beta H=[(0, 2), (3, 3)] None 5 False 1 0 0.0 None
n21_55 37 beta H=[(0, 2), (4, 4)] None 4 False 1 0 0.01 None
n21_55 36 beta H=[(0, 2), (3, 3)] None 4 False 1 0 0.01 None
n21_55 37 beta H=[(0, 2), (4, 4)] None 5 False 1 0 0.01 None
n21_55 38 beta H=[(1, 0), (2, 0)] None 4 False 1 0 0.01 None
n21_55 38 beta H=[(1, 0), (2, 0)] None 5 False 1 0 0.01 None
n21_55 39 beta H=[(1, 0), (3, 3)] None 5 False 1 0 0.0 None
n21_55 39 beta H=[(1, 0), (3, 3)] None 4 False 1 0 0.01 None
n21_55 41 beta H=[(2, 0), (3, 3)] None 5 False 1 0 0.0 None
n21_55 40 beta H=[(1, 0), (4, 4)] None 4 False 1 0 0.01 None
n21_55 40 beta H=[(1, 0), (4, 4)] None 5 False 1 0 0.01 None
n21_55 41 beta H=[(2, 0), (3, 3)] None 4 False 1 0 0.01 None
n21_55 42 beta H=[(2, 0), (4, 4)] None 4 False 1 0 0.01 None
n21_55 42 beta H=[(2, 0), (4, 4)] None 5 False 1 0 0.01 None
n21_55 43 beta H=[(3, 3), (4, 4)] None 4 False 1 0 0.01 None
n21_55 43 beta H=[(3, 3), (4, 4)] None 5 False 1 0 0.01 None
# SUMMARY shape=n21_55 mode=free star=True f2=True: UNSAT 88 SAT 0 UNKNOWN 0 (SAT with one-crossing 0) wall 0.2 s
