# shape=n21_55 mode=enum star=False f2=True levels=('eHB2',) solver=cadical195 jobs=176
n21_55 0 alpha H=[] 0 4 True 1 0 0.0 {'onecross': True, 'D_P': 5, 'D_Q': 5, 'eHB': 2, 'k0': 8, 'k1': 5, 'k44w': False}
n21_55 0 alpha H=[] 0 5 True 1 0 0.0 {'onecross': True, 'D_P': 6, 'D_Q': 6, 'eHB': 2, 'k0': 8, 'k1': 4, 'k44w': False}
n21_55 0 alpha H=[] 1 4 True 1 0 0.0 {'onecross': True, 'D_P': 5, 'D_Q': 5, 'eHB': 2, 'k0': 8, 'k1': 5, 'k44w': False}
n21_55 0 alpha H=[] 1 5 True 1 0 0.0 {'onecross': True, 'D_P': 6, 'D_Q': 6, 'eHB': 2, 'k0': 8, 'k1': 4, 'k44w': False}
n21_55 1 alpha H=[(0, 0)] 0 4 True 1 0 0.0 {'onecross': True, 'D_P': 5, 'D_Q': 5, 'eHB': 2, 'k0': 8, 'k1': 4, 'k44w': False}
n21_55 1 alpha H=[(0, 0)] 0 5 True 1 0 0.0 {'onecross': True, 'D_P': 6, 'D_Q': 6, 'eHB': 2, 'k0': 8, 'k1': 3, 'k44w': False}
n21_55 1 alpha H=[(0, 0)] 1 4 True 1 0 0.0 {'onecross': True, 'D_P': 5, 'D_Q': 5, 'eHB': 2, 'k0': 8, 'k1': 4, 'k44w': False}
n21_55 1 alpha H=[(0, 0)] 1 5 True 1 0 0.0 {'onecross': True, 'D_P': 6, 'D_Q': 6, 'eHB': 2, 'k0': 8, 'k1': 3, 'k44w': False}
n21_55 2 alpha H=[(0, 1)] 0 4 True 1 0 0.0 {'onecross': True, 'D_P': 5, 'D_Q': 5, 'eHB': 2, 'k0': 8, 'k1': 4, 'k44w': False}
n21_55 2 alpha H=[(0, 1)] 0 5 True 1 0 0.0 {'onecross': True, 'D_P': 6, 'D_Q': 6, 'eHB': 2, 'k0': 8, 'k1': 3, 'k44w': False}
n21_55 2 alpha H=[(0, 1)] 1 4 True 1 0 0.0 {'onecross': True, 'D_P': 5, 'D_Q': 5, 'eHB': 2, 'k0': 8, 'k1': 4, 'k44w': False}
n21_55 2 alpha H=[(0, 1)] 1 5 True 1 0 0.0 {'onecross': True, 'D_P': 6, 'D_Q': 6, 'eHB': 2, 'k0': 8, 'k1': 3, 'k44w': False}
n21_55 3 alpha H=[(1, 0)] 0 4 True 1 0 0.0 {'onecross': True, 'D_P': 5, 'D_Q': 5, 'eHB': 2, 'k0': 8, 'k1': 4, 'k44w': False}
n21_55 3 alpha H=[(1, 0)] 0 5 True 1 0 0.0 {'onecross': True, 'D_P': 6, 'D_Q': 6, 'eHB': 2, 'k0': 8, 'k1': 3, 'k44w': False}
n21_55 3 alpha H=[(1, 0)] 1 4 True 1 0 0.0 {'onecross': True, 'D_P': 5, 'D_Q': 5, 'eHB': 2, 'k0': 8, 'k1': 4, 'k44w': False}
n21_55 3 alpha H=[(1, 0)] 1 5 True 1 0 0.0 {'onecross': True, 'D_P': 6, 'D_Q': 6, 'eHB': 2, 'k0': 8, 'k1': 3, 'k44w': False}
n21_55 4 alpha H=[(2, 2)] 0 4 True 1 0 0.0 {'onecross': True, 'D_P': 5, 'D_Q': 5, 'eHB': 2, 'k0': 8, 'k1': 4, 'k44w': False}
n21_55 4 alpha H=[(2, 2)] 0 5 True 1 0 0.0 {'onecross': True, 'D_P': 6, 'D_Q': 6, 'eHB': 2, 'k0': 8, 'k1': 3, 'k44w': False}
n21_55 4 alpha H=[(2, 2)] 1 4 True 1 0 0.0 {'onecross': True, 'D_P': 5, 'D_Q': 5, 'eHB': 2, 'k0': 8, 'k1': 4, 'k44w': False}
n21_55 4 alpha H=[(2, 2)] 1 5 True 1 0 0.0 {'onecross': True, 'D_P': 6, 'D_Q': 6, 'eHB': 2, 'k0': 8, 'k1': 3, 'k44w': False}
n21_55 5 alpha H=[(3, 3)] 0 4 True 1 0 0.0 {'onecross': True, 'D_P': 5, 'D_Q': 5, 'eHB': 2, 'k0': 8, 'k1': 4, 'k44w': False}
n21_55 5 alpha H=[(3, 3)] 0 5 True 1 0 0.0 {'onecross': True, 'D_P': 6, 'D_Q': 6, 'eHB': 2, 'k0': 8, 'k1': 3, 'k44w': False}
n21_55 5 alpha H=[(3, 3)] 1 4 True 1 0 0.0 {'onecross': True, 'D_P': 5, 'D_Q': 5, 'eHB': 2, 'k0': 8, 'k1': 4, 'k44w': False}
n21_55 5 alpha H=[(3, 3)] 1 5 True 1 0 0.0 {'onecross': True, 'D_P': 6, 'D_Q': 6, 'eHB': 2, 'k0': 8, 'k1': 3, 'k44w': False}
n21_55 6 alpha H=[(4, 4)] 0 4 True 1 0 0.0 {'onecross': True, 'D_P': 5, 'D_Q': 5, 'eHB': 2, 'k0': 8, 'k1': 4, 'k44w': False}
n21_55 6 alpha H=[(4, 4)] 0 5 True 1 0 0.0 {'onecross': True, 'D_P': 6, 'D_Q': 6, 'eHB': 2, 'k0': 8, 'k1': 3, 'k44w': False}
n21_55 6 alpha H=[(4, 4)] 1 4 True 1 0 0.0 {'onecross': True, 'D_P': 5, 'D_Q': 5, 'eHB': 2, 'k0': 8, 'k1': 4, 'k44w': False}
n21_55 6 alpha H=[(4, 4)] 1 5 True 1 0 0.0 {'onecross': True, 'D_P': 6, 'D_Q': 6, 'eHB': 2, 'k0': 8, 'k1': 3, 'k44w': False}
n21_55 7 alpha H=[(0, 0), (0, 1)] 0 4 True 1 0 0.0 {'onecross': True, 'D_P': 5, 'D_Q': 5, 'eHB': 2, 'k0': 7, 'k1': 4, 'k44w': False}
n21_55 7 alpha H=[(0, 0), (0, 1)] 0 5 True 1 0 0.0 {'onecross': True, 'D_P': 6, 'D_Q': 6, 'eHB': 2, 'k0': 7, 'k1': 3, 'k44w': False}
n21_55 7 alpha H=[(0, 0), (0, 1)] 1 4 True 1 0 0.0 {'onecross': True, 'D_P': 5, 'D_Q': 5, 'eHB': 2, 'k0': 7, 'k1': 4, 'k44w': False}
n21_55 7 alpha H=[(0, 0), (0, 1)] 1 5 True 1 0 0.0 {'onecross': True, 'D_P': 6, 'D_Q': 6, 'eHB': 2, 'k0': 7, 'k1': 3, 'k44w': False}
n21_55 8 alpha H=[(0, 0), (1, 0)] 0 4 True 1 0 0.0 {'onecross': True, 'D_P': 5, 'D_Q': 5, 'eHB': 2, 'k0': 8, 'k1': 3, 'k44w': False}
n21_55 8 alpha H=[(0, 0), (1, 0)] 0 5 True 1 0 0.0 {'onecross': True, 'D_P': 6, 'D_Q': 6, 'eHB': 2, 'k0': 8, 'k1': 2, 'k44w': True}
n21_55 8 alpha H=[(0, 0), (1, 0)] 1 4 True 1 0 0.0 {'onecross': True, 'D_P': 5, 'D_Q': 5, 'eHB': 2, 'k0': 8, 'k1': 3, 'k44w': False}
n21_55 8 alpha H=[(0, 0), (1, 0)] 1 5 True 1 0 0.0 {'onecross': True, 'D_P': 6, 'D_Q': 6, 'eHB': 2, 'k0': 8, 'k1': 2, 'k44w': False}
n21_55 9 alpha H=[(0, 0), (2, 2)] 0 4 True 1 0 0.0 {'onecross': True, 'D_P': 5, 'D_Q': 5, 'eHB': 2, 'k0': 8, 'k1': 3, 'k44w': False}
n21_55 9 alpha H=[(0, 0), (2, 2)] 0 5 True 1 0 0.0 {'onecross': True, 'D_P': 6, 'D_Q': 6, 'eHB': 2, 'k0': 8, 'k1': 2, 'k44w': True}
n21_55 9 alpha H=[(0, 0), (2, 2)] 1 4 True 1 0 0.0 {'onecross': True, 'D_P': 5, 'D_Q': 5, 'eHB': 2, 'k0': 8, 'k1': 3, 'k44w': False}
n21_55 9 alpha H=[(0, 0), (2, 2)] 1 5 True 1 0 0.0 {'onecross': True, 'D_P': 6, 'D_Q': 6, 'eHB': 2, 'k0': 8, 'k1': 2, 'k44w': False}
n21_55 10 alpha H=[(0, 0), (3, 3)] 0 4 True 1 0 0.0 {'onecross': True, 'D_P': 5, 'D_Q': 5, 'eHB': 2, 'k0': 7, 'k1': 4, 'k44w': False}
n21_55 10 alpha H=[(0, 0), (3, 3)] 0 5 True 1 0 0.0 {'onecross': True, 'D_P': 6, 'D_Q': 6, 'eHB': 2, 'k0': 7, 'k1': 3, 'k44w': False}
n21_55 10 alpha H=[(0, 0), (3, 3)] 1 4 True 1 0 0.0 {'onecross': True, 'D_P': 5, 'D_Q': 5, 'eHB': 2, 'k0': 7, 'k1': 4, 'k44w': False}
n21_55 10 alpha H=[(0, 0), (3, 3)] 1 5 True 1 0 0.0 {'onecross': True, 'D_P': 6, 'D_Q': 6, 'eHB': 2, 'k0': 7, 'k1': 3, 'k44w': False}
n21_55 11 alpha H=[(0, 0), (4, 4)] 0 5 True 1 0 0.0 {'onecross': True, 'D_P': 6, 'D_Q': 6, 'eHB': 2, 'k0': 8, 'k1': 2, 'k44w': True}
n21_55 11 alpha H=[(0, 0), (4, 4)] 0 4 True 1 0 0.0 {'onecross': True, 'D_P': 5, 'D_Q': 5, 'eHB': 2, 'k0': 8, 'k1': 3, 'k44w': False}
n21_55 11 alpha H=[(0, 0), (4, 4)] 1 4 True 1 0 0.0 {'onecross': True, 'D_P': 5, 'D_Q': 5, 'eHB': 2, 'k0': 8, 'k1': 3, 'k44w': False}
n21_55 11 alpha H=[(0, 0), (4, 4)] 1 5 True 1 0 0.0 {'onecross': True, 'D_P': 6, 'D_Q': 6, 'eHB': 2, 'k0': 8, 'k1': 2, 'k44w': False}
n21_55 12 alpha H=[(0, 1), (1, 0)] 0 4 True 1 0 0.0 {'onecross': True, 'D_P': 5, 'D_Q': 5, 'eHB': 2, 'k0': 7, 'k1': 4, 'k44w': False}
n21_55 12 alpha H=[(0, 1), (1, 0)] 0 5 True 1 0 0.0 {'onecross': True, 'D_P': 6, 'D_Q': 6, 'eHB': 2, 'k0': 7, 'k1': 3, 'k44w': False}
n21_55 12 alpha H=[(0, 1), (1, 0)] 1 4 True 1 0 0.0 {'onecross': True, 'D_P': 5, 'D_Q': 5, 'eHB': 2, 'k0': 7, 'k1': 4, 'k44w': False}
n21_55 12 alpha H=[(0, 1), (1, 0)] 1 5 True 1 0 0.0 {'onecross': True, 'D_P': 6, 'D_Q': 6, 'eHB': 2, 'k0': 7, 'k1': 3, 'k44w': False}
n21_55 13 alpha H=[(0, 1), (2, 2)] 1 4 True 1 0 0.0 {'onecross': True, 'D_P': 5, 'D_Q': 5, 'eHB': 2, 'k0': 8, 'k1': 3, 'k44w': False}
n21_55 13 alpha H=[(0, 1), (2, 2)] 0 5 True 1 0 0.0 {'onecross': True, 'D_P': 6, 'D_Q': 6, 'eHB': 2, 'k0': 8, 'k1': 2, 'k44w': True}
n21_55 13 alpha H=[(0, 1), (2, 2)] 0 4 True 1 0 0.0 {'onecross': True, 'D_P': 5, 'D_Q': 5, 'eHB': 2, 'k0': 8, 'k1': 3, 'k44w': False}
n21_55 13 alpha H=[(0, 1), (2, 2)] 1 5 True 1 0 0.0 {'onecross': True, 'D_P': 6, 'D_Q': 6, 'eHB': 2, 'k0': 8, 'k1': 2, 'k44w': False}
n21_55 14 alpha H=[(0, 1), (3, 3)] 0 5 True 1 0 0.0 {'onecross': True, 'D_P': 6, 'D_Q': 6, 'eHB': 2, 'k0': 7, 'k1': 3, 'k44w': False}
n21_55 14 alpha H=[(0, 1), (3, 3)] 0 4 True 1 0 0.0 {'onecross': True, 'D_P': 5, 'D_Q': 5, 'eHB': 2, 'k0': 7, 'k1': 4, 'k44w': False}
n21_55 14 alpha H=[(0, 1), (3, 3)] 1 4 True 1 0 0.0 {'onecross': True, 'D_P': 5, 'D_Q': 5, 'eHB': 2, 'k0': 7, 'k1': 4, 'k44w': False}
n21_55 14 alpha H=[(0, 1), (3, 3)] 1 5 True 1 0 0.0 {'onecross': True, 'D_P': 6, 'D_Q': 6, 'eHB': 2, 'k0': 7, 'k1': 3, 'k44w': False}
n21_55 15 alpha H=[(0, 1), (4, 4)] 0 4 True 1 0 0.0 {'onecross': True, 'D_P': 5, 'D_Q': 5, 'eHB': 2, 'k0': 8, 'k1': 3, 'k44w': False}
n21_55 15 alpha H=[(0, 1), (4, 4)] 0 5 True 1 0 0.0 {'onecross': True, 'D_P': 6, 'D_Q': 6, 'eHB': 2, 'k0': 8, 'k1': 2, 'k44w': True}
n21_55 15 alpha H=[(0, 1), (4, 4)] 1 4 True 1 0 0.0 {'onecross': True, 'D_P': 5, 'D_Q': 5, 'eHB': 2, 'k0': 8, 'k1': 3, 'k44w': False}
n21_55 15 alpha H=[(0, 1), (4, 4)] 1 5 True 1 0 0.0 {'onecross': True, 'D_P': 6, 'D_Q': 6, 'eHB': 2, 'k0': 8, 'k1': 2, 'k44w': False}
n21_55 16 alpha H=[(1, 0), (2, 2)] 0 4 True 1 0 0.0 {'onecross': True, 'D_P': 5, 'D_Q': 5, 'eHB': 2, 'k0': 8, 'k1': 3, 'k44w': False}
n21_55 16 alpha H=[(1, 0), (2, 2)] 0 5 True 1 0 0.0 {'onecross': True, 'D_P': 6, 'D_Q': 6, 'eHB': 2, 'k0': 8, 'k1': 2, 'k44w': True}
n21_55 16 alpha H=[(1, 0), (2, 2)] 1 4 True 1 0 0.0 {'onecross': True, 'D_P': 5, 'D_Q': 5, 'eHB': 2, 'k0': 8, 'k1': 3, 'k44w': False}
n21_55 16 alpha H=[(1, 0), (2, 2)] 1 5 True 1 0 0.0 {'onecross': True, 'D_P': 6, 'D_Q': 6, 'eHB': 2, 'k0': 8, 'k1': 2, 'k44w': False}
n21_55 17 alpha H=[(1, 0), (3, 3)] 0 4 True 1 0 0.0 {'onecross': True, 'D_P': 5, 'D_Q': 5, 'eHB': 2, 'k0': 7, 'k1': 4, 'k44w': False}
n21_55 17 alpha H=[(1, 0), (3, 3)] 0 5 True 1 0 0.0 {'onecross': True, 'D_P': 6, 'D_Q': 6, 'eHB': 2, 'k0': 7, 'k1': 3, 'k44w': False}
n21_55 17 alpha H=[(1, 0), (3, 3)] 1 4 True 1 0 0.0 {'onecross': True, 'D_P': 5, 'D_Q': 5, 'eHB': 2, 'k0': 7, 'k1': 4, 'k44w': False}
n21_55 17 alpha H=[(1, 0), (3, 3)] 1 5 True 1 0 0.0 {'onecross': True, 'D_P': 6, 'D_Q': 6, 'eHB': 2, 'k0': 7, 'k1': 3, 'k44w': False}
n21_55 18 alpha H=[(1, 0), (4, 4)] 0 4 True 1 0 0.0 {'onecross': True, 'D_P': 5, 'D_Q': 5, 'eHB': 2, 'k0': 8, 'k1': 3, 'k44w': False}
n21_55 18 alpha H=[(1, 0), (4, 4)] 0 5 True 1 0 0.0 {'onecross': True, 'D_P': 6, 'D_Q': 6, 'eHB': 2, 'k0': 8, 'k1': 2, 'k44w': True}
n21_55 18 alpha H=[(1, 0), (4, 4)] 1 5 True 1 0 0.0 {'onecross': True, 'D_P': 6, 'D_Q': 6, 'eHB': 2, 'k0': 8, 'k1': 2, 'k44w': False}
n21_55 18 alpha H=[(1, 0), (4, 4)] 1 4 True 1 0 0.0 {'onecross': True, 'D_P': 5, 'D_Q': 5, 'eHB': 2, 'k0': 8, 'k1': 3, 'k44w': False}
n21_55 19 alpha H=[(2, 2), (3, 3)] 0 4 True 1 0 0.0 {'onecross': True, 'D_P': 5, 'D_Q': 5, 'eHB': 2, 'k0': 7, 'k1': 4, 'k44w': False}
n21_55 19 alpha H=[(2, 2), (3, 3)] 0 5 True 1 0 0.0 {'onecross': True, 'D_P': 6, 'D_Q': 6, 'eHB': 2, 'k0': 7, 'k1': 3, 'k44w': False}
n21_55 19 alpha H=[(2, 2), (3, 3)] 1 4 True 1 0 0.0 {'onecross': True, 'D_P': 5, 'D_Q': 5, 'eHB': 2, 'k0': 7, 'k1': 4, 'k44w': False}
n21_55 19 alpha H=[(2, 2), (3, 3)] 1 5 True 1 0 0.0 {'onecross': True, 'D_P': 6, 'D_Q': 6, 'eHB': 2, 'k0': 7, 'k1': 3, 'k44w': False}
n21_55 20 alpha H=[(2, 2), (4, 4)] 0 4 True 1 0 0.0 {'onecross': True, 'D_P': 5, 'D_Q': 5, 'eHB': 2, 'k0': 8, 'k1': 3, 'k44w': False}
n21_55 20 alpha H=[(2, 2), (4, 4)] 0 5 True 1 0 0.0 {'onecross': True, 'D_P': 6, 'D_Q': 6, 'eHB': 2, 'k0': 8, 'k1': 2, 'k44w': True}
n21_55 20 alpha H=[(2, 2), (4, 4)] 1 4 True 1 0 0.0 {'onecross': True, 'D_P': 5, 'D_Q': 5, 'eHB': 2, 'k0': 8, 'k1': 3, 'k44w': False}
n21_55 20 alpha H=[(2, 2), (4, 4)] 1 5 True 1 0 0.0 {'onecross': True, 'D_P': 6, 'D_Q': 6, 'eHB': 2, 'k0': 8, 'k1': 2, 'k44w': False}
n21_55 21 alpha H=[(3, 3), (4, 4)] 0 4 True 1 0 0.0 {'onecross': True, 'D_P': 5, 'D_Q': 5, 'eHB': 2, 'k0': 8, 'k1': 3, 'k44w': False}
n21_55 21 alpha H=[(3, 3), (4, 4)] 0 5 True 1 0 0.0 {'onecross': True, 'D_P': 6, 'D_Q': 6, 'eHB': 2, 'k0': 8, 'k1': 2, 'k44w': True}
n21_55 21 alpha H=[(3, 3), (4, 4)] 1 4 True 1 0 0.0 {'onecross': True, 'D_P': 5, 'D_Q': 5, 'eHB': 2, 'k0': 8, 'k1': 3, 'k44w': False}
n21_55 21 alpha H=[(3, 3), (4, 4)] 1 5 True 1 0 0.0 {'onecross': True, 'D_P': 6, 'D_Q': 6, 'eHB': 2, 'k0': 8, 'k1': 2, 'k44w': False}
n21_55 22 beta H=[] 0 4 True 1 0 0.0 {'onecross': True, 'D_P': 5, 'D_Q': 5, 'eHB': 2, 'k0': 8, 'k1': 5, 'k44w': False}
n21_55 22 beta H=[] 0 5 True 1 0 0.0 {'onecross': True, 'D_P': 6, 'D_Q': 6, 'eHB': 2, 'k0': 8, 'k1': 4, 'k44w': False}
n21_55 22 beta H=[] 1 4 True 1 0 0.0 {'onecross': True, 'D_P': 5, 'D_Q': 5, 'eHB': 2, 'k0': 8, 'k1': 5, 'k44w': False}
n21_55 22 beta H=[] 1 5 True 1 0 0.0 {'onecross': True, 'D_P': 6, 'D_Q': 6, 'eHB': 2, 'k0': 8, 'k1': 4, 'k44w': False}
n21_55 23 beta H=[(0, 1)] 0 4 True 1 0 0.0 {'onecross': True, 'D_P': 5, 'D_Q': 5, 'eHB': 2, 'k0': 8, 'k1': 4, 'k44w': False}
n21_55 23 beta H=[(0, 1)] 0 5 True 1 0 0.0 {'onecross': True, 'D_P': 6, 'D_Q': 6, 'eHB': 2, 'k0': 8, 'k1': 3, 'k44w': False}
n21_55 23 beta H=[(0, 1)] 1 4 True 1 0 0.0 {'onecross': True, 'D_P': 5, 'D_Q': 5, 'eHB': 2, 'k0': 8, 'k1': 4, 'k44w': False}
n21_55 23 beta H=[(0, 1)] 1 5 True 1 0 0.0 {'onecross': True, 'D_P': 6, 'D_Q': 6, 'eHB': 2, 'k0': 8, 'k1': 3, 'k44w': False}
n21_55 24 beta H=[(0, 2)] 0 4 True 1 0 0.0 {'onecross': True, 'D_P': 5, 'D_Q': 5, 'eHB': 2, 'k0': 8, 'k1': 4, 'k44w': False}
n21_55 24 beta H=[(0, 2)] 0 5 True 1 0 0.0 {'onecross': True, 'D_P': 6, 'D_Q': 6, 'eHB': 2, 'k0': 8, 'k1': 3, 'k44w': False}
n21_55 24 beta H=[(0, 2)] 1 4 True 1 0 0.0 {'onecross': True, 'D_P': 5, 'D_Q': 5, 'eHB': 2, 'k0': 8, 'k1': 4, 'k44w': False}
n21_55 24 beta H=[(0, 2)] 1 5 True 1 0 0.0 {'onecross': True, 'D_P': 6, 'D_Q': 6, 'eHB': 2, 'k0': 8, 'k1': 3, 'k44w': False}
n21_55 25 beta H=[(1, 0)] 0 4 True 1 0 0.0 {'onecross': True, 'D_P': 5, 'D_Q': 5, 'eHB': 2, 'k0': 8, 'k1': 4, 'k44w': False}
n21_55 25 beta H=[(1, 0)] 0 5 True 1 0 0.0 {'onecross': True, 'D_P': 6, 'D_Q': 6, 'eHB': 2, 'k0': 8, 'k1': 3, 'k44w': False}
n21_55 25 beta H=[(1, 0)] 1 5 True 1 0 0.0 {'onecross': True, 'D_P': 6, 'D_Q': 6, 'eHB': 2, 'k0': 8, 'k1': 3, 'k44w': False}
n21_55 26 beta H=[(2, 0)] 0 4 True 1 0 0.0 {'onecross': True, 'D_P': 5, 'D_Q': 5, 'eHB': 2, 'k0': 8, 'k1': 4, 'k44w': False}
n21_55 25 beta H=[(1, 0)] 1 4 True 1 0 0.0 {'onecross': True, 'D_P': 5, 'D_Q': 5, 'eHB': 2, 'k0': 8, 'k1': 4, 'k44w': False}
n21_55 26 beta H=[(2, 0)] 1 4 True 1 0 0.0 {'onecross': True, 'D_P': 5, 'D_Q': 5, 'eHB': 2, 'k0': 8, 'k1': 4, 'k44w': False}
n21_55 26 beta H=[(2, 0)] 0 5 True 1 0 0.0 {'onecross': True, 'D_P': 6, 'D_Q': 6, 'eHB': 2, 'k0': 8, 'k1': 3, 'k44w': False}
n21_55 26 beta H=[(2, 0)] 1 5 True 1 0 0.0 {'onecross': True, 'D_P': 6, 'D_Q': 6, 'eHB': 2, 'k0': 8, 'k1': 3, 'k44w': False}
n21_55 27 beta H=[(3, 3)] 0 4 True 1 0 0.0 {'onecross': True, 'D_P': 5, 'D_Q': 5, 'eHB': 2, 'k0': 8, 'k1': 4, 'k44w': False}
n21_55 27 beta H=[(3, 3)] 1 4 True 1 0 0.0 {'onecross': True, 'D_P': 5, 'D_Q': 5, 'eHB': 2, 'k0': 8, 'k1': 4, 'k44w': False}
n21_55 27 beta H=[(3, 3)] 0 5 True 1 0 0.0 {'onecross': True, 'D_P': 6, 'D_Q': 6, 'eHB': 2, 'k0': 8, 'k1': 3, 'k44w': False}
n21_55 27 beta H=[(3, 3)] 1 5 True 1 0 0.0 {'onecross': True, 'D_P': 6, 'D_Q': 6, 'eHB': 2, 'k0': 8, 'k1': 3, 'k44w': False}
n21_55 28 beta H=[(4, 4)] 0 5 True 1 0 0.0 {'onecross': True, 'D_P': 6, 'D_Q': 6, 'eHB': 2, 'k0': 8, 'k1': 3, 'k44w': False}
n21_55 28 beta H=[(4, 4)] 0 4 True 1 0 0.0 {'onecross': True, 'D_P': 5, 'D_Q': 5, 'eHB': 2, 'k0': 8, 'k1': 4, 'k44w': False}
n21_55 28 beta H=[(4, 4)] 1 4 True 1 0 0.0 {'onecross': True, 'D_P': 5, 'D_Q': 5, 'eHB': 2, 'k0': 8, 'k1': 4, 'k44w': False}
n21_55 28 beta H=[(4, 4)] 1 5 True 1 0 0.0 {'onecross': True, 'D_P': 6, 'D_Q': 6, 'eHB': 2, 'k0': 8, 'k1': 3, 'k44w': False}
n21_55 29 beta H=[(0, 1), (0, 2)] 0 4 True 1 0 0.0 {'onecross': True, 'D_P': 5, 'D_Q': 5, 'eHB': 2, 'k0': 8, 'k1': 3, 'k44w': False}
n21_55 29 beta H=[(0, 1), (0, 2)] 0 5 True 1 0 0.0 {'onecross': True, 'D_P': 6, 'D_Q': 6, 'eHB': 2, 'k0': 8, 'k1': 2, 'k44w': True}
n21_55 29 beta H=[(0, 1), (0, 2)] 1 4 True 1 0 0.0 {'onecross': True, 'D_P': 5, 'D_Q': 5, 'eHB': 2, 'k0': 8, 'k1': 3, 'k44w': False}
n21_55 29 beta H=[(0, 1), (0, 2)] 1 5 True 1 0 0.0 {'onecross': True, 'D_P': 6, 'D_Q': 6, 'eHB': 2, 'k0': 8, 'k1': 2, 'k44w': False}
n21_55 30 beta H=[(0, 1), (1, 0)] 0 4 True 1 0 0.0 {'onecross': True, 'D_P': 5, 'D_Q': 5, 'eHB': 2, 'k0': 7, 'k1': 4, 'k44w': False}
n21_55 30 beta H=[(0, 1), (1, 0)] 1 4 True 1 0 0.0 {'onecross': True, 'D_P': 5, 'D_Q': 5, 'eHB': 2, 'k0': 7, 'k1': 4, 'k44w': False}
n21_55 30 beta H=[(0, 1), (1, 0)] 0 5 True 1 0 0.0 {'onecross': True, 'D_P': 6, 'D_Q': 6, 'eHB': 2, 'k0': 7, 'k1': 3, 'k44w': False}
n21_55 30 beta H=[(0, 1), (1, 0)] 1 5 True 1 0 0.0 {'onecross': True, 'D_P': 6, 'D_Q': 6, 'eHB': 2, 'k0': 7, 'k1': 3, 'k44w': False}
n21_55 31 beta H=[(0, 1), (2, 0)] 0 4 True 1 0 0.0 {'onecross': True, 'D_P': 5, 'D_Q': 5, 'eHB': 2, 'k0': 7, 'k1': 4, 'k44w': False}
n21_55 31 beta H=[(0, 1), (2, 0)] 0 5 True 1 0 0.0 {'onecross': True, 'D_P': 6, 'D_Q': 6, 'eHB': 2, 'k0': 7, 'k1': 3, 'k44w': False}
n21_55 31 beta H=[(0, 1), (2, 0)] 1 4 True 1 0 0.0 {'onecross': True, 'D_P': 5, 'D_Q': 5, 'eHB': 2, 'k0': 7, 'k1': 4, 'k44w': False}
n21_55 31 beta H=[(0, 1), (2, 0)] 1 5 True 1 0 0.0 {'onecross': True, 'D_P': 6, 'D_Q': 6, 'eHB': 2, 'k0': 7, 'k1': 3, 'k44w': False}
n21_55 32 beta H=[(0, 1), (3, 3)] 0 4 True 1 0 0.0 {'onecross': True, 'D_P': 5, 'D_Q': 5, 'eHB': 2, 'k0': 7, 'k1': 4, 'k44w': False}
n21_55 32 beta H=[(0, 1), (3, 3)] 0 5 True 1 0 0.0 {'onecross': True, 'D_P': 6, 'D_Q': 6, 'eHB': 2, 'k0': 7, 'k1': 3, 'k44w': False}
n21_55 32 beta H=[(0, 1), (3, 3)] 1 4 True 1 0 0.0 {'onecross': True, 'D_P': 5, 'D_Q': 5, 'eHB': 2, 'k0': 7, 'k1': 4, 'k44w': False}
n21_55 32 beta H=[(0, 1), (3, 3)] 1 5 True 1 0 0.0 {'onecross': True, 'D_P': 6, 'D_Q': 6, 'eHB': 2, 'k0': 7, 'k1': 3, 'k44w': False}
n21_55 33 beta H=[(0, 1), (4, 4)] 0 4 True 1 0 0.0 {'onecross': True, 'D_P': 5, 'D_Q': 5, 'eHB': 2, 'k0': 8, 'k1': 3, 'k44w': False}
n21_55 33 beta H=[(0, 1), (4, 4)] 0 5 True 1 0 0.0 {'onecross': True, 'D_P': 6, 'D_Q': 6, 'eHB': 2, 'k0': 8, 'k1': 2, 'k44w': True}
n21_55 33 beta H=[(0, 1), (4, 4)] 1 4 True 1 0 0.0 {'onecross': True, 'D_P': 5, 'D_Q': 5, 'eHB': 2, 'k0': 8, 'k1': 3, 'k44w': False}
n21_55 33 beta H=[(0, 1), (4, 4)] 1 5 True 1 0 0.0 {'onecross': True, 'D_P': 6, 'D_Q': 6, 'eHB': 2, 'k0': 8, 'k1': 2, 'k44w': False}
n21_55 34 beta H=[(0, 2), (1, 0)] 0 5 True 1 0 0.0 {'onecross': True, 'D_P': 6, 'D_Q': 6, 'eHB': 2, 'k0': 8, 'k1': 2, 'k44w': True}
n21_55 34 beta H=[(0, 2), (1, 0)] 0 4 True 1 0 0.0 {'onecross': True, 'D_P': 5, 'D_Q': 5, 'eHB': 2, 'k0': 8, 'k1': 3, 'k44w': False}
n21_55 34 beta H=[(0, 2), (1, 0)] 1 4 True 1 0 0.0 {'onecross': True, 'D_P': 5, 'D_Q': 5, 'eHB': 2, 'k0': 8, 'k1': 3, 'k44w': False}
n21_55 35 beta H=[(0, 2), (2, 0)] 0 4 True 1 0 0.0 {'onecross': True, 'D_P': 5, 'D_Q': 5, 'eHB': 2, 'k0': 8, 'k1': 3, 'k44w': False}
n21_55 34 beta H=[(0, 2), (1, 0)] 1 5 True 1 0 0.0 {'onecross': True, 'D_P': 6, 'D_Q': 6, 'eHB': 2, 'k0': 8, 'k1': 2, 'k44w': False}
n21_55 35 beta H=[(0, 2), (2, 0)] 0 5 True 1 0 0.0 {'onecross': True, 'D_P': 6, 'D_Q': 6, 'eHB': 2, 'k0': 8, 'k1': 2, 'k44w': True}
n21_55 35 beta H=[(0, 2), (2, 0)] 1 4 True 1 0 0.0 {'onecross': True, 'D_P': 5, 'D_Q': 5, 'eHB': 2, 'k0': 8, 'k1': 3, 'k44w': False}
n21_55 35 beta H=[(0, 2), (2, 0)] 1 5 True 1 0 0.0 {'onecross': True, 'D_P': 6, 'D_Q': 6, 'eHB': 2, 'k0': 8, 'k1': 2, 'k44w': False}
n21_55 36 beta H=[(0, 2), (3, 3)] 0 4 True 1 0 0.0 {'onecross': True, 'D_P': 5, 'D_Q': 5, 'eHB': 2, 'k0': 7, 'k1': 4, 'k44w': False}
n21_55 36 beta H=[(0, 2), (3, 3)] 0 5 True 1 0 0.0 {'onecross': True, 'D_P': 6, 'D_Q': 6, 'eHB': 2, 'k0': 7, 'k1': 3, 'k44w': False}
n21_55 36 beta H=[(0, 2), (3, 3)] 1 4 True 1 0 0.0 {'onecross': True, 'D_P': 5, 'D_Q': 5, 'eHB': 2, 'k0': 7, 'k1': 4, 'k44w': False}
n21_55 36 beta H=[(0, 2), (3, 3)] 1 5 True 1 0 0.0 {'onecross': True, 'D_P': 6, 'D_Q': 6, 'eHB': 2, 'k0': 7, 'k1': 3, 'k44w': False}
n21_55 37 beta H=[(0, 2), (4, 4)] 0 4 True 1 0 0.0 {'onecross': True, 'D_P': 5, 'D_Q': 5, 'eHB': 2, 'k0': 8, 'k1': 3, 'k44w': False}
n21_55 37 beta H=[(0, 2), (4, 4)] 0 5 True 1 0 0.0 {'onecross': True, 'D_P': 6, 'D_Q': 6, 'eHB': 2, 'k0': 8, 'k1': 2, 'k44w': True}
n21_55 37 beta H=[(0, 2), (4, 4)] 1 4 True 1 0 0.0 {'onecross': True, 'D_P': 5, 'D_Q': 5, 'eHB': 2, 'k0': 8, 'k1': 3, 'k44w': False}
n21_55 37 beta H=[(0, 2), (4, 4)] 1 5 True 1 0 0.0 {'onecross': True, 'D_P': 6, 'D_Q': 6, 'eHB': 2, 'k0': 8, 'k1': 2, 'k44w': False}
n21_55 38 beta H=[(1, 0), (2, 0)] 0 4 True 1 0 0.0 {'onecross': True, 'D_P': 5, 'D_Q': 5, 'eHB': 2, 'k0': 8, 'k1': 3, 'k44w': False}
n21_55 38 beta H=[(1, 0), (2, 0)] 0 5 True 1 0 0.0 {'onecross': True, 'D_P': 6, 'D_Q': 6, 'eHB': 2, 'k0': 8, 'k1': 2, 'k44w': True}
n21_55 38 beta H=[(1, 0), (2, 0)] 1 4 True 1 0 0.0 {'onecross': True, 'D_P': 5, 'D_Q': 5, 'eHB': 2, 'k0': 8, 'k1': 3, 'k44w': False}
n21_55 38 beta H=[(1, 0), (2, 0)] 1 5 True 1 0 0.0 {'onecross': True, 'D_P': 6, 'D_Q': 6, 'eHB': 2, 'k0': 8, 'k1': 2, 'k44w': False}
n21_55 39 beta H=[(1, 0), (3, 3)] 0 4 True 1 0 0.0 {'onecross': True, 'D_P': 5, 'D_Q': 5, 'eHB': 2, 'k0': 7, 'k1': 4, 'k44w': False}
n21_55 39 beta H=[(1, 0), (3, 3)] 0 5 True 1 0 0.0 {'onecross': True, 'D_P': 6, 'D_Q': 6, 'eHB': 2, 'k0': 7, 'k1': 3, 'k44w': False}
n21_55 39 beta H=[(1, 0), (3, 3)] 1 4 True 1 0 0.0 {'onecross': True, 'D_P': 5, 'D_Q': 5, 'eHB': 2, 'k0': 7, 'k1': 4, 'k44w': False}
n21_55 39 beta H=[(1, 0), (3, 3)] 1 5 True 1 0 0.0 {'onecross': True, 'D_P': 6, 'D_Q': 6, 'eHB': 2, 'k0': 7, 'k1': 3, 'k44w': False}
n21_55 40 beta H=[(1, 0), (4, 4)] 0 5 True 1 0 0.0 {'onecross': True, 'D_P': 6, 'D_Q': 6, 'eHB': 2, 'k0': 8, 'k1': 2, 'k44w': True}
n21_55 40 beta H=[(1, 0), (4, 4)] 0 4 True 1 0 0.0 {'onecross': True, 'D_P': 5, 'D_Q': 5, 'eHB': 2, 'k0': 8, 'k1': 3, 'k44w': False}
n21_55 40 beta H=[(1, 0), (4, 4)] 1 4 True 1 0 0.0 {'onecross': True, 'D_P': 5, 'D_Q': 5, 'eHB': 2, 'k0': 8, 'k1': 3, 'k44w': False}
n21_55 40 beta H=[(1, 0), (4, 4)] 1 5 True 1 0 0.0 {'onecross': True, 'D_P': 6, 'D_Q': 6, 'eHB': 2, 'k0': 8, 'k1': 2, 'k44w': False}
n21_55 41 beta H=[(2, 0), (3, 3)] 0 4 True 1 0 0.0 {'onecross': True, 'D_P': 5, 'D_Q': 5, 'eHB': 2, 'k0': 7, 'k1': 4, 'k44w': False}
n21_55 41 beta H=[(2, 0), (3, 3)] 0 5 True 1 0 0.0 {'onecross': True, 'D_P': 6, 'D_Q': 6, 'eHB': 2, 'k0': 7, 'k1': 3, 'k44w': False}
n21_55 41 beta H=[(2, 0), (3, 3)] 1 4 True 1 0 0.0 {'onecross': True, 'D_P': 5, 'D_Q': 5, 'eHB': 2, 'k0': 7, 'k1': 4, 'k44w': False}
n21_55 41 beta H=[(2, 0), (3, 3)] 1 5 True 1 0 0.0 {'onecross': True, 'D_P': 6, 'D_Q': 6, 'eHB': 2, 'k0': 7, 'k1': 3, 'k44w': False}
n21_55 42 beta H=[(2, 0), (4, 4)] 0 4 True 1 0 0.0 {'onecross': True, 'D_P': 5, 'D_Q': 5, 'eHB': 2, 'k0': 8, 'k1': 3, 'k44w': False}
n21_55 42 beta H=[(2, 0), (4, 4)] 0 5 True 1 0 0.0 {'onecross': True, 'D_P': 6, 'D_Q': 6, 'eHB': 2, 'k0': 8, 'k1': 2, 'k44w': True}
n21_55 42 beta H=[(2, 0), (4, 4)] 1 4 True 1 0 0.0 {'onecross': True, 'D_P': 5, 'D_Q': 5, 'eHB': 2, 'k0': 8, 'k1': 3, 'k44w': False}
n21_55 42 beta H=[(2, 0), (4, 4)] 1 5 True 1 0 0.0 {'onecross': True, 'D_P': 6, 'D_Q': 6, 'eHB': 2, 'k0': 8, 'k1': 2, 'k44w': False}
n21_55 43 beta H=[(3, 3), (4, 4)] 0 4 True 1 0 0.0 {'onecross': True, 'D_P': 5, 'D_Q': 5, 'eHB': 2, 'k0': 8, 'k1': 3, 'k44w': False}
n21_55 43 beta H=[(3, 3), (4, 4)] 0 5 True 1 0 0.0 {'onecross': True, 'D_P': 6, 'D_Q': 6, 'eHB': 2, 'k0': 8, 'k1': 2, 'k44w': True}
n21_55 43 beta H=[(3, 3), (4, 4)] 1 4 True 1 0 0.0 {'onecross': True, 'D_P': 5, 'D_Q': 5, 'eHB': 2, 'k0': 8, 'k1': 3, 'k44w': False}
n21_55 43 beta H=[(3, 3), (4, 4)] 1 5 True 1 0 0.0 {'onecross': True, 'D_P': 6, 'D_Q': 6, 'eHB': 2, 'k0': 8, 'k1': 2, 'k44w': False}
# SUMMARY shape=n21_55 mode=enum star=False f2=True: UNSAT 0 SAT 176 UNKNOWN 0 (SAT with one-crossing 176) wall 0.1 s
