# shape=n23_55 mode=enum star=True f2=True levels=('k44w', 'r12') solver=cadical195 jobs=112
n23_55 0 alpha H=[] 0 4 False 1 0 0.09 None
n23_55 0 alpha H=[] 1 4 False 1 0 0.09 None
n23_55 0 alpha H=[] 2 4 False 1 0 0.1 None
n23_55 0 alpha H=[] 1 5 False 1 0 0.23 None
n23_55 0 alpha H=[] 2 5 False 1 0 0.17 None
n23_55 0 alpha H=[] 3 4 False 1 0 0.11 None
n23_55 0 alpha H=[] 0 5 False 1 0 0.3 None
n23_55 0 alpha H=[] 4 4 False 1 0 0.11 None
n23_55 0 alpha H=[] 5 4 False 1 0 0.11 None
n23_55 0 alpha H=[] 6 4 False 1 0 0.1 None
n23_55 0 alpha H=[] 3 5 False 1 0 0.35 None
n23_55 0 alpha H=[] 4 5 False 1 0 0.29 None
n23_55 0 alpha H=[] 5 5 False 1 0 0.29 None
n23_55 0 alpha H=[] 7 4 False 1 0 0.12 None
n23_55 0 alpha H=[] 6 5 False 1 0 0.28 None
n23_55 0 alpha H=[] 8 4 False 1 0 0.12 None
n23_55 0 alpha H=[] 7 5 False 1 0 0.29 None
n23_55 0 alpha H=[] 9 4 False 1 0 0.12 None
n23_55 0 alpha H=[] 8 5 False 1 0 0.26 None
n23_55 0 alpha H=[] 10 4 False 1 0 0.14 None
n23_55 0 alpha H=[] 9 5 False 1 0 0.28 None
n23_55 0 alpha H=[] 11 4 False 1 0 0.14 None
n23_55 0 alpha H=[] 12 4 False 1 0 0.13 None
n23_55 0 alpha H=[] 10 5 False 1 0 0.36 None
n23_55 0 alpha H=[] 13 4 False 1 0 0.12 None
n23_55 0 alpha H=[] 12 5 False 1 0 0.23 None
n23_55 0 alpha H=[] 11 5 False 1 0 0.38 None
n23_55 11 alpha H=[(0, 0), (4, 4)] 0 4 False 1 0 0.14 None
n23_55 0 alpha H=[] 13 5 False 1 0 0.24 None
n23_55 11 alpha H=[(0, 0), (4, 4)] 1 4 False 1 0 0.12 None
n23_55 11 alpha H=[(0, 0), (4, 4)] 2 4 False 1 0 0.1 None
n23_55 11 alpha H=[(0, 0), (4, 4)] 3 4 False 1 0 0.12 None
n23_55 11 alpha H=[(0, 0), (4, 4)] 0 5 False 1 0 0.46 None
n23_55 11 alpha H=[(0, 0), (4, 4)] 1 5 False 1 0 0.35 None
n23_55 11 alpha H=[(0, 0), (4, 4)] 4 4 False 1 0 0.12 None
n23_55 11 alpha H=[(0, 0), (4, 4)] 2 5 False 1 0 0.45 None
n23_55 11 alpha H=[(0, 0), (4, 4)] 5 4 False 1 0 0.11 None
n23_55 11 alpha H=[(0, 0), (4, 4)] 6 4 False 1 0 0.09 None
n23_55 11 alpha H=[(0, 0), (4, 4)] 3 5 False 1 0 0.42 None
n23_55 11 alpha H=[(0, 0), (4, 4)] 4 5 False 1 0 0.35 None
n23_55 11 alpha H=[(0, 0), (4, 4)] 7 4 False 1 0 0.11 None
n23_55 11 alpha H=[(0, 0), (4, 4)] 5 5 False 1 0 0.35 None
n23_55 11 alpha H=[(0, 0), (4, 4)] 8 4 False 1 0 0.09 None
n23_55 11 alpha H=[(0, 0), (4, 4)] 6 5 False 1 0 0.35 None
n23_55 11 alpha H=[(0, 0), (4, 4)] 9 4 False 1 0 0.11 None
n23_55 11 alpha H=[(0, 0), (4, 4)] 7 5 False 1 0 0.33 None
n23_55 11 alpha H=[(0, 0), (4, 4)] 10 4 False 1 0 0.09 None
n23_55 11 alpha H=[(0, 0), (4, 4)] 8 5 False 1 0 0.35 None
n23_55 11 alpha H=[(0, 0), (4, 4)] 11 4 False 1 0 0.1 None
n23_55 11 alpha H=[(0, 0), (4, 4)] 10 5 False 1 0 0.25 None
n23_55 11 alpha H=[(0, 0), (4, 4)] 12 4 False 1 0 0.1 None
n23_55 11 alpha H=[(0, 0), (4, 4)] 9 5 False 1 0 0.35 None
n23_55 11 alpha H=[(0, 0), (4, 4)] 13 4 False 1 0 0.09 None
n23_55 22 beta H=[] 0 4 False 1 0 0.11 None
n23_55 11 alpha H=[(0, 0), (4, 4)] 12 5 False 1 0 0.28 None
n23_55 11 alpha H=[(0, 0), (4, 4)] 11 5 False 1 0 0.4 None
n23_55 11 alpha H=[(0, 0), (4, 4)] 13 5 False 1 0 0.29 None
n23_55 22 beta H=[] 1 4 False 1 0 0.13 None
n23_55 22 beta H=[] 2 4 False 1 0 0.13 None
n23_55 22 beta H=[] 1 5 False 1 0 0.29 None
n23_55 22 beta H=[] 3 4 False 1 0 0.14 None
n23_55 22 beta H=[] 0 5 False 1 0 0.42 None
n23_55 22 beta H=[] 2 5 False 1 0 0.3 None
n23_55 22 beta H=[] 4 4 False 1 0 0.14 None
n23_55 22 beta H=[] 5 4 False 1 0 0.13 None
n23_55 22 beta H=[] 4 5 False 1 0 0.32 None
n23_55 22 beta H=[] 6 4 False 1 0 0.13 None
n23_55 22 beta H=[] 3 5 False 1 0 0.43 None
n23_55 22 beta H=[] 7 4 False 1 0 0.12 None
n23_55 22 beta H=[] 5 5 False 1 0 0.4 None
n23_55 22 beta H=[] 6 5 False 1 0 0.26 None
n23_55 22 beta H=[] 8 4 False 1 0 0.13 None
n23_55 22 beta H=[] 9 4 False 1 0 0.15 None
n23_55 22 beta H=[] 7 5 False 1 0 0.39 None
n23_55 22 beta H=[] 10 4 False 1 0 0.12 None
n23_55 22 beta H=[] 8 5 False 1 0 0.37 None
n23_55 22 beta H=[] 9 5 False 1 0 0.34 None
n23_55 22 beta H=[] 11 4 False 1 0 0.12 None
n23_55 22 beta H=[] 12 4 False 1 0 0.15 None
n23_55 22 beta H=[] 10 5 False 1 0 0.35 None
n23_55 22 beta H=[] 13 4 False 1 0 0.14 None
n23_55 22 beta H=[] 11 5 False 1 0 0.4 None
n23_55 33 beta H=[(0, 1), (4, 4)] 0 4 False 1 0 0.1 None
n23_55 22 beta H=[] 13 5 False 1 0 0.26 None
n23_55 33 beta H=[(0, 1), (4, 4)] 1 4 False 1 0 0.11 None
n23_55 22 beta H=[] 12 5 False 1 0 0.48 None
n23_55 33 beta H=[(0, 1), (4, 4)] 0 5 False 1 0 0.22 None
n23_55 33 beta H=[(0, 1), (4, 4)] 2 4 False 1 0 0.1 None
n23_55 33 beta H=[(0, 1), (4, 4)] 3 4 False 1 0 0.11 None
n23_55 33 beta H=[(0, 1), (4, 4)] 1 5 False 1 0 0.25 None
n23_55 33 beta H=[(0, 1), (4, 4)] 4 4 False 1 0 0.08 None
n23_55 33 beta H=[(0, 1), (4, 4)] 2 5 False 1 0 0.26 None
n23_55 33 beta H=[(0, 1), (4, 4)] 5 4 False 1 0 0.09 None
n23_55 33 beta H=[(0, 1), (4, 4)] 6 4 False 1 0 0.09 None
n23_55 33 beta H=[(0, 1), (4, 4)] 3 5 False 1 0 0.38 None
n23_55 33 beta H=[(0, 1), (4, 4)] 5 5 False 1 0 0.23 None
n23_55 33 beta H=[(0, 1), (4, 4)] 4 5 False 1 0 0.34 None
n23_55 33 beta H=[(0, 1), (4, 4)] 7 4 False 1 0 0.09 None
n23_55 33 beta H=[(0, 1), (4, 4)] 8 4 False 1 0 0.1 None
n23_55 33 beta H=[(0, 1), (4, 4)] 6 5 False 1 0 0.19 None
n23_55 33 beta H=[(0, 1), (4, 4)] 9 4 False 1 0 0.1 None
n23_55 33 beta H=[(0, 1), (4, 4)] 8 5 False 1 0 0.19 None
n23_55 33 beta H=[(0, 1), (4, 4)] 10 4 False 1 0 0.11 None
n23_55 33 beta H=[(0, 1), (4, 4)] 7 5 False 1 0 0.34 None
n23_55 33 beta H=[(0, 1), (4, 4)] 9 5 False 1 0 0.23 None
n23_55 33 beta H=[(0, 1), (4, 4)] 11 4 False 1 0 0.1 None
n23_55 33 beta H=[(0, 1), (4, 4)] 10 5 False 1 0 0.19 None
n23_55 33 beta H=[(0, 1), (4, 4)] 12 4 False 1 0 0.1 None
n23_55 33 beta H=[(0, 1), (4, 4)] 11 5 False 1 0 0.2 None
n23_55 33 beta H=[(0, 1), (4, 4)] 13 4 False 1 0 0.1 None
n23_55 33 beta H=[(0, 1), (4, 4)] 12 5 False 1 0 0.23 None
n23_55 33 beta H=[(0, 1), (4, 4)] 13 5 False 1 0 0.25 None
# SUMMARY shape=n23_55 mode=enum star=True f2=True: UNSAT 112 SAT 0 UNKNOWN 0 (SAT with one-crossing 0) wall 6.2 s
