# shape=n23k44 mode=enum star=True f2=True levels=('k44w', 'r12', 'symA') solver=cadical195 jobs=416
n23k44 0 K44-e 0 4 False 1 0 0.46 None
n23k44 0 K44-e 0 5 False 1 0 0.7 None
n23k44 0 K44-e 1 4 False 1 0 0.86 None
n23k44 0 K44-e 2 4 False 1 0 0.89 None
n23k44 0 K44-e 3 4 False 1 0 0.57 None
n23k44 0 K44-e 2 5 False 1 0 1.1 None
n23k44 0 K44-e 1 5 False 1 0 1.11 None
n23k44 0 K44-e 3 5 False 1 0 0.81 None
n23k44 0 K44-e 6 4 False 1 0 0.86 None
n23k44 0 K44-e 4 4 False 1 0 1.13 None
n23k44 0 K44-e 5 4 False 1 0 1.39 None
n23k44 0 K44-e 5 5 False 1 0 1.69 None
n23k44 0 K44-e 7 4 False 1 0 0.85 None
n23k44 0 K44-e 8 4 False 1 0 0.91 None
n23k44 0 K44-e 7 5 False 1 0 1.66 None
n23k44 0 K44-e 6 5 False 1 0 2.19 None
n23k44 0 K44-e 9 4 False 1 0 0.89 None
n23k44 0 K44-e 8 5 False 1 0 1.74 None
n23k44 0 K44-e 10 4 False 1 0 1.08 None
n23k44 0 K44-e 11 4 False 1 0 1.6 None
n23k44 0 K44-e 9 5 False 1 0 2.18 None
n23k44 0 K44-e 12 4 False 1 0 1.21 None
n23k44 0 K44-e 10 5 False 1 0 2.37 None
n23k44 0 K44-e 13 4 False 1 0 1.32 None
n23k44 0 K44-e 4 5 False 1 0 6.08 None
n23k44 0 K44-e 14 4 False 1 0 0.89 None
n23k44 0 K44-e 13 5 False 1 0 2.31 None
n23k44 0 K44-e 15 4 False 1 0 1.35 None
n23k44 0 K44-e 11 5 False 1 0 3.85 None
n23k44 0 K44-e 14 5 False 1 0 1.95 None
n23k44 0 K44-e 12 5 False 1 0 3.89 None
n23k44 0 K44-e 16 4 False 1 0 1.46 None
n23k44 0 K44-e 15 5 False 1 0 2.85 None
n23k44 0 K44-e 17 4 False 1 0 1.69 None
n23k44 0 K44-e 18 4 False 1 0 1.33 None
n23k44 0 K44-e 19 4 False 1 0 1.05 None
n23k44 0 K44-e 16 5 False 1 0 2.67 None
n23k44 0 K44-e 20 4 False 1 0 0.73 None
n23k44 0 K44-e 17 5 False 1 0 2.94 None
n23k44 0 K44-e 20 5 False 1 0 1.03 None
n23k44 0 K44-e 21 4 False 1 0 1.06 None
n23k44 0 K44-e 18 5 False 1 0 2.47 None
n23k44 0 K44-e 23 4 False 1 0 0.96 None
n23k44 0 K44-e 19 5 False 1 0 2.95 None
n23k44 0 K44-e 22 4 False 1 0 1.56 None
n23k44 0 K44-e 21 5 False 1 0 2.32 None
n23k44 0 K44-e 23 5 False 1 0 1.67 None
n23k44 0 K44-e 24 4 False 1 0 1.02 None
n23k44 0 K44-e 25 4 False 1 0 1.17 None
n23k44 0 K44-e 27 4 False 1 0 0.76 None
n23k44 0 K44-e 22 5 False 1 0 3.45 None
n23k44 0 K44-e 26 4 False 1 0 1.48 None
n23k44 0 K44-e 25 5 False 1 0 2.15 None
n23k44 0 K44-e 24 5 False 1 0 2.88 None
n23k44 0 K44-e 28 4 False 1 0 1.22 None
n23k44 0 K44-e 27 5 False 1 0 1.96 None
n23k44 0 K44-e 29 4 False 1 0 1.87 None
n23k44 0 K44-e 30 4 False 1 0 1.29 None
n23k44 0 K44-e 28 5 False 1 0 2.72 None
n23k44 0 K44-e 26 5 False 1 0 4.3 None
n23k44 0 K44-e 29 5 False 1 0 2.69 None
n23k44 0 K44-e 31 4 False 1 0 1.05 None
n23k44 0 K44-e 30 5 False 1 0 2.34 None
n23k44 0 K44-e 32 4 False 1 0 1.69 None
n23k44 0 K44-e 33 4 False 1 0 1.37 None
n23k44 0 K44-e 31 5 False 1 0 3.3 None
n23k44 0 K44-e 34 4 False 1 0 1.87 None
n23k44 0 K44-e 33 5 False 1 0 2.9 None
n23k44 0 K44-e 35 4 False 1 0 1.8 None
n23k44 0 K44-e 32 5 False 1 0 3.86 None
n23k44 0 K44-e 37 4 False 1 0 1.72 None
n23k44 0 K44-e 36 4 False 1 0 2.15 None
n23k44 0 K44-e 34 5 False 1 0 4.24 None
n23k44 0 K44-e 38 4 False 1 0 1.3 None
n23k44 0 K44-e 36 5 False 1 0 3.33 None
n23k44 0 K44-e 37 5 False 1 0 3.57 None
n23k44 0 K44-e 39 4 False 1 0 1.83 None
n23k44 0 K44-e 38 5 False 1 0 2.8 None
n23k44 0 K44-e 40 4 False 1 0 1.6 None
n23k44 0 K44-e 41 4 False 1 0 1.49 None
n23k44 0 K44-e 40 5 False 1 0 2.29 None
n23k44 0 K44-e 42 4 False 1 0 1.53 None
n23k44 0 K44-e 43 4 False 1 0 1.87 None
n23k44 0 K44-e 41 5 False 1 0 3.87 None
n23k44 0 K44-e 42 5 False 1 0 3.11 None
n23k44 0 K44-e 35 5 False 1 0 9.83 None
n23k44 0 K44-e 43 5 False 1 0 3.2 None
n23k44 0 K44-e 44 4 False 1 0 1.73 None
n23k44 0 K44-e 45 4 False 1 0 1.6 None
n23k44 0 K44-e 46 4 False 1 0 1.3 None
n23k44 0 K44-e 47 4 False 1 0 1.8 None
n23k44 0 K44-e 44 5 False 1 0 3.75 None
n23k44 0 K44-e 46 5 False 1 0 2.76 None
n23k44 0 K44-e 45 5 False 1 0 3.52 None
n23k44 0 K44-e 39 5 False 1 0 10.46 None
n23k44 0 K44-e 47 5 False 1 0 3.14 None
n23k44 0 K44-e 48 4 False 1 0 1.95 None
n23k44 0 K44-e 49 4 False 1 0 2.09 None
n23k44 0 K44-e 50 4 False 1 0 1.92 None
n23k44 0 K44-e 51 4 False 1 0 1.54 None
n23k44 0 K44-e 48 5 False 1 0 4.1 None
n23k44 0 K44-e 52 4 False 1 0 2.47 None
n23k44 0 K44-e 53 4 False 1 0 1.74 None
n23k44 0 K44-e 51 5 False 1 0 3.5 None
n23k44 0 K44-e 49 5 False 1 0 6.31 None
n23k44 0 K44-e 50 5 False 1 0 5.75 None
n23k44 0 K44-e 54 4 False 1 0 1.83 None
n23k44 0 K44-e 52 5 False 1 0 4.82 None
n23k44 0 K44-e 53 5 False 1 0 2.68 None
n23k44 0 K44-e 55 4 False 1 0 1.55 None
n23k44 0 K44-e 56 4 False 1 0 1.23 None
n23k44 0 K44-e 57 4 False 1 0 2.32 None
n23k44 0 K44-e 55 5 False 1 0 3.17 None
n23k44 0 K44-e 54 5 False 1 0 4.91 None
n23k44 0 K44-e 56 5 False 1 0 4.15 None
n23k44 0 K44-e 57 5 False 1 0 4.15 None
n23k44 0 K44-e 58 4 False 1 0 3.74 None
n23k44 0 K44-e 59 4 False 1 0 2.73 None
n23k44 0 K44-e 60 4 False 1 0 2.35 None
n23k44 0 K44-e 61 4 False 1 0 2.84 None
n23k44 0 K44-e 60 5 False 1 0 4.63 None
n23k44 0 K44-e 59 5 False 1 0 6.65 None
n23k44 0 K44-e 62 4 False 1 0 3.36 None
n23k44 0 K44-e 63 4 False 1 0 2.66 None
n23k44 0 K44-e 61 5 False 1 0 6.83 None
n23k44 0 K44-e 64 4 False 1 0 2.25 None
n23k44 0 K44-e 65 4 False 1 0 1.75 None
n23k44 0 K44-e 63 5 False 1 0 4.93 None
n23k44 0 K44-e 58 5 False 1 0 12.99 None
n23k44 0 K44-e 62 5 False 1 0 8.42 None
n23k44 0 K44-e 64 5 False 1 0 4.34 None
n23k44 0 K44-e 66 4 False 1 0 2.63 None
n23k44 0 K44-e 65 5 False 1 0 5.27 None
n23k44 0 K44-e 68 4 False 1 0 1.97 None
n23k44 0 K44-e 67 4 False 1 0 2.63 None
n23k44 0 K44-e 69 4 False 1 0 1.9 None
n23k44 0 K44-e 70 4 False 1 0 1.69 None
n23k44 0 K44-e 68 5 False 1 0 4.3 None
n23k44 0 K44-e 71 4 False 1 0 1.38 None
n23k44 0 K44-e 69 5 False 1 0 4.3 None
n23k44 0 K44-e 70 5 False 1 0 3.46 None
n23k44 0 K44-e 66 5 False 1 0 8.53 None
n23k44 0 K44-e 67 5 False 1 0 7.38 None
n23k44 0 K44-e 72 4 False 1 0 2.11 None
n23k44 0 K44-e 74 4 False 1 0 1.43 None
n23k44 0 K44-e 73 4 False 1 0 1.91 None
n23k44 0 K44-e 71 5 False 1 0 5.18 None
n23k44 0 K44-e 74 5 False 1 0 2.94 None
n23k44 0 K44-e 75 4 False 1 0 1.78 None
n23k44 0 K44-e 73 5 False 1 0 3.49 None
n23k44 0 K44-e 72 5 False 1 0 4.56 None
n23k44 0 K44-e 75 5 False 1 0 2.86 None
n23k44 0 K44-e 76 4 False 1 0 2.06 None
n23k44 0 K44-e 79 4 False 1 0 0.95 None
n23k44 0 K44-e 78 4 False 1 0 2.08 None
n23k44 0 K44-e 77 4 False 1 0 2.73 None
n23k44 0 K44-e 80 4 False 1 0 0.89 None
n23k44 0 K44-e 76 5 False 1 0 3.66 None
n23k44 0 K44-e 77 5 False 1 0 4.04 None
n23k44 0 K44-e 81 4 False 1 0 1.17 None
n23k44 0 K44-e 78 5 False 1 0 3.47 None
n23k44 0 K44-e 79 5 False 1 0 2.37 None
n23k44 0 K44-e 80 5 False 1 0 2.84 None
n23k44 0 K44-e 82 4 False 1 0 2.7 None
n23k44 0 K44-e 81 5 False 1 0 3.31 None
n23k44 0 K44-e 83 4 False 1 0 2.31 None
n23k44 0 K44-e 84 4 False 1 0 2.13 None
n23k44 0 K44-e 85 4 False 1 0 1.65 None
n23k44 0 K44-e 86 4 False 1 0 1.99 None
n23k44 0 K44-e 82 5 False 1 0 5.18 None
n23k44 0 K44-e 87 4 False 1 0 1.39 None
n23k44 0 K44-e 85 5 False 1 0 4.27 None
n23k44 0 K44-e 83 5 False 1 0 6.37 None
n23k44 0 K44-e 84 5 False 1 0 4.68 None
n23k44 0 K44-e 86 5 False 1 0 4.09 None
n23k44 0 K44-e 87 5 False 1 0 2.78 None
n23k44 0 K44-e 90 4 False 1 0 1.1 None
n23k44 0 K44-e 89 4 False 1 0 2.66 None
n23k44 0 K44-e 88 4 False 1 0 3.43 None
n23k44 0 K44-e 91 4 False 1 0 1.43 None
n23k44 0 K44-e 89 5 False 1 0 4.37 None
n23k44 0 K44-e 90 5 False 1 0 3.72 None
n23k44 0 K44-e 92 4 False 1 0 2.2 None
n23k44 0 K44-e 91 5 False 1 0 2.86 None
n23k44 0 K44-e 93 4 False 1 0 1.98 None
n23k44 0 K44-e 94 4 False 1 0 1.63 None
n23k44 0 K44-e 88 5 False 1 0 8.38 None
n23k44 0 K44-e 95 4 False 1 0 2.59 None
n23k44 0 K44-e 94 5 False 1 0 4.16 None
n23k44 0 K44-e 96 4 False 1 0 2.14 None
n23k44 0 K44-e 93 5 False 1 0 6.21 None
n23k44 0 K44-e 95 5 False 1 0 5.51 None
n23k44 0 K44-e 97 4 False 1 0 3.16 None
n23k44 0 K44-e 96 5 False 1 0 3.92 None
n23k44 0 K44-e 98 4 False 1 0 2.19 None
n23k44 0 K44-e 99 4 False 1 0 3.4 None
n23k44 0 K44-e 100 4 False 1 0 3.53 None
n23k44 0 K44-e 101 4 False 1 0 2.04 None
n23k44 0 K44-e 100 5 False 1 0 8.53 None
n23k44 0 K44-e 101 5 False 1 0 8.55 None
n23k44 0 K44-e 98 5 False 1 0 15.08 None
n23k44 0 K44-e 102 4 False 1 0 2.95 None
n23k44 0 K44-e 97 5 False 1 0 17.63 None
n23k44 0 K44-e 92 5 False 1 0 24.76 None
n23k44 0 K44-e 103 4 False 1 0 2.29 None
n23k44 0 K44-e 104 4 False 1 0 2.61 None
n23k44 0 K44-e 105 4 False 1 0 2.63 None
n23k44 0 K44-e 102 5 False 1 0 6.05 None
n23k44 0 K44-e 104 5 False 1 0 6.3 None
n23k44 0 K44-e 103 5 False 1 0 7.46 None
n23k44 0 K44-e 106 4 False 1 0 3.34 None
n23k44 0 K44-e 108 4 False 1 0 1.66 None
n23k44 0 K44-e 107 4 False 1 0 3.04 None
n23k44 0 K44-e 106 5 False 1 0 5.6 None
n23k44 0 K44-e 109 4 False 1 0 3.29 None
n23k44 0 K44-e 108 5 False 1 0 4.8 None
n23k44 0 K44-e 110 4 False 1 0 2.48 None
n23k44 0 K44-e 111 4 False 1 0 3.03 None
n23k44 0 K44-e 109 5 False 1 0 8.41 None
n23k44 0 K44-e 107 5 False 1 0 12.48 None
n23k44 0 K44-e 105 5 False 1 0 17.78 None
n23k44 0 K44-e 110 5 False 1 0 6.1 None
n23k44 0 K44-e 112 4 False 1 0 3.11 None
n23k44 0 K44-e 113 4 False 1 0 2.56 None
n23k44 0 K44-e 114 4 False 1 0 2.58 None
n23k44 0 K44-e 111 5 False 1 0 7.11 None
n23k44 0 K44-e 113 5 False 1 0 6.14 None
n23k44 0 K44-e 112 5 False 1 0 7.24 None
n23k44 0 K44-e 114 5 False 1 0 4.38 None
n23k44 0 K44-e 115 4 False 1 0 4.05 None
n23k44 0 K44-e 116 4 False 1 0 3.64 None
n23k44 0 K44-e 117 4 False 1 0 3.6 None
n23k44 0 K44-e 118 4 False 1 0 2.7 None
n23k44 0 K44-e 118 5 False 1 0 5.18 None
n23k44 0 K44-e 119 4 False 1 0 3.62 None
n23k44 0 K44-e 117 5 False 1 0 7.94 None
n23k44 0 K44-e 120 4 False 1 0 2.32 None
n23k44 0 K44-e 99 5 False 1 0 54.96 None
n23k44 0 K44-e 121 4 False 1 0 1.66 None
n23k44 0 K44-e 120 5 False 1 0 4.2 None
n23k44 0 K44-e 121 5 False 1 0 2.99 None
n23k44 0 K44-e 122 4 False 1 0 2.42 None
n23k44 0 K44-e 119 5 False 1 0 7.76 None
n23k44 0 K44-e 123 4 False 1 0 1.96 None
n23k44 0 K44-e 122 5 False 1 0 3.74 None
n23k44 0 K44-e 124 4 False 1 0 2.46 None
n23k44 0 K44-e 115 5 False 1 0 20.71 None
n23k44 0 K44-e 125 4 False 1 0 1.38 None
n23k44 0 K44-e 123 5 False 1 0 4.05 None
n23k44 0 K44-e 126 4 False 1 0 1.04 None
n23k44 0 K44-e 124 5 False 1 0 3.12 None
n23k44 0 K44-e 127 4 False 1 0 2.39 None
n23k44 0 K44-e 125 5 False 1 0 3.09 None
n23k44 0 K44-e 128 4 False 1 0 1.92 None
n23k44 0 K44-e 126 5 False 1 0 3.45 None
n23k44 0 K44-e 130 4 False 1 0 1.61 None
n23k44 0 K44-e 129 4 False 1 0 2.43 None
n23k44 0 K44-e 127 5 False 1 0 4.52 None
n23k44 0 K44-e 131 4 False 1 0 1.02 None
n23k44 0 K44-e 128 5 False 1 0 3.72 None
n23k44 0 K44-e 116 5 False 1 0 26.39 None
n23k44 0 K44-e 130 5 False 1 0 2.18 None
n23k44 0 K44-e 129 5 False 1 0 4.54 None
n23k44 0 K44-e 131 5 False 1 0 2.79 None
n23k44 0 K44-e 132 4 False 1 0 2.32 None
n23k44 0 K44-e 134 4 False 1 0 2.13 None
n23k44 0 K44-e 133 4 False 1 0 4.38 None
n23k44 0 K44-e 135 4 False 1 0 2.29 None
n23k44 0 K44-e 132 5 False 1 0 6.44 None
n23k44 0 K44-e 136 4 False 1 0 2.16 None
n23k44 0 K44-e 136 5 False 1 0 3.96 None
n23k44 0 K44-e 134 5 False 1 0 7.0 None
n23k44 0 K44-e 137 4 False 1 0 2.32 None
n23k44 0 K44-e 135 5 False 1 0 5.97 None
n23k44 0 K44-e 138 4 False 1 0 1.64 None
n23k44 0 K44-e 139 4 False 1 0 2.28 None
n23k44 0 K44-e 137 5 False 1 0 4.73 None
n23k44 0 K44-e 138 5 False 1 0 3.71 None
n23k44 0 K44-e 140 4 False 1 0 3.34 None
n23k44 0 K44-e 141 4 False 1 0 2.3 None
n23k44 0 K44-e 142 4 False 1 0 0.72 None
n23k44 0 K44-e 139 5 False 1 0 5.49 None
n23k44 0 K44-e 142 5 False 1 0 2.25 None
n23k44 0 K44-e 143 4 False 1 0 2.13 None
n23k44 0 K44-e 133 5 False 1 0 16.85 None
n23k44 0 K44-e 144 4 False 1 0 2.11 None
n23k44 0 K44-e 143 5 False 1 0 3.37 None
n23k44 0 K44-e 140 5 False 1 0 7.48 None
n23k44 0 K44-e 145 4 False 1 0 1.04 None
n23k44 0 K44-e 144 5 False 1 0 3.33 None
n23k44 0 K44-e 145 5 False 1 0 2.07 None
n23k44 0 K44-e 147 4 False 1 0 2.76 None
n23k44 0 K44-e 146 4 False 1 0 3.68 None
n23k44 0 K44-e 148 4 False 1 0 2.06 None
n23k44 0 K44-e 149 4 False 1 0 3.27 None
n23k44 0 K44-e 148 5 False 1 0 4.5 None
n23k44 0 K44-e 146 5 False 1 0 7.58 None
n23k44 0 K44-e 150 4 False 1 0 2.41 None
n23k44 0 K44-e 151 4 False 1 0 1.9 None
n23k44 0 K44-e 152 4 False 1 0 1.46 None
n23k44 0 K44-e 147 5 False 1 0 12.17 None
n23k44 0 K44-e 150 5 False 1 0 6.8 None
n23k44 0 K44-e 151 5 False 1 0 5.27 None
n23k44 0 K44-e 149 5 False 1 0 10.73 None
n23k44 0 K44-e 153 4 False 1 0 1.5 None
n23k44 0 K44-e 141 5 False 1 0 21.19 None
n23k44 0 K44-e 154 4 False 1 0 1.33 None
n23k44 0 K44-e 152 5 False 1 0 5.09 None
n23k44 0 K44-e 155 4 False 1 0 1.32 None
n23k44 0 K44-e 153 5 False 1 0 2.83 None
n23k44 0 K44-e 156 4 False 1 0 2.14 None
n23k44 0 K44-e 154 5 False 1 0 3.6 None
n23k44 0 K44-e 157 4 False 1 0 2.48 None
n23k44 0 K44-e 155 5 False 1 0 4.12 None
n23k44 0 K44-e 158 4 False 1 0 1.39 None
n23k44 0 K44-e 156 5 False 1 0 3.76 None
n23k44 0 K44-e 158 5 False 1 0 2.58 None
n23k44 0 K44-e 159 4 False 1 0 1.98 None
n23k44 0 K44-e 160 4 False 1 0 1.56 None
n23k44 0 K44-e 157 5 False 1 0 4.22 None
n23k44 0 K44-e 161 4 False 1 0 1.18 None
n23k44 0 K44-e 159 5 False 1 0 2.77 None
n23k44 0 K44-e 160 5 False 1 0 2.81 None
n23k44 0 K44-e 162 4 False 1 0 1.99 None
n23k44 0 K44-e 161 5 False 1 0 3.01 None
n23k44 0 K44-e 164 4 False 1 0 1.41 None
n23k44 0 K44-e 163 4 False 1 0 2.92 None
n23k44 0 K44-e 162 5 False 1 0 3.51 None
n23k44 0 K44-e 165 4 False 1 0 2.18 None
n23k44 0 K44-e 164 5 False 1 0 3.84 None
n23k44 0 K44-e 166 4 False 1 0 2.23 None
n23k44 0 K44-e 167 4 False 1 0 1.86 None
n23k44 0 K44-e 168 4 False 1 0 1.54 None
n23k44 0 K44-e 165 5 False 1 0 5.52 None
n23k44 0 K44-e 168 5 False 1 0 3.03 None
n23k44 0 K44-e 163 5 False 1 0 9.0 None
n23k44 0 K44-e 169 4 False 1 0 2.62 None
n23k44 0 K44-e 167 5 False 1 0 4.53 None
n23k44 0 K44-e 170 4 False 1 0 1.83 None
n23k44 0 K44-e 169 5 False 1 0 4.85 None
n23k44 0 K44-e 170 5 False 1 0 3.61 None
n23k44 0 K44-e 172 4 False 1 0 2.24 None
n23k44 0 K44-e 171 4 False 1 0 3.88 None
n23k44 0 K44-e 174 4 False 1 0 1.97 None
n23k44 0 K44-e 173 4 False 1 0 2.99 None
n23k44 0 K44-e 172 5 False 1 0 3.86 None
n23k44 0 K44-e 171 5 False 1 0 8.11 None
n23k44 0 K44-e 175 4 False 1 0 2.47 None
n23k44 0 K44-e 174 5 False 1 0 4.45 None
n23k44 0 K44-e 166 5 False 1 0 17.16 None
n23k44 0 K44-e 176 4 False 1 0 3.71 None
n23k44 0 K44-e 175 5 False 1 0 5.1 None
n23k44 0 K44-e 173 5 False 1 0 8.65 None
n23k44 0 K44-e 177 4 False 1 0 3.33 None
n23k44 0 K44-e 178 4 False 1 0 2.7 None
n23k44 0 K44-e 179 4 False 1 0 2.38 None
n23k44 0 K44-e 176 5 False 1 0 7.02 None
n23k44 0 K44-e 180 4 False 1 0 2.62 None
n23k44 0 K44-e 181 4 False 1 0 3.1 None
n23k44 0 K44-e 180 5 False 1 0 4.57 None
n23k44 0 K44-e 179 5 False 1 0 5.78 None
n23k44 0 K44-e 183 4 False 1 0 2.54 None
n23k44 0 K44-e 182 4 False 1 0 3.67 None
n23k44 0 K44-e 181 5 False 1 0 7.99 None
n23k44 0 K44-e 177 5 False 1 0 15.62 None
n23k44 0 K44-e 184 4 False 1 0 3.71 None
n23k44 0 K44-e 182 5 False 1 0 8.06 None
n23k44 0 K44-e 178 5 False 1 0 16.73 None
n23k44 0 K44-e 185 4 False 1 0 3.06 None
n23k44 0 K44-e 186 4 False 1 0 3.1 None
n23k44 0 K44-e 187 4 False 1 0 3.73 None
n23k44 0 K44-e 185 5 False 1 0 7.73 None
n23k44 0 K44-e 186 5 False 1 0 7.28 None
n23k44 0 K44-e 183 5 False 1 0 14.4 None
n23k44 0 K44-e 188 4 False 1 0 3.44 None
n23k44 0 K44-e 184 5 False 1 0 14.22 None
n23k44 0 K44-e 189 4 False 1 0 3.21 None
n23k44 0 K44-e 190 4 False 1 0 2.89 None
n23k44 0 K44-e 187 5 False 1 0 9.44 None
n23k44 0 K44-e 191 4 False 1 0 3.05 None
n23k44 0 K44-e 188 5 False 1 0 8.43 None
n23k44 0 K44-e 192 4 False 1 0 3.84 None
n23k44 0 K44-e 189 5 False 1 0 8.9 None
n23k44 0 K44-e 193 4 False 1 0 3.78 None
n23k44 0 K44-e 190 5 False 1 0 7.99 None
n23k44 0 K44-e 194 4 False 1 0 2.72 None
n23k44 0 K44-e 191 5 False 1 0 8.98 None
n23k44 0 K44-e 196 4 False 1 0 1.9 None
n23k44 0 K44-e 195 4 False 1 0 3.42 None
n23k44 0 K44-e 192 5 False 1 0 8.75 None
n23k44 0 K44-e 197 4 False 1 0 2.76 None
n23k44 0 K44-e 194 5 False 1 0 8.51 None
n23k44 0 K44-e 196 5 False 1 0 5.94 None
n23k44 0 K44-e 198 4 False 1 0 3.01 None
n23k44 0 K44-e 197 5 False 1 0 6.01 None
n23k44 0 K44-e 199 4 False 1 0 2.31 None
n23k44 0 K44-e 200 4 False 1 0 4.1 None
n23k44 0 K44-e 195 5 False 1 0 13.71 None
n23k44 0 K44-e 193 5 False 1 0 19.23 None
n23k44 0 K44-e 201 4 False 1 0 2.95 None
n23k44 0 K44-e 202 4 False 1 0 3.94 None
n23k44 0 K44-e 200 5 False 1 0 10.25 None
n23k44 0 K44-e 202 5 False 1 0 5.15 None
n23k44 0 K44-e 201 5 False 1 0 7.9 None
n23k44 0 K44-e 203 4 False 1 0 3.52 None
n23k44 0 K44-e 204 4 False 1 0 2.37 None
n23k44 0 K44-e 205 4 False 1 0 1.67 None
n23k44 0 K44-e 199 5 False 1 0 16.31 None
n23k44 0 K44-e 205 5 False 1 0 1.24 None
n23k44 0 K44-e 206 4 False 1 0 1.64 None
n23k44 0 K44-e 207 4 False 1 0 1.55 None
n23k44 0 K44-e 206 5 False 1 0 2.12 None
n23k44 0 K44-e 204 5 False 1 0 5.71 None
n23k44 0 K44-e 198 5 False 1 0 21.14 None
n23k44 0 K44-e 207 5 False 1 0 3.22 None
n23k44 0 K44-e 203 5 False 1 0 10.62 None
# SUMMARY shape=n23k44 mode=enum star=True f2=True: UNSAT 416 SAT 0 UNKNOWN 0 (SAT with one-crossing 0) wall 290.9 s
