mode full_reach
K44 n=20 HA=[] sat=False iters=1 cuts=0
alpha n=20 HA=[] sat=False iters=1 cuts=0
alpha n=20 HA=[('p1', 'q1')] sat=False iters=1 cuts=0
alpha n=20 HA=[('p1', 'y1')] sat=False iters=1 cuts=0
alpha n=20 HA=[('x1', 'q1')] sat=False iters=1 cuts=0
alpha n=20 HA=[('x2', 'y2')] sat=False iters=1 cuts=0
alpha n=20 HA=[('x3', 'y3')] sat=False iters=1 cuts=0
alpha n=20 HA=[('x4', 'y4')] sat=False iters=1 cuts=0
alpha n=20 HA=[('p1', 'q1'), ('p1', 'y1')] sat=False iters=1 cuts=0
alpha n=20 HA=[('p1', 'q1'), ('x1', 'q1')] sat=False iters=1 cuts=0
alpha n=20 HA=[('p1', 'q1'), ('x2', 'y2')] sat=False iters=1 cuts=0
alpha n=20 HA=[('p1', 'q1'), ('x3', 'y3')] sat=False iters=1 cuts=0
alpha n=20 HA=[('p1', 'q1'), ('x4', 'y4')] sat=False iters=1 cuts=0
alpha n=20 HA=[('p1', 'y1'), ('x1', 'q1')] sat=False iters=1 cuts=0
alpha n=20 HA=[('p1', 'y1'), ('x2', 'y2')] sat=False iters=1 cuts=0
alpha n=20 HA=[('p1', 'y1'), ('x3', 'y3')] sat=False iters=1 cuts=0
alpha n=20 HA=[('p1', 'y1'), ('x4', 'y4')] sat=False iters=1 cuts=0
alpha n=20 HA=[('x1', 'q1'), ('x2', 'y2')] sat=False iters=1 cuts=0
alpha n=20 HA=[('x1', 'q1'), ('x3', 'y3')] sat=False iters=1 cuts=0
alpha n=20 HA=[('x1', 'q1'), ('x4', 'y4')] sat=False iters=1 cuts=0
alpha n=20 HA=[('x2', 'y2'), ('x3', 'y3')] sat=False iters=1 cuts=0
alpha n=20 HA=[('x2', 'y2'), ('x4', 'y4')] sat=False iters=1 cuts=0
alpha n=20 HA=[('x3', 'y3'), ('x4', 'y4')] sat=False iters=1 cuts=0
beta n=20 HA=[] sat=False iters=1 cuts=0
beta n=20 HA=[('p1', 'y1')] sat=False iters=1 cuts=0
beta n=20 HA=[('p1', 'y2')] sat=False iters=1 cuts=0
beta n=20 HA=[('x1', 'q1')] sat=False iters=1 cuts=0
beta n=20 HA=[('x2', 'q1')] sat=False iters=1 cuts=0
beta n=20 HA=[('x3', 'y3')] sat=False iters=1 cuts=0
beta n=20 HA=[('x4', 'y4')] sat=False iters=1 cuts=0
beta n=20 HA=[('p1', 'y1'), ('p1', 'y2')] sat=False iters=1 cuts=0
beta n=20 HA=[('p1', 'y1'), ('x1', 'q1')] sat=False iters=1 cuts=0
beta n=20 HA=[('p1', 'y1'), ('x2', 'q1')] sat=False iters=1 cuts=0
beta n=20 HA=[('p1', 'y1'), ('x3', 'y3')] sat=False iters=1 cuts=0
beta n=20 HA=[('p1', 'y1'), ('x4', 'y4')] sat=False iters=1 cuts=0
beta n=20 HA=[('p1', 'y2'), ('x1', 'q1')] sat=False iters=1 cuts=0
beta n=20 HA=[('p1', 'y2'), ('x2', 'q1')] sat=False iters=1 cuts=0
beta n=20 HA=[('p1', 'y2'), ('x3', 'y3')] sat=False iters=1 cuts=0
beta n=20 HA=[('p1', 'y2'), ('x4', 'y4')] sat=False iters=1 cuts=0
beta n=20 HA=[('x1', 'q1'), ('x2', 'q1')] sat=False iters=1 cuts=0
beta n=20 HA=[('x1', 'q1'), ('x3', 'y3')] sat=False iters=1 cuts=0
beta n=20 HA=[('x1', 'q1'), ('x4', 'y4')] sat=False iters=1 cuts=0
beta n=20 HA=[('x2', 'q1'), ('x3', 'y3')] sat=False iters=1 cuts=0
beta n=20 HA=[('x2', 'q1'), ('x4', 'y4')] sat=False iters=1 cuts=0
beta n=20 HA=[('x3', 'y3'), ('x4', 'y4')] sat=False iters=1 cuts=0
