n=20 A=5+5 B=5+5 alpha H[]: no-one-crossing model UNSAT; control without failure clauses SAT
n=20 A=5+5 B=5+5 alpha H[(0, 0)]: no-one-crossing model UNSAT; control without failure clauses SAT
n=20 A=5+5 B=5+5 alpha H[(0, 1)]: no-one-crossing model UNSAT; control without failure clauses SAT
n=20 A=5+5 B=5+5 alpha H[(1, 0)]: no-one-crossing model UNSAT; control without failure clauses SAT
n=20 A=5+5 B=5+5 alpha H[(2, 2)]: no-one-crossing model UNSAT; control without failure clauses SAT
n=20 A=5+5 B=5+5 alpha H[(3, 3)]: no-one-crossing model UNSAT; control without failure clauses SAT
n=20 A=5+5 B=5+5 alpha H[(4, 4)]: no-one-crossing model UNSAT; control without failure clauses SAT
n=20 A=5+5 B=5+5 alpha H[(0, 0), (0, 1)]: no-one-crossing model UNSAT; control without failure clauses SAT
n=20 A=5+5 B=5+5 alpha H[(0, 0), (1, 0)]: no-one-crossing model UNSAT; control without failure clauses SAT
n=20 A=5+5 B=5+5 alpha H[(0, 0), (2, 2)]: no-one-crossing model UNSAT; control without failure clauses SAT
n=20 A=5+5 B=5+5 alpha H[(0, 0), (3, 3)]: no-one-crossing model UNSAT; control without failure clauses SAT
n=20 A=5+5 B=5+5 alpha H[(0, 0), (4, 4)]: no-one-crossing model UNSAT; control without failure clauses SAT
n=20 A=5+5 B=5+5 alpha H[(0, 1), (1, 0)]: no-one-crossing model UNSAT; control without failure clauses SAT
n=20 A=5+5 B=5+5 alpha H[(0, 1), (2, 2)]: no-one-crossing model UNSAT; control without failure clauses SAT
n=20 A=5+5 B=5+5 alpha H[(0, 1), (3, 3)]: no-one-crossing model UNSAT; control without failure clauses SAT
n=20 A=5+5 B=5+5 alpha H[(0, 1), (4, 4)]: no-one-crossing model UNSAT; control without failure clauses SAT
n=20 A=5+5 B=5+5 alpha H[(1, 0), (2, 2)]: no-one-crossing model UNSAT; control without failure clauses SAT
n=20 A=5+5 B=5+5 alpha H[(1, 0), (3, 3)]: no-one-crossing model UNSAT; control without failure clauses SAT
n=20 A=5+5 B=5+5 alpha H[(1, 0), (4, 4)]: no-one-crossing model UNSAT; control without failure clauses SAT
n=20 A=5+5 B=5+5 alpha H[(2, 2), (3, 3)]: no-one-crossing model UNSAT; control without failure clauses SAT
n=20 A=5+5 B=5+5 alpha H[(2, 2), (4, 4)]: no-one-crossing model UNSAT; control without failure clauses SAT
n=20 A=5+5 B=5+5 alpha H[(3, 3), (4, 4)]: no-one-crossing model UNSAT; control without failure clauses SAT
n=20 A=5+5 B=5+5 beta H[]: no-one-crossing model UNSAT; control without failure clauses SAT
n=20 A=5+5 B=5+5 beta H[(0, 1)]: no-one-crossing model UNSAT; control without failure clauses SAT
n=20 A=5+5 B=5+5 beta H[(0, 2)]: no-one-crossing model UNSAT; control without failure clauses SAT
n=20 A=5+5 B=5+5 beta H[(1, 0)]: no-one-crossing model UNSAT; control without failure clauses SAT
n=20 A=5+5 B=5+5 beta H[(2, 0)]: no-one-crossing model UNSAT; control without failure clauses SAT
n=20 A=5+5 B=5+5 beta H[(3, 3)]: no-one-crossing model UNSAT; control without failure clauses SAT
n=20 A=5+5 B=5+5 beta H[(4, 4)]: no-one-crossing model UNSAT; control without failure clauses SAT
n=20 A=5+5 B=5+5 beta H[(0, 1), (0, 2)]: no-one-crossing model UNSAT; control without failure clauses SAT
n=20 A=5+5 B=5+5 beta H[(0, 1), (1, 0)]: no-one-crossing model UNSAT; control without failure clauses SAT
n=20 A=5+5 B=5+5 beta H[(0, 1), (2, 0)]: no-one-crossing model UNSAT; control without failure clauses SAT
n=20 A=5+5 B=5+5 beta H[(0, 1), (3, 3)]: no-one-crossing model UNSAT; control without failure clauses SAT
n=20 A=5+5 B=5+5 beta H[(0, 1), (4, 4)]: no-one-crossing model UNSAT; control without failure clauses SAT
n=20 A=5+5 B=5+5 beta H[(0, 2), (1, 0)]: no-one-crossing model UNSAT; control without failure clauses SAT
n=20 A=5+5 B=5+5 beta H[(0, 2), (2, 0)]: no-one-crossing model UNSAT; control without failure clauses SAT
n=20 A=5+5 B=5+5 beta H[(0, 2), (3, 3)]: no-one-crossing model UNSAT; control without failure clauses SAT
n=20 A=5+5 B=5+5 beta H[(0, 2), (4, 4)]: no-one-crossing model UNSAT; control without failure clauses SAT
n=20 A=5+5 B=5+5 beta H[(1, 0), (2, 0)]: no-one-crossing model UNSAT; control without failure clauses SAT
n=20 A=5+5 B=5+5 beta H[(1, 0), (3, 3)]: no-one-crossing model UNSAT; control without failure clauses SAT
n=20 A=5+5 B=5+5 beta H[(1, 0), (4, 4)]: no-one-crossing model UNSAT; control without failure clauses SAT
n=20 A=5+5 B=5+5 beta H[(2, 0), (3, 3)]: no-one-crossing model UNSAT; control without failure clauses SAT
n=20 A=5+5 B=5+5 beta H[(2, 0), (4, 4)]: no-one-crossing model UNSAT; control without failure clauses SAT
n=20 A=5+5 B=5+5 beta H[(3, 3), (4, 4)]: no-one-crossing model UNSAT; control without failure clauses SAT
n=20 A=K44-e B=6+6: no-one-crossing model UNSAT; control without failure clauses SAT; without B-side constraints UNSAT
n=22 A=5+5 B=6+6 alpha H[]: no-one-crossing model UNSAT; control without failure clauses SAT; without B-side constraints UNSAT
n=22 A=5+5 B=6+6 alpha H[(0, 0)]: no-one-crossing model UNSAT; control without failure clauses SAT; without B-side constraints UNSAT
n=22 A=5+5 B=6+6 alpha H[(0, 1)]: no-one-crossing model UNSAT; control without failure clauses SAT; without B-side constraints UNSAT
n=22 A=5+5 B=6+6 alpha H[(1, 0)]: no-one-crossing model UNSAT; control without failure clauses SAT; without B-side constraints UNSAT
n=22 A=5+5 B=6+6 alpha H[(2, 2)]: no-one-crossing model UNSAT; control without failure clauses SAT; without B-side constraints UNSAT
n=22 A=5+5 B=6+6 alpha H[(3, 3)]: no-one-crossing model UNSAT; control without failure clauses SAT; without B-side constraints UNSAT
n=22 A=5+5 B=6+6 alpha H[(4, 4)]: no-one-crossing model UNSAT; control without failure clauses SAT; without B-side constraints UNSAT
n=22 A=5+5 B=6+6 alpha H[(0, 0), (0, 1)]: no-one-crossing model UNSAT; control without failure clauses SAT; without B-side constraints UNSAT
n=22 A=5+5 B=6+6 alpha H[(0, 0), (1, 0)]: no-one-crossing model UNSAT; control without failure clauses SAT; without B-side constraints UNSAT
n=22 A=5+5 B=6+6 alpha H[(0, 0), (2, 2)]: no-one-crossing model UNSAT; control without failure clauses SAT; without B-side constraints UNSAT
n=22 A=5+5 B=6+6 alpha H[(0, 0), (3, 3)]: no-one-crossing model UNSAT; control without failure clauses SAT; without B-side constraints UNSAT
n=22 A=5+5 B=6+6 alpha H[(0, 0), (4, 4)]: no-one-crossing model UNSAT; control without failure clauses SAT; without B-side constraints UNSAT
n=22 A=5+5 B=6+6 alpha H[(0, 1), (1, 0)]: no-one-crossing model UNSAT; control without failure clauses SAT; without B-side constraints UNSAT
n=22 A=5+5 B=6+6 alpha H[(0, 1), (2, 2)]: no-one-crossing model UNSAT; control without failure clauses SAT; without B-side constraints UNSAT
n=22 A=5+5 B=6+6 alpha H[(0, 1), (3, 3)]: no-one-crossing model UNSAT; control without failure clauses SAT; without B-side constraints UNSAT
n=22 A=5+5 B=6+6 alpha H[(0, 1), (4, 4)]: no-one-crossing model UNSAT; control without failure clauses SAT; without B-side constraints UNSAT
n=22 A=5+5 B=6+6 alpha H[(1, 0), (2, 2)]: no-one-crossing model UNSAT; control without failure clauses SAT; without B-side constraints UNSAT
n=22 A=5+5 B=6+6 alpha H[(1, 0), (3, 3)]: no-one-crossing model UNSAT; control without failure clauses SAT; without B-side constraints UNSAT
n=22 A=5+5 B=6+6 alpha H[(1, 0), (4, 4)]: no-one-crossing model UNSAT; control without failure clauses SAT; without B-side constraints UNSAT
n=22 A=5+5 B=6+6 alpha H[(2, 2), (3, 3)]: no-one-crossing model UNSAT; control without failure clauses SAT; without B-side constraints UNSAT
n=22 A=5+5 B=6+6 alpha H[(2, 2), (4, 4)]: no-one-crossing model UNSAT; control without failure clauses SAT; without B-side constraints UNSAT
n=22 A=5+5 B=6+6 alpha H[(3, 3), (4, 4)]: no-one-crossing model UNSAT; control without failure clauses SAT; without B-side constraints UNSAT
n=22 A=5+5 B=6+6 beta H[]: no-one-crossing model UNSAT; control without failure clauses SAT; without B-side constraints UNSAT
n=22 A=5+5 B=6+6 beta H[(0, 1)]: no-one-crossing model UNSAT; control without failure clauses SAT; without B-side constraints UNSAT
n=22 A=5+5 B=6+6 beta H[(0, 2)]: no-one-crossing model UNSAT; control without failure clauses SAT; without B-side constraints UNSAT
n=22 A=5+5 B=6+6 beta H[(1, 0)]: no-one-crossing model UNSAT; control without failure clauses SAT; without B-side constraints UNSAT
n=22 A=5+5 B=6+6 beta H[(2, 0)]: no-one-crossing model UNSAT; control without failure clauses SAT; without B-side constraints UNSAT
n=22 A=5+5 B=6+6 beta H[(3, 3)]: no-one-crossing model UNSAT; control without failure clauses SAT; without B-side constraints UNSAT
n=22 A=5+5 B=6+6 beta H[(4, 4)]: no-one-crossing model UNSAT; control without failure clauses SAT; without B-side constraints UNSAT
n=22 A=5+5 B=6+6 beta H[(0, 1), (0, 2)]: no-one-crossing model UNSAT; control without failure clauses SAT; without B-side constraints UNSAT
n=22 A=5+5 B=6+6 beta H[(0, 1), (1, 0)]: no-one-crossing model UNSAT; control without failure clauses SAT; without B-side constraints UNSAT
n=22 A=5+5 B=6+6 beta H[(0, 1), (2, 0)]: no-one-crossing model UNSAT; control without failure clauses SAT; without B-side constraints UNSAT
n=22 A=5+5 B=6+6 beta H[(0, 1), (3, 3)]: no-one-crossing model UNSAT; control without failure clauses SAT; without B-side constraints UNSAT
n=22 A=5+5 B=6+6 beta H[(0, 1), (4, 4)]: no-one-crossing model UNSAT; control without failure clauses SAT; without B-side constraints UNSAT
n=22 A=5+5 B=6+6 beta H[(0, 2), (1, 0)]: no-one-crossing model UNSAT; control without failure clauses SAT; without B-side constraints UNSAT
n=22 A=5+5 B=6+6 beta H[(0, 2), (2, 0)]: no-one-crossing model UNSAT; control without failure clauses SAT; without B-side constraints UNSAT
n=22 A=5+5 B=6+6 beta H[(0, 2), (3, 3)]: no-one-crossing model UNSAT; control without failure clauses SAT; without B-side constraints UNSAT
n=22 A=5+5 B=6+6 beta H[(0, 2), (4, 4)]: no-one-crossing model UNSAT; control without failure clauses SAT; without B-side constraints UNSAT
n=22 A=5+5 B=6+6 beta H[(1, 0), (2, 0)]: no-one-crossing model UNSAT; control without failure clauses SAT; without B-side constraints UNSAT
n=22 A=5+5 B=6+6 beta H[(1, 0), (3, 3)]: no-one-crossing model UNSAT; control without failure clauses SAT; without B-side constraints UNSAT
n=22 A=5+5 B=6+6 beta H[(1, 0), (4, 4)]: no-one-crossing model UNSAT; control without failure clauses SAT; without B-side constraints UNSAT
n=22 A=5+5 B=6+6 beta H[(2, 0), (3, 3)]: no-one-crossing model UNSAT; control without failure clauses SAT; without B-side constraints UNSAT
n=22 A=5+5 B=6+6 beta H[(2, 0), (4, 4)]: no-one-crossing model UNSAT; control without failure clauses SAT; without B-side constraints UNSAT
n=22 A=5+5 B=6+6 beta H[(3, 3), (4, 4)]: no-one-crossing model UNSAT; control without failure clauses SAT; without B-side constraints UNSAT
n=22 A=K44-e B=7+7: no-one-crossing model UNSAT; control without failure clauses SAT; without B-side constraints UNSAT
configurations 90 with a model 0
